 HXpump_justplant_sfun

 Timestamp is 578f918d (Wed Jul 20 10:58:21 2016)

 Preferred load address is 0000000180000000

 Start         Length     Name                   Class
 0001:00000000 0003d5e4H .text                   CODE
 0001:0003d5f0 00000092H .text$x                 CODE
 0002:00000000 00000488H .idata$5                DATA
 0002:00000488 00000008H .CRT$XCA                DATA
 0002:00000490 00000008H .CRT$XCZ                DATA
 0002:00000498 00000008H .CRT$XIA                DATA
 0002:000004a0 00000008H .CRT$XIAA               DATA
 0002:000004a8 00000008H .CRT$XIZ                DATA
 0002:000004b0 00004b3cH .rdata                  DATA
 0002:00004ff0 00000008H .rtc$IAA                DATA
 0002:00004ff8 00000008H .rtc$IZZ                DATA
 0002:00005000 00000008H .rtc$TAA                DATA
 0002:00005008 00000008H .rtc$TZZ                DATA
 0002:00005010 00004234H .xdata                  DATA
 0002:00009244 0000008cH .idata$2                DATA
 0002:000092d0 00000014H .idata$3                DATA
 0002:000092e8 00000488H .idata$4                DATA
 0002:00009770 00000a9eH .idata$6                DATA
 0002:0000a210 0000005bH .edata                  DATA
 0003:00000000 000030e8H .data                   DATA
 0003:00003100 00002418H .bss                    DATA
 0004:00000000 000031bcH .pdata                  DATA

  Address         Publics by Value              Rva+Base               Lib:Object

 0000:00000000       ___safe_se_handler_table   0000000000000000     <absolute>
 0000:00000000       ___safe_se_handler_count   0000000000000000     <absolute>
 0000:00000000       __ImageBase                0000000180000000     <linker-defined>
 0001:00000000       sf_c2_HXpump_justplant_get_eml_resolved_functions_info 0000000180001000 f   c2_HXpump_justplant.obj
 0001:00001580       sf_c2_HXpump_justplant_get_check_sum 0000000180002580 f   c2_HXpump_justplant.obj
 0001:00001600       sf_c2_HXpump_justplant_get_autoinheritance_info 0000000180002600 f   c2_HXpump_justplant.obj
 0001:00002450       sf_c2_HXpump_justplant_third_party_uses_info 0000000180003450 f   c2_HXpump_justplant.obj
 0001:00002480       sf_internal_get_sim_state_c2_HXpump_justplant 0000000180003480 f   c2_HXpump_justplant.obj
 0001:00002910       sf_internal_set_sim_state_c2_HXpump_justplant 0000000180003910 f   c2_HXpump_justplant.obj
 0001:00002fc0       c2_HXpump_justplant_method_dispatcher 0000000180003fc0 f   c2_HXpump_justplant.obj
 0001:0000b470       sf_process_check_sum_call  000000018000c470 f   HXpump_justplant_sfun_registry.obj
 0001:0000b4c0       sf_process_autoinheritance_call 000000018000c4c0 f   HXpump_justplant_sfun_registry.obj
 0001:0000b660       sf_process_get_third_party_uses_info_call 000000018000c660 f   HXpump_justplant_sfun_registry.obj
 0001:0000b800       sf_process_get_eml_resolved_functions_info_call 000000018000c800 f   HXpump_justplant_sfun_registry.obj
 0001:0000b980       sf_mex_unlock_call         000000018000c980 f   HXpump_justplant_sfun_registry.obj
 0001:0000ba30       sf_machine_global_initializer_called 000000018000ca30 f   HXpump_justplant_sfun_registry.obj
 0001:0000ba60       sf_machine_global_method_dispatcher 000000018000ca60 f   HXpump_justplant_sfun_registry.obj
 0001:0000bac0       sf_machine_global_terminator 000000018000cac0 f   HXpump_justplant_sfun_registry.obj
 0001:0000bb10       sf_register_machine_exported_symbols 000000018000cb10 f   HXpump_justplant_sfun_registry.obj
 0001:0000bb30       callCustomFcn              000000018000cb30 f   HXpump_justplant_sfun_registry.obj
 0001:0000bb40       sf_machine_global_initializer 000000018000cb40 f   HXpump_justplant_sfun_registry.obj
 0001:0000bbc0       _ssSetStateAbsTol          000000018000cbc0 f   HXpump_justplant_sfun_registry.obj
 0001:0000bca0       _ssGetAbsTol               000000018000cca0 f   HXpump_justplant_sfun_registry.obj
 0001:0000bd10       _ssSetInputPortMatrixDimensions 000000018000cd10 f   HXpump_justplant_sfun_registry.obj
 0001:0000be20       _ssSetOutputPortMatrixDimensions 000000018000ce20 f   HXpump_justplant_sfun_registry.obj
 0001:0000bf30       _ssSetInputPortVectorDimension 000000018000cf30 f   HXpump_justplant_sfun_registry.obj
 0001:0000c000       _ssSetOutputPortVectorDimension 000000018000d000 f   HXpump_justplant_sfun_registry.obj
 0001:0000c0d0       ssIsRunTimeParamTunable    000000018000d0d0 f   HXpump_justplant_sfun_registry.obj
 0001:0000c140       ssGetSFuncBlockHandle      000000018000d140 f   HXpump_justplant_sfun_registry.obj
 0001:0000c1b0       _ssGetCurrentInputPortWidth 000000018000d1b0 f   HXpump_justplant_sfun_registry.obj
 0001:0000c2d0       _ssGetCurrentOutputPortWidth 000000018000d2d0 f   HXpump_justplant_sfun_registry.obj
 0001:0000c3f0       _ssGetCallSystemNumFcnCallDestinations 000000018000d3f0 f   HXpump_justplant_sfun_registry.obj
 0001:0000c460       ssWarning                  000000018000d460 f   HXpump_justplant_sfun_registry.obj
 0001:0000c570       ssGetIsZeroCrossControlDisabled 000000018000d570 f   HXpump_justplant_sfun_registry.obj
 0001:0000c5e0       ssSetIsInputPortUsedForContZcSignal 000000018000d5e0 f   HXpump_justplant_sfun_registry.obj
 0001:0000c650       ssSetZcSignalIsZcElementDisc 000000018000d650 f   HXpump_justplant_sfun_registry.obj
 0001:0000c700       ssSetZcSignalName          000000018000d700 f   HXpump_justplant_sfun_registry.obj
 0001:0000c770       ssSetZcSignalWidth         000000018000d770 f   HXpump_justplant_sfun_registry.obj
 0001:0000c7e0       ssSetZcSignalZcEventType   000000018000d7e0 f   HXpump_justplant_sfun_registry.obj
 0001:0000c850       ssSetZcSignalType          000000018000d850 f   HXpump_justplant_sfun_registry.obj
 0001:0000c8c0       ssSetZcSignalZcTol         000000018000d8c0 f   HXpump_justplant_sfun_registry.obj
 0001:0000c930       ssSetZcSignalNeedsEventNotification 000000018000d930 f   HXpump_justplant_sfun_registry.obj
 0001:0000c9a0       ssCreateAndAddZcSignalInfo 000000018000d9a0 f   HXpump_justplant_sfun_registry.obj
 0001:0000ca10       ssCloneAndAddZcSignalInfo  000000018000da10 f   HXpump_justplant_sfun_registry.obj
 0001:0000ca80       ssGetNumZcSignals          000000018000da80 f   HXpump_justplant_sfun_registry.obj
 0001:0000caf0       ssGetZcSignalVector        000000018000daf0 f   HXpump_justplant_sfun_registry.obj
 0001:0000cb60       ssGetZcSignalZcEvents      000000018000db60 f   HXpump_justplant_sfun_registry.obj
 0001:0000cbd0       ssGetZcSignalName          000000018000dbd0 f   HXpump_justplant_sfun_registry.obj
 0001:0000cc40       ssGetZcSignalWidth         000000018000dc40 f   HXpump_justplant_sfun_registry.obj
 0001:0000ccb0       ssGetZcSignalZcEventType   000000018000dcb0 f   HXpump_justplant_sfun_registry.obj
 0001:0000cd20       ssGetZcSignalType          000000018000dd20 f   HXpump_justplant_sfun_registry.obj
 0001:0000cd90       ssGetZcSignalZcTol         000000018000dd90 f   HXpump_justplant_sfun_registry.obj
 0001:0000ce10       ssGetZcSignalNeedsEventNotification 000000018000de10 f   HXpump_justplant_sfun_registry.obj
 0001:0000ce80       ssGetZcSignalIsZcElementDisc 000000018000de80 f   HXpump_justplant_sfun_registry.obj
 0001:0000cf20       ssGetIsInputPortElementContinuous 000000018000df20 f   HXpump_justplant_sfun_registry.obj
 0001:0000cfc0       _ssGetInputPortSignalPtrsFcn 000000018000dfc0 f   HXpump_justplant_sfun_registry.obj
 0001:0000d280       _ssGetInputPortSignalFcn   000000018000e280 f   HXpump_justplant_sfun_registry.obj
 0001:0000d4a0       _ssSetInputPortDirectFeedThroughFcn 000000018000e4a0 f   HXpump_justplant_sfun_registry.obj
 0001:0000d600       _ssSetInputPortReusableFcn 000000018000e600 f   HXpump_justplant_sfun_registry.obj
 0001:0000d6f0       _ssSetOutputPortReusableFcn 000000018000e6f0 f   HXpump_justplant_sfun_registry.obj
 0001:0000d7d0       ssGetDTypeIdFromMxArray    000000018000e7d0 f   HXpump_justplant_sfun_registry.obj
 0001:0000d8f0       ssWriteRTWStr              000000018000e8f0 f   HXpump_justplant_sfun_registry.obj
 0001:0000d950       ssWriteRTWMxVectParam      000000018000e950 f   HXpump_justplant_sfun_registry.obj
 0001:0000d9b0       ssWriteRTWMx2dMatParam     000000018000e9b0 f   HXpump_justplant_sfun_registry.obj
 0001:0000da30       ssWriteRTWNameValuePair    000000018000ea30 f   HXpump_justplant_sfun_registry.obj
 0001:0000df20       ssWriteRTWParameters       000000018000ef20 f   HXpump_justplant_sfun_registry.obj
 0001:0000e520       ssWriteRTWParamSettings    000000018000f520 f   HXpump_justplant_sfun_registry.obj
 0001:0000ebf0       ssWriteRTWWorkVect         000000018000fbf0 f   HXpump_justplant_sfun_registry.obj
 0001:0000f0f0       mexFunction                00000001800100f0 f   HXpump_justplant_sfun_registry.obj
 0001:00010e20       ProcessMexSfunctionEveryCall 0000000180011e20 f   HXpump_justplant_sfun_registry.obj
 0001:00010f90       HXpump_justplant_initializer 0000000180011f90 f   HXpump_justplant_sfun.obj
 0001:00010fa0       HXpump_justplant_terminator 0000000180011fa0 f   HXpump_justplant_sfun.obj
 0001:00010fb0       sf_HXpump_justplant_method_dispatcher 0000000180011fb0 f   HXpump_justplant_sfun.obj
 0001:00011000       sf_HXpump_justplant_process_check_sum_call 0000000180012000 f   HXpump_justplant_sfun.obj
 0001:00011410       sf_HXpump_justplant_autoinheritance_info 0000000180012410 f   HXpump_justplant_sfun.obj
 0001:00011580       sf_HXpump_justplant_get_eml_resolved_functions_info 0000000180012580 f   HXpump_justplant_sfun.obj
 0001:000116b0       sf_HXpump_justplant_third_party_uses_info 00000001800126b0 f   HXpump_justplant_sfun.obj
 0001:00011800       HXpump_justplant_debug_initialize 0000000180012800 f   HXpump_justplant_sfun.obj
 0001:00011880       HXpump_justplant_register_exported_symbols 0000000180012880 f   HXpump_justplant_sfun.obj
 0001:00011890       load_HXpump_justplant_optimization_info 0000000180012890 f   HXpump_justplant_sfun.obj
 0001:000118e0       unload_HXpump_justplant_optimization_info 00000001800128e0 f   HXpump_justplant_sfun.obj
 0001:00011a00       sf_mex_mx_is_numeric       0000000180012a00 f   sfc_mex:sfc_mex.obj
 0001:00011a40       strcmp_ignore_ws           0000000180012a40 f   sfc_mex:sfc_mex.obj
 0001:00011b80       sf_mex_duplicatearraysafe  0000000180012b80 f   sfc_mex:sfc_mex.obj
 0001:00011ce0       sf_set_error_debugger_context_message_fcn 0000000180012ce0 f   sfc_mex:sfc_mex.obj
 0001:00011cf0       sf_set_debugger_matlab_error_fcn 0000000180012cf0 f   sfc_mex:sfc_mex.obj
 0001:00011d30       sf_set_error_prefix_string 0000000180012d30 f   sfc_mex:sfc_mex.obj
 0001:00011d60       sf_get_error_prefix_string 0000000180012d60 f   sfc_mex:sfc_mex.obj
 0001:00011d70       sf_mex_enter_parallel_region 0000000180012d70 f   sfc_mex:sfc_mex.obj
 0001:00011d80       sf_mex_exit_parallel_region 0000000180012d80 f   sfc_mex:sfc_mex.obj
 0001:00011d90       sf_get_current_jmp_buf_ptr 0000000180012d90 f   sfc_mex:sfc_mex.obj
 0001:00011da0       sf_set_current_jmp_buf_ptr 0000000180012da0 f   sfc_mex:sfc_mex.obj
 0001:00011db0       sf_mex_set_halt_simulation 0000000180012db0 f   sfc_mex:sfc_mex.obj
 0001:00011dc0       sf_mex_get_halt_simulation 0000000180012dc0 f   sfc_mex:sfc_mex.obj
 0001:00011dd0       sf_mex_clear_error_message 0000000180012dd0 f   sfc_mex:sfc_mex.obj
 0001:00011df0       sf_mex_get_error_message_for_read 0000000180012df0 f   sfc_mex:sfc_mex.obj
 0001:00011e00       sf_mex_get_error_message_buffer_length 0000000180012e00 f   sfc_mex:sfc_mex.obj
 0001:00011ee0       sf_mex_warning_message     0000000180012ee0 f   sfc_mex:sfc_mex.obj
 0001:00011f50       sf_mex_v_errbuf_createf    0000000180012f50 f   sfc_mex:sfc_mex.obj
 0001:00011f60       sf_mex_errbuf_createf      0000000180012f60 f   sfc_mex:sfc_mex.obj
 0001:00011f90       sf_mex_v_errbuf_catf       0000000180012f90 f   sfc_mex:sfc_mex.obj
 0001:00011fd0       sf_mex_errbuf_catf         0000000180012fd0 f   sfc_mex:sfc_mex.obj
 0001:00012020       sf_mex_errbuf_copy         0000000180013020 f   sfc_mex:sfc_mex.obj
 0001:00012030       sf_mex_errbuf_clear        0000000180013030 f   sfc_mex:sfc_mex.obj
 0001:00012040       sf_mex_errbuf_isempty      0000000180013040 f   sfc_mex:sfc_mex.obj
 0001:00012140       sf_mex_set_error_status    0000000180013140 f   sfc_mex:sfc_mex.obj
 0001:00012190       sf_mex_error_direct_call   0000000180013190 f   sfc_mex:sfc_mex.obj
 0001:000121b0       sf_mex_error_message_no_long_jump 00000001800131b0 f   sfc_mex:sfc_mex.obj
 0001:000121d0       sf_mex_long_jump_on_error  00000001800131d0 f   sfc_mex:sfc_mex.obj
 0001:00012200       sf_mex_call_matlab         0000000180013200 f   sfc_mex:sfc_mex.obj
 0001:00012320       sf_mex_check_builtin       0000000180013320 f   sfc_mex:sfc_mex.obj
 0001:000123c0       sf_mex_check_builtin_vs    00000001800133c0 f   sfc_mex:sfc_mex.obj
 0001:00012480       sf_mex_check_enum          0000000180013480 f   sfc_mex:sfc_mex.obj
 0001:00012500       sf_mex_create_enum         0000000180013500 f   sfc_mex:sfc_mex.obj
 0001:00012570       sf_mex_get_enum_element    0000000180013570 f   sfc_mex:sfc_mex.obj
 0001:00012580       sf_mex_createcellarray     0000000180013580 f   sfc_mex:sfc_mex.obj
 0001:00012590       sf_mex_setcell             0000000180013590 f   sfc_mex:sfc_mex.obj
 0001:000125a0       sf_mex_getcell             00000001800135a0 f   sfc_mex:sfc_mex.obj
 0001:000125b0       sf_mex_dup                 00000001800135b0 f   sfc_mex:sfc_mex.obj
 0001:000125d0       sf_mex_assign              00000001800135d0 f   sfc_mex:sfc_mex.obj
 0001:00012650       sf_mex_destroy             0000000180013650 f   sfc_mex:sfc_mex.obj
 0001:00012680       mx_array_has_fi_type       0000000180013680 f   sfc_mex:sfc_mex.obj
 0001:000126b0       sf_mex_convert_from_fi     00000001800136b0 f   sfc_mex:sfc_mex.obj
 0001:000127e0       sf_mex_convert_to_double   00000001800137e0 f   sfc_mex:sfc_mex.obj
 0001:00012900       sf_mex_import_fi_vs        0000000180013900 f   sfc_mex:sfc_mex.obj
 0001:00012b30       sf_matrix_matrix_index_ok  0000000180013b30 f   sfc_mex:sfc_mex.obj
 0001:00012bc0       sf_vector_vector_index_ok  0000000180013bc0 f   sfc_mex:sfc_mex.obj
 0001:00012bf0       ssGetCurrentInputPortDimensions_wrapper 0000000180013bf0 f   sfc_mex:sfc_mex.obj
 0001:00012c10       ssGetCurrentOutputPortDimensions_wrapper 0000000180013c10 f   sfc_mex:sfc_mex.obj
 0001:00012c30       sf_mex_emlrt_context_is_debug_mode 0000000180013c30 f   sfc_mex:sfc_mex.obj
 0001:00012c40       sf_mex_emlrt_context_set_debug_mode 0000000180013c40 f   sfc_mex:sfc_mex.obj
 0001:00012c50       sf_mex_emlrtNameCapturePostProcessR2012a 0000000180013c50 f   sfc_mex:sfc_mex.obj
 0001:00012cc0       sf_clear_error_manager_info 0000000180013cc0 f   sfc_mex:sfc_mex.obj
 0001:00012d20       sf_mex_stop_simulation_abruptly_wo_error 0000000180013d20 f   sfc_mex:sfc_mex.obj
 0001:00012d60       sf_mex_error_message       0000000180013d60 f   sfc_mex:sfc_mex.obj
 0001:00012dd0       sf_react_to_error_in_matlab_call 0000000180013dd0 f   sfc_mex:sfc_mex.obj
 0001:00012e00       sf_mex_addfield            0000000180013e00 f   sfc_mex:sfc_mex.obj
 0001:00012ea0       sf_mex_getfield            0000000180013ea0 f   sfc_mex:sfc_mex.obj
 0001:000131a0       sf_mex_check_class         00000001800141a0 f   sfc_mex:sfc_mex.obj
 0001:00013240       sf_mex_is_real             0000000180014240 f   sfc_mex:sfc_mex.obj
 0001:000136b0       sf_mex_decode_encoded_mx_struct_array 00000001800146b0 f   sfc_mex:sfc_mex.obj
 0001:000139a0       sf_mex_lw_bounds_check     00000001800149a0 f   sfc_mex:sfc_mex.obj
 0001:000139d0       sf_mex_lw_size_eq_check_1d 00000001800149d0 f   sfc_mex:sfc_mex.obj
 0001:000139f0       sf_mex_lw_size_eq_check_nd 00000001800149f0 f   sfc_mex:sfc_mex.obj
 0001:00013bd0       sf_mex_lw_dim_size_eq_check 0000000180014bd0 f   sfc_mex:sfc_mex.obj
 0001:00013c00       sf_mex_lw_dim_size_geq_check 0000000180014c00 f   sfc_mex:sfc_mex.obj
 0001:00013c30       sf_mex_lw_sub_assign_size_check_nd 0000000180014c30 f   sfc_mex:sfc_mex.obj
 0001:00013e00       sf_mex_lw_runtime_error_msgid 0000000180014e00 f   sfc_mex:sfc_mex.obj
 0001:00013ef0       sf_mex_lw_matrix_matrix_index_check 0000000180014ef0 f   sfc_mex:sfc_mex.obj
 0001:00013f10       sf_mex_lw_vector_vector_index_check 0000000180014f10 f   sfc_mex:sfc_mex.obj
 0001:00013f50       sf_mex_lw_for_loop_vector_check 0000000180014f50 f   sfc_mex:sfc_mex.obj
 0001:00013fe0       sf_mex_lw_non_negative_check 0000000180014fe0 f   sfc_mex:sfc_mex.obj
 0001:00014020       sf_mex_overflow_error      0000000180015020 f   sfc_mex:sfc_mex.obj
 0001:00014030       sf_mex_dividebyzero_error  0000000180015030 f   sfc_mex:sfc_mex.obj
 0001:00014040       sf_mex_unsafe_enum_error   0000000180015040 f   sfc_mex:sfc_mex.obj
 0001:00014050       sf_emlrtErrHandler         0000000180015050 f   sfc_mex:sfc_mex.obj
 0001:00014130       sf_mex_size_one_check      0000000180015130 f   sfc_mex:sfc_mex.obj
 0001:00014150       sf_mex_printf              0000000180015150 f   sfc_mex:sfc_mex.obj
 0001:00014320       sf_mex_check_size          0000000180015320 f   sfc_mex:sfc_mex.obj
 0001:000145c0       sf_mex_check_struct        00000001800155c0 f   sfc_mex:sfc_mex.obj
 0001:00014820       sf_mex_check_struct_vs     0000000180015820 f   sfc_mex:sfc_mex.obj
 0001:000148b0       sf_mex_check_fi            00000001800158b0 f   sfc_mex:sfc_mex.obj
 0001:000149b0       sf_mex_check_fi_vs         00000001800159b0 f   sfc_mex:sfc_mex.obj
 0001:00014a50       sf_echo_expression         0000000180015a50 f   sfc_mex:sfc_mex.obj
 0001:00014ab0       sf_assertion_failed        0000000180015ab0 f   sfc_mex:sfc_mex.obj
 0001:00014d90       sf_mex_evalin              0000000180015d90 f   sfc_mex:sfc_mex.obj
 0001:00015000       sf_mex_export              0000000180016000 f   sfc_mex:sfc_mex.obj
 0001:000150c0       sf_mex_get_ml_var_no_error 00000001800160c0 f   sfc_mex:sfc_mex.obj
 0001:00015260       sf_mex_get_ml_var          0000000180016260 f   sfc_mex:sfc_mex.obj
 0001:000156f0       ml_set_element_value_in_array 00000001800166f0 f   sfc_mex:sfc_mex.obj
 0001:000167b0       sf_mex_call_impl           00000001800177b0 f   sfc_mex:sfc_mex.obj
 0001:00016bd0       sf_mex_call_debug          0000000180017bd0 f   sfc_mex:sfc_mex.obj
 0001:00016c00       sf_mex_call                0000000180017c00 f   sfc_mex:sfc_mex.obj
 0001:00017250       sf_mex_createstruct        0000000180018250 f   sfc_mex:sfc_mex.obj
 0001:00017360       sf_mex_createstructarray   0000000180018360 f   sfc_mex:sfc_mex.obj
 0001:000173e0       sf_mex_get_mx_datatype_from_sf_datatype 00000001800183e0 f   sfc_mex:sfc_mex.obj
 0001:000176f0       sf_mex_ml_var_sub          00000001800186f0 f   sfc_mex:sfc_mex.obj
 0001:000178d0       sf_mex_ml_var_subsasgn     00000001800188d0 f   sfc_mex:sfc_mex.obj
 0001:00017cd0       sf_mex_sub                 0000000180018cd0 f   sfc_mex:sfc_mex.obj
 0001:00017ee0       sf_mex_subsasgn            0000000180018ee0 f   sfc_mex:sfc_mex.obj
 0001:000183f0       sf_mex_create              00000001800193f0 f   sfc_mex:sfc_mex.obj
 0001:00018d90       sf_mex_import_named        0000000180019d90 f   sfc_mex:sfc_mex.obj
 0001:00018df0       sf_mex_import              0000000180019df0 f   sfc_mex:sfc_mex.obj
 0001:00018e40       sf_mex_import_vs           0000000180019e40 f   sfc_mex:sfc_mex.obj
 0001:00018f50       sf_mex_lower_fixpt_mx_array 0000000180019f50 f   sfc_mex:sfc_mex.obj
 0001:00019250       sf_send_message_wrapper    000000018001a250 f   sfc_mex:sfc_sf.obj
 0001:00019280       sf_receive_message_wrapper 000000018001a280 f   sfc_mex:sfc_sf.obj
 0001:000192c0       sf_check_out_message_wrapper 000000018001a2c0 f   sfc_mex:sfc_sf.obj
 0001:00019300       sf_check_in_message_wrapper 000000018001a300 f   sfc_mex:sfc_sf.obj
 0001:00019340       sf_no_message_wrapper      000000018001a340 f   sfc_mex:sfc_sf.obj
 0001:000196d0       sim_mode_is_rtw_gen        000000018001a6d0 f   sfc_mex:sfc_sf.obj
 0001:00019700       sim_mode_is_external       000000018001a700 f   sfc_mex:sfc_sf.obj
 0001:00019710       sim_mode_is_modelref_sim   000000018001a710 f   sfc_mex:sfc_sf.obj
 0001:00019730       mdlInitializeSizes         000000018001a730 f   sfc_mex:sfc_sf.obj
 0001:00019750       mdlInitializeSampleTimes   000000018001a750 f   sfc_mex:sfc_sf.obj
 0001:00019790       mdlZeroCrossings           000000018001a790 f   sfc_mex:sfc_sf.obj
 0001:00019880       mdlDerivatives             000000018001a880 f   sfc_mex:sfc_sf.obj
 0001:00019940       mdl_initialize_conditions_processing 000000018001a940 f   sfc_mex:sfc_sf.obj
 0001:00019970       mdlInitializeConditions    000000018001a970 f   sfc_mex:sfc_sf.obj
 0001:00019a30       mdlGetSimState             000000018001aa30 f   sfc_mex:sfc_sf.obj
 0001:00019a40       mdlSetSimState             000000018001aa40 f   sfc_mex:sfc_sf.obj
 0001:00019a50       mdl_ext_mode_exec_processing 000000018001aa50 f   sfc_mex:sfc_sf.obj
 0001:00019a70       mdlExtModeExec             000000018001aa70 f   sfc_mex:sfc_sf.obj
 0001:00019c10       mdlTerminate               000000018001ac10 f   sfc_mex:sfc_sf.obj
 0001:00019c80       mdlRTW                     000000018001ac80 f   sfc_mex:sfc_sf.obj
 0001:00019cb0       mdlSetWorkWidths           000000018001acb0 f   sfc_mex:sfc_sf.obj
 0001:00019cc0       mdlProcessParameters       000000018001acc0 f   sfc_mex:sfc_sf.obj
 0001:00019cd0       mdl_start_processing       000000018001acd0 f   sfc_mex:sfc_sf.obj
 0001:00019d30       mdlStart                   000000018001ad30 f   sfc_mex:sfc_sf.obj
 0001:00019e40       mdlEnable                  000000018001ae40 f   sfc_mex:sfc_sf.obj
 0001:00019f20       mdlDisable                 000000018001af20 f   sfc_mex:sfc_sf.obj
 0001:00019fe0       sf_get_chart_instance_ptr  000000018001afe0 f   sfc_mex:sfc_sf.obj
 0001:0001a000       sf_load_rtw_optimization_info 000000018001b000 f   sfc_mex:sfc_sf.obj
 0001:0001a0d0       sf_update_buildInfo        000000018001b0d0 f   sfc_mex:sfc_sf.obj
 0001:0001a1d0       sf_rtw_info_uint_prop      000000018001b1d0 f   sfc_mex:sfc_sf.obj
 0001:0001a310       sf_is_chart_inlinable      000000018001b310 f   sfc_mex:sfc_sf.obj
 0001:0001a330       sf_mark_output_events_with_multiple_callers 000000018001b330 f   sfc_mex:sfc_sf.obj
 0001:0001a4c0       sf_mark_chart_reusable_outputs 000000018001b4c0 f   sfc_mex:sfc_sf.obj
 0001:0001a720       sf_mark_chart_expressionable_inputs 000000018001b720 f   sfc_mex:sfc_sf.obj
 0001:0001a980       sf_get_subchart_simstruct  000000018001b980 f   sfc_mex:sfc_sf.obj
 0001:0001a9d0       sf_get_fixpt_data_type_id  000000018001b9d0 f   sfc_mex:sfc_sf.obj
 0001:0001aa10       sf_get_enum_data_type_id   000000018001ba10 f   sfc_mex:sfc_sf.obj
 0001:0001aa50       sf_get_param_data_type_id  000000018001ba50 f   sfc_mex:sfc_sf.obj
 0001:0001aa80       sf_mex_listen_for_ctrl_c_force 000000018001ba80 f   sfc_mex:sfc_sf.obj
 0001:0001ab90       sf_mex_draw_now            000000018001bb90 f   sfc_mex:sfc_sf.obj
 0001:0001abd0       sf_mex_set_debugger_sim_status_listener_fcn 000000018001bbd0 f   sfc_mex:sfc_sf.obj
 0001:0001abe0       sf_mex_listen_for_ctrl_c   000000018001bbe0 f   sfc_mex:sfc_sf.obj
 0001:0001ac80       sf_mex_get_sfun_param      000000018001bc80 f   sfc_mex:sfc_sf.obj
 0001:0001acd0       sf_get_runtime_param_data  000000018001bcd0 f   sfc_mex:sfc_sf.obj
 0001:0001ad10       sf_call_output_fcn_call    000000018001bd10 f   sfc_mex:sfc_sf.obj
 0001:0001ae50       sf_call_output_fcn_enable  000000018001be50 f   sfc_mex:sfc_sf.obj
 0001:0001aee0       sf_call_output_fcn_disable 000000018001bee0 f   sfc_mex:sfc_sf.obj
 0001:0001af70       sf_clear_rtw_identifier    000000018001bf70 f   sfc_mex:sfc_sf.obj
 0001:0001b790       sf_set_encoded_dwork_info  000000018001c790 f   sfc_mex:sfc_sf.obj
 0001:0001b7e0       sf_get_dwork_info_from_mat_file 000000018001c7e0 f   sfc_mex:sfc_sf.obj
 0001:0001b9a0       sf_set_rtw_dwork_info      000000018001c9a0 f   sfc_mex:sfc_sf.obj
 0001:0001bb10       mdlOutputs                 000000018001cb10 f   sfc_mex:sfc_sf.obj
 0001:0001bc30       sf_debug_chart_instance_initialized_quick 000000018001cc30 f   sfc_debug:sfcdebug.obj
 0001:0001bcb0       sf_debug_disp              000000018001ccb0 f   sfc_debug:sfcdebug.obj
 0001:0001bf80       sf_debug_data_runtime_size_mismatch_error_check 000000018001cf80 f   sfc_debug:sfcdebug.obj
 0001:0001c030       sf_debug_try_loading_machine 000000018001d030 f   sfc_debug:sfcdebug.obj
 0001:0001c130       sf_debug_reset_current_state_configuration 000000018001d130 f   sfc_debug:sfcdebug.obj
 0001:0001c1b0       sf_debug_store_current_state_configuration 000000018001d1b0 f   sfc_debug:sfcdebug.obj
 0001:0001c230       sf_debug_restore_previous_state_configuration 000000018001d230 f   sfc_debug:sfcdebug.obj
 0001:0001c2b0       sf_debug_restore_previous_state_configuration2 000000018001d2b0 f   sfc_debug:sfcdebug.obj
 0001:0001c330       sf_debug_get_event_scope   000000018001d330 f   sfc_debug:sfcdebug.obj
 0001:0001c4a0       use_debugger_step_animation 000000018001d4a0 f   sfc_debug:sfcdebug.obj
 0001:0001c4c0       sf_debug_get_script_id     000000018001d4c0 f   sfc_debug:sfcdebug.obj
 0001:0001c550       sf_debug_set_script_translation 000000018001d550 f   sfc_debug:sfcdebug.obj
 0001:0001c6d0       sf_debug_extract_message_post_receive_info 000000018001d6d0 f   sfc_debug:sfcdebug.obj
 0001:0001c890       sf_debug_get_current_machine_id 000000018001d890 f   sfc_debug:sfcdebug.obj
 0001:0001c8b0       sf_debug_get_current_optional_integer 000000018001d8b0 f   sfc_debug:sfcdebug.obj
 0001:0001c8c0       sf_debug_get_current_machine_number 000000018001d8c0 f   sfc_debug:sfcdebug.obj
 0001:0001c8e0       sf_debug_get_current_machine_name 000000018001d8e0 f   sfc_debug:sfcdebug.obj
 0001:0001c900       sf_debug_get_current_chart_id 000000018001d900 f   sfc_debug:sfcdebug.obj
 0001:0001c940       sf_debug_get_current_chart_number 000000018001d940 f   sfc_debug:sfcdebug.obj
 0001:0001c950       sf_debug_get_current_instance_number 000000018001d950 f   sfc_debug:sfcdebug.obj
 0001:0001c960       sf_debug_get_current_is_minor_time_step 000000018001d960 f   sfc_debug:sfcdebug.obj
 0001:0001c9e0       sf_debug_get_current_object_type 000000018001d9e0 f   sfc_debug:sfcdebug.obj
 0001:0001c9f0       sf_debug_get_current_instance_handle 000000018001d9f0 f   sfc_debug:sfcdebug.obj
 0001:0001ca50       sf_debug_get_current_event_type 000000018001da50 f   sfc_debug:sfcdebug.obj
 0001:0001ca60       sf_debug_get_current_object_id 000000018001da60 f   sfc_debug:sfcdebug.obj
 0001:0001caa0       sf_debug_get_current_active_event_type 000000018001daa0 f   sfc_debug:sfcdebug.obj
 0001:0001cab0       sf_debug_get_current_active_event_id 000000018001dab0 f   sfc_debug:sfcdebug.obj
 0001:0001caf0       sf_debug_get_current_tag_type 000000018001daf0 f   sfc_debug:sfcdebug.obj
 0001:0001cb00       sf_debug_get_current_simulation_time 000000018001db00 f   sfc_debug:sfcdebug.obj
 0001:0001cb10       sf_debug_get_current_coverage_percentage 000000018001db10 f   sfc_debug:sfcdebug.obj
 0001:0001cb20       sf_debug_current_statement_context 000000018001db20 f   sfc_debug:sfcdebug.obj
 0001:0001cba0       sf_debug_get_current_statement_info 000000018001dba0 f   sfc_debug:sfcdebug.obj
 0001:0001cd40       sf_debug_terminate_instance 000000018001dd40 f   sfc_debug:sfcdebug.obj
 0001:0001d060       sf_debug_assertion_failed  000000018001e060 f   sfc_debug:sfcdebug.obj
 0001:0001d230       sf_debug_create_debug_instance_struct 000000018001e230 f   sfc_debug:sfcdebug.obj
 0001:0001d280       sf_debug_set_number_of_data_with_change_event_for_machine 000000018001e280 f   sfc_debug:sfcdebug.obj
 0001:0001d2d0       sf_debug_set_machine_event_thresholds 000000018001e2d0 f   sfc_debug:sfcdebug.obj
 0001:0001d2f0       sf_debug_set_machine_event_scope 000000018001e2f0 f   sfc_debug:sfcdebug.obj
 0001:0001d340       sf_debug_set_machine_data_thresholds 000000018001e340 f   sfc_debug:sfcdebug.obj
 0001:0001d390       sf_debug_set_machine_data_scope 000000018001e390 f   sfc_debug:sfcdebug.obj
 0001:0001d430       sf_debug_set_machine_data_name 000000018001e430 f   sfc_debug:sfcdebug.obj
 0001:0001d4e0       sf_debug_set_machine_data_size 000000018001e4e0 f   sfc_debug:sfcdebug.obj
 0001:0001d630       sf_debug_set_machine_data_type 000000018001e630 f   sfc_debug:sfcdebug.obj
 0001:0001d7a0       sf_debug_get_chart_data_number 000000018001e7a0 f   sfc_debug:sfcdebug.obj
 0001:0001d7c0       sf_debug_get_chart_event_number 000000018001e7c0 f   sfc_debug:sfcdebug.obj
 0001:0001d7e0       sf_debug_set_chart_state_info 000000018001e7e0 f   sfc_debug:sfcdebug.obj
 0001:0001d870       sf_debug_set_chart_decomposition 000000018001e870 f   sfc_debug:sfcdebug.obj
 0001:0001d8e0       sf_debug_set_chart_substate_count 000000018001e8e0 f   sfc_debug:sfcdebug.obj
 0001:0001d9c0       sf_debug_set_chart_substate_index 000000018001e9c0 f   sfc_debug:sfcdebug.obj
 0001:0001da40       sf_debug_set_chart_state_substate_count 000000018001ea40 f   sfc_debug:sfcdebug.obj
 0001:0001db60       sf_debug_set_chart_state_substate_index 000000018001eb60 f   sfc_debug:sfcdebug.obj
 0001:0001dbf0       sf_debug_set_number_of_data_with_change_event_for_chart 000000018001ebf0 f   sfc_debug:sfcdebug.obj
 0001:0001dc80       sf_debug_set_number_of_states_with_entry_event_for_chart 000000018001ec80 f   sfc_debug:sfcdebug.obj
 0001:0001dd00       sf_debug_set_number_of_states_with_exit_event_for_chart 000000018001ed00 f   sfc_debug:sfcdebug.obj
 0001:0001dd80       sf_debug_set_chart_disable_implicit_casting 000000018001ed80 f   sfc_debug:sfcdebug.obj
 0001:0001ddf0       sf_debug_set_chart_event_thresholds 000000018001edf0 f   sfc_debug:sfcdebug.obj
 0001:0001de70       sf_debug_set_chart_data_compiled_props 000000018001ee70 f   sfc_debug:sfcdebug.obj
 0001:0001e1b0       sf_debug_set_chart_data_props 000000018001f1b0 f   sfc_debug:sfcdebug.obj
 0001:0001e4d0       sf_debug_check_fi_license  000000018001f4d0 f   sfc_debug:sfcdebug.obj
 0001:0001e690       sf_debug_symbol_scope_push 000000018001f690 f   sfc_debug:sfcdebug.obj
 0001:0001e6d0       sf_debug_symbol_scope_push_eml 000000018001f6d0 f   sfc_debug:sfcdebug.obj
 0001:0001e720       sf_debug_symbol_scope_pop  000000018001f720 f   sfc_debug:sfcdebug.obj
 0001:0001e760       sf_debug_symbol_scope_add_importable 000000018001f760 f   sfc_debug:sfcdebug.obj
 0001:0001e7e0       sf_debug_symbol_scope_add  000000018001f7e0 f   sfc_debug:sfcdebug.obj
 0001:0001e860       sf_debug_symbol_scope_add_dyn_importable 000000018001f860 f   sfc_debug:sfcdebug.obj
 0001:0001e920       sf_debug_symbol_scope_add_dyn 000000018001f920 f   sfc_debug:sfcdebug.obj
 0001:0001e960       sf_debug_symbol_scope_add_eml_importable 000000018001f960 f   sfc_debug:sfcdebug.obj
 0001:0001e9a0       sf_debug_symbol_scope_add_eml 000000018001f9a0 f   sfc_debug:sfcdebug.obj
 0001:0001e9e0       sf_debug_symbol_scope_add_eml_dyn_importable 000000018001f9e0 f   sfc_debug:sfcdebug.obj
 0001:0001ea40       sf_debug_symbol_scope_add_eml_dyn 000000018001fa40 f   sfc_debug:sfcdebug.obj
 0001:0001eaa0       sf_debug_symbol_switch     000000018001faa0 f   sfc_debug:sfcdebug.obj
 0001:0001eac0       sf_debug_symbol_scope_add_verbose 000000018001fac0 f   sfc_debug:sfcdebug.obj
 0001:0001eb90       sf_debug_set_machine_data_value_ptr 000000018001fb90 f   sfc_debug:sfcdebug.obj
 0001:0001ebd0       sf_debug_set_instance_data_value_ptr 000000018001fbd0 f   sfc_debug:sfcdebug.obj
 0001:0001eca0       sf_debug_unset_instance_data_value_ptr 000000018001fca0 f   sfc_debug:sfcdebug.obj
 0001:0001ed50       sf_debug_set_chart_event_scope 000000018001fd50 f   sfc_debug:sfcdebug.obj
 0001:0001edd0       sf_debug_set_chart_transition_coverage_maps 000000018001fdd0 f   sfc_debug:sfcdebug.obj
 0001:0001eed0       sf_debug_set_chart_state_coverage_maps 000000018001fed0 f   sfc_debug:sfcdebug.obj
 0001:0001efa0       sf_debug_set_instance_transition_coverage_weights 000000018001ffa0 f   sfc_debug:sfcdebug.obj
 0001:0001f030       sf_debug_set_instance_state_coverage_weights 0000000180020030 f   sfc_debug:sfcdebug.obj
 0001:0001f280       sf_debug_unload_machine    0000000180020280 f   sfc_debug:sfcdebug.obj
 0001:0001f2d0       sf_debug_load_machine      00000001800202d0 f   sfc_debug:sfcdebug.obj
 0001:0001f3e0       sf_debug_set_active_instance_in_data_dictionary 00000001800203e0 f   sfc_debug:sfcdebug.obj
 0001:0001f5c0       sf_debug_set_active_instance 00000001800205c0 f   sfc_debug:sfcdebug.obj
 0001:0001f720       sf_debug_chart_visiblity_change 0000000180020720 f   sfc_debug:sfcdebug.obj
 0001:0001f810       sf_debug_select_chart      0000000180020810 f   sfc_debug:sfcdebug.obj
 0001:0001f970       sf_debug_set_instance_cv_ids 0000000180020970 f   sfc_debug:sfcdebug.obj
 0001:0001fca0       sf_debug_select_charts     0000000180020ca0 f   sfc_debug:sfcdebug.obj
 0001:0001fe50       sf_debug_initialized       0000000180020e50 f   sfc_debug:sfcdebug.obj
 0001:0001fe70       sf_debug_is_uninterruptible 0000000180020e70 f   sfc_debug:sfcdebug.obj
 0001:0001fea0       sf_debug_initialize_debugger_gui 0000000180020ea0 f   sfc_debug:sfcdebug.obj
 0001:00020280       sf_debug_resume            0000000180021280 f   sfc_debug:sfcdebug.obj
 0001:000202a0       sf_debug_go                00000001800212a0 f   sfc_debug:sfcdebug.obj
 0001:000202b0       sf_debug_break             00000001800212b0 f   sfc_debug:sfcdebug.obj
 0001:000202c0       sf_debug_step_over         00000001800212c0 f   sfc_debug:sfcdebug.obj
 0001:000202d0       sf_debug_step_out          00000001800212d0 f   sfc_debug:sfcdebug.obj
 0001:000202e0       sf_debug_set_disable_all_breakpoints 00000001800212e0 f   sfc_debug:sfcdebug.obj
 0001:000202f0       sf_debug_disable_all_breakpoints_and_go 00000001800212f0 f   sfc_debug:sfcdebug.obj
 0001:00020300       sf_debug_break_on_chart_entry 0000000180021300 f   sfc_debug:sfcdebug.obj
 0001:00020310       sf_debug_break_on_event_broadcast 0000000180021310 f   sfc_debug:sfcdebug.obj
 0001:00020320       sf_debug_break_on_state_entry 0000000180021320 f   sfc_debug:sfcdebug.obj
 0001:00020330       sf_debug_break_between_times 0000000180021330 f   sfc_debug:sfcdebug.obj
 0001:00020350       sf_debug_browse_data       0000000180021350 f   sfc_debug:sfcdebug.obj
 0001:00020360       sf_debug_watch_data        0000000180021360 f   sfc_debug:sfcdebug.obj
 0001:00020390       sf_debug_assign_data       0000000180021390 f   sfc_debug:sfcdebug.obj
 0001:000203a0       sf_debug_whos              00000001800213a0 f   sfc_debug:sfcdebug.obj
 0001:000203c0       sf_debug_get_consistency_info 00000001800213c0 f   sfc_debug:sfcdebug.obj
 0001:000203d0       sf_debug_browse_trace      00000001800213d0 f   sfc_debug:sfcdebug.obj
 0001:000203e0       sf_debug_set_breakpoints   00000001800213e0 f   sfc_debug:sfcdebug.obj
 0001:00020550       sf_debug_set_eml_breakpoints 0000000180021550 f   sfc_debug:sfcdebug.obj
 0001:000206b0       sf_debug_set_script_breakpoints 00000001800216b0 f   sfc_debug:sfcdebug.obj
 0001:00020730       sf_debug_add_script_breakpoints 0000000180021730 f   sfc_debug:sfcdebug.obj
 0001:000207a0       sf_debug_clear_script_breakpoints 00000001800217a0 f   sfc_debug:sfcdebug.obj
 0001:00020810       sf_debug_query_script_breakpoints 0000000180021810 f   sfc_debug:sfcdebug.obj
 0001:000208c0       sf_debug_get_eml_script_id 00000001800218c0 f   sfc_debug:sfcdebug.obj
 0001:00020910       sf_debug_set_watch         0000000180021910 f   sfc_debug:sfcdebug.obj
 0001:00020b30       sf_debug_get_instance_handle 0000000180021b30 f   sfc_debug:sfcdebug.obj
 0001:00020bc0       sf_debug_get_active_states 0000000180021bc0 f   sfc_debug:sfcdebug.obj
 0001:00020bd0       sf_debug_set_honor_breakpoints 0000000180021bd0 f   sfc_debug:sfcdebug.obj
 0001:00020be0       sf_debug_get_animation     0000000180021be0 f   sfc_debug:sfcdebug.obj
 0001:00020bf0       sf_debug_set_animation     0000000180021bf0 f   sfc_debug:sfcdebug.obj
 0001:00020c00       sf_debug_animate           0000000180021c00 f   sfc_debug:sfcdebug.obj
 0001:00020c20       sf_debug_cycle_detection_check 0000000180021c20 f   sfc_debug:sfcdebug.obj
 0001:00020c30       sf_debug_data_range_check  0000000180021c30 f   sfc_debug:sfcdebug.obj
 0001:00020c40       sf_debug_transition_conflict_check 0000000180021c40 f   sfc_debug:sfcdebug.obj
 0001:00020c50       sf_debug_state_consistency_check 0000000180021c50 f   sfc_debug:sfcdebug.obj
 0001:00020c60       sf_debug_data_range_check_enabled 0000000180021c60 f   sfc_debug:sfcdebug.obj
 0001:00020c80       sf_debug_transition_conflict_check_enabled 0000000180021c80 f   sfc_debug:sfcdebug.obj
 0001:00020ca0       sf_debug_transition_conflict_check_begin 0000000180021ca0 f   sfc_debug:sfcdebug.obj
 0001:00020cc0       sf_debug_transition_conflict_check_end 0000000180021cc0 f   sfc_debug:sfcdebug.obj
 0001:00020ce0       sf_debug_stop_debugging    0000000180021ce0 f   sfc_debug:sfcdebug.obj
 0001:00020d10       sf_debug_is_cycle_detected 0000000180021d10 f   sfc_debug:sfcdebug.obj
 0001:00020d20       sf_debug_is_array_bounds_detected 0000000180021d20 f   sfc_debug:sfcdebug.obj
 0001:00020d30       sf_debug_get_state_vectors_data_size 0000000180021d30 f   sfc_debug:sfcdebug.obj
 0001:00020d70       sf_debug_get_state_vectors_data 0000000180021d70 f   sfc_debug:sfcdebug.obj
 0001:00020e80       sf_debug_set_state_vectors_data 0000000180021e80 f   sfc_debug:sfcdebug.obj
 0001:00021110       sf_debug_get_script_index  0000000180022110 f   sfc_debug:sfcdebug.obj
 0001:000212a0       sf_debug_add_script        00000001800222a0 f   sfc_debug:sfcdebug.obj
 0001:00021430       cv_eval_point              0000000180022430 f   sfc_debug:sfcdebug.obj
 0001:000215a0       cv_eval_testobjective      00000001800225a0 f   sfc_debug:sfcdebug.obj
 0001:000216b0       sf_debug_cv_init_state     00000001800226b0 f   sfc_debug:sfcdebug.obj
 0001:000217e0       sf_debug_cv_init_chart     00000001800227e0 f   sfc_debug:sfcdebug.obj
 0001:000218d0       sf_debug_cv_init_trans     00000001800228d0 f   sfc_debug:sfcdebug.obj
 0001:000219e0       sf_debug_cv_init_saturation 00000001800229e0 f   sfc_debug:sfcdebug.obj
 0001:00021ae0       sf_debug_cv_init_testobjectives 0000000180022ae0 f   sfc_debug:sfcdebug.obj
 0001:00021cc0       cv_eml_init_script         0000000180022cc0 f   sfc_debug:sfcdebug.obj
 0001:00021de0       cv_eml_init_fcn            0000000180022de0 f   sfc_debug:sfcdebug.obj
 0001:00021ef0       cv_eml_init_testobjective  0000000180022ef0 f   sfc_debug:sfcdebug.obj
 0001:00021fd0       cv_eml_init_saturation     0000000180022fd0 f   sfc_debug:sfcdebug.obj
 0001:000220a0       cv_eml_init_if             00000001800230a0 f   sfc_debug:sfcdebug.obj
 0001:00022180       cv_eml_init_for            0000000180023180 f   sfc_debug:sfcdebug.obj
 0001:00022250       cv_eml_init_while          0000000180023250 f   sfc_debug:sfcdebug.obj
 0001:00022320       cv_eml_init_mcdc           0000000180023320 f   sfc_debug:sfcdebug.obj
 0001:00022440       cv_eml_init_switch         0000000180023440 f   sfc_debug:sfcdebug.obj
 0001:00022540       cv_eml_eval                0000000180023540 f   sfc_debug:sfcdebug.obj
 0001:00022630       sf_debug_bm_is_a_eml_breakpoint 0000000180023630 f   sfc_debug:sfcdebug.obj
 0001:00022780       sf_debug_temporal_threshold 0000000180023780 f   sfc_debug:sfcdebug.obj
 0001:00022af0       sf_debug_transition_conflict_error 0000000180023af0 f   sfc_debug:sfcdebug.obj
 0001:00022e50       sf_debug_state_inconsistency_error 0000000180023e50 f   sfc_debug:sfcdebug.obj
 0001:00022f70       sf_debug_check_for_state_inconsistency 0000000180023f70 f   sfc_debug:sfcdebug.obj
 0001:00022fb0       sf_debug_cycle_detecton_error 0000000180023fb0 f   sfc_debug:sfcdebug.obj
 0001:00023700       sf_debug_size_eq_check_1d  0000000180024700 f   sfc_debug:sfcdebug.obj
 0001:00023720       sf_debug_size_eq_check_nd  0000000180024720 f   sfc_debug:sfcdebug.obj
 0001:00023920       sf_debug_dim_size_eq_check 0000000180024920 f   sfc_debug:sfcdebug.obj
 0001:00023950       sf_debug_dim_size_geq_check 0000000180024950 f   sfc_debug:sfcdebug.obj
 0001:00023980       sf_debug_sub_assign_size_check_nd 0000000180024980 f   sfc_debug:sfcdebug.obj
 0001:00023b60       sf_debug_matrix_matrix_index_check 0000000180024b60 f   sfc_debug:sfcdebug.obj
 0001:00023bb0       sf_debug_vector_vector_index_check 0000000180024bb0 f   sfc_debug:sfcdebug.obj
 0001:00023c00       sf_debug_for_loop_vector_check 0000000180024c00 f   sfc_debug:sfcdebug.obj
 0001:00023ca0       sf_debug_runtime_error_msgid 0000000180024ca0 f   sfc_debug:sfcdebug.obj
 0001:00023d40       sf_debug_data_array_bounds_error_check 0000000180024d40 f   sfc_debug:sfcdebug.obj
 0001:00023e50       sf_debug_eml_data_array_bounds_error_check 0000000180024e50 f   sfc_debug:sfcdebug.obj
 0001:00024310       sf_debug_integer_check     0000000180025310 f   sfc_debug:sfcdebug.obj
 0001:00024400       sf_debug_not_nan_check     0000000180025400 f   sfc_debug:sfcdebug.obj
 0001:000244d0       sf_debug_non_negative_check 00000001800254d0 f   sfc_debug:sfcdebug.obj
 0001:000245a0       sf_debug_overflow_detection 00000001800255a0 f   sfc_debug:sfcdebug.obj
 0001:00024c00       sf_debug_cast_to_real32_T  0000000180025c00 f   sfc_debug:sfcdebug.obj
 0001:00024cd0       sf_debug_cast_to_int8_T    0000000180025cd0 f   sfc_debug:sfcdebug.obj
 0001:00024da0       sf_debug_cast_to_uint8_T   0000000180025da0 f   sfc_debug:sfcdebug.obj
 0001:00024e70       sf_debug_cast_to_int16_T   0000000180025e70 f   sfc_debug:sfcdebug.obj
 0001:00024f40       sf_debug_cast_to_uint16_T  0000000180025f40 f   sfc_debug:sfcdebug.obj
 0001:00025010       sf_debug_cast_to_int32_T   0000000180026010 f   sfc_debug:sfcdebug.obj
 0001:000250e0       sf_debug_cast_to_uint32_T  00000001800260e0 f   sfc_debug:sfcdebug.obj
 0001:000251b0       sf_debug_data_range_error  00000001800261b0 f   sfc_debug:sfcdebug.obj
 0001:000254c0       sf_debug_read_before_write_check 00000001800264c0 f   sfc_debug:sfcdebug.obj
 0001:000258f0       sf_debug_data_range_error_wrapper_min_max 00000001800268f0 f   sfc_debug:sfcdebug.obj
 0001:00025a10       sf_debug_data_range_error_wrapper_min 0000000180026a10 f   sfc_debug:sfcdebug.obj
 0001:00025b20       sf_debug_data_range_error_wrapper_max 0000000180026b20 f   sfc_debug:sfcdebug.obj
 0001:00025c30       sf_debug_data_range_wrapper 0000000180026c30 f   sfc_debug:sfcdebug.obj
 0001:00025cf0       sf_debug_set_current_status_info 0000000180026cf0 f   sfc_debug:sfcdebug.obj
 0001:00026090       sf_debug_register_message_post_receive_info 0000000180027090 f   sfc_debug:sfcdebug.obj
 0001:000262e0       sf_debug_call              00000001800272e0 f   sfc_debug:sfcdebug.obj
 0001:00026c40       sf_debug_initialize_machine 0000000180027c40 f   sfc_debug:sfcdebug.obj
 0001:00026ef0       sf_debug_initialize_chart  0000000180027ef0 f   sfc_debug:sfcdebug.obj
 0001:00027340       sf_debug_ensure_script     0000000180028340 f   sfc_debug:sfcdebug.obj
 0001:000273f0       cv_eval_saturation         00000001800283f0 f   sfc_debug:sfcdebug.obj
 0001:00027570       cv_saturation_accum        0000000180028570 f   sfc_debug:sfcdebug.obj
 0001:000276b0       cv_script_init_script      00000001800286b0 f   sfc_debug:sfcdebug.obj
 0001:000277a0       cv_script_init_fcn         00000001800287a0 f   sfc_debug:sfcdebug.obj
 0001:00027860       cv_script_init_testobjective 0000000180028860 f   sfc_debug:sfcdebug.obj
 0001:00027920       cv_script_init_saturation  0000000180028920 f   sfc_debug:sfcdebug.obj
 0001:000279d0       cv_script_init_if          00000001800289d0 f   sfc_debug:sfcdebug.obj
 0001:00027a90       cv_script_init_for         0000000180028a90 f   sfc_debug:sfcdebug.obj
 0001:00027b40       cv_script_init_while       0000000180028b40 f   sfc_debug:sfcdebug.obj
 0001:00027bf0       cv_script_init_mcdc        0000000180028bf0 f   sfc_debug:sfcdebug.obj
 0001:00027cf0       cv_script_init_switch      0000000180028cf0 f   sfc_debug:sfcdebug.obj
 0001:00027dd0       cv_script_eval             0000000180028dd0 f   sfc_debug:sfcdebug.obj
 0001:00027ea0       eml_debug_line_call        0000000180028ea0 f   sfc_debug:sfcdebug.obj
 0001:00028070       sf_debug_terminate         0000000180029070 f   sfc_debug:sfcdebug.obj
 0001:00028280       sf_debug_set_script_cv_ids 0000000180029280 f   sfc_debug:sfcdebug.obj
 0001:000283b0       sf_debug_api               00000001800293b0 f   sfc_debug:sfc_api.obj
 0001:00029ca0       sf_debug_sm_terminate      000000018002aca0 f   sfc_debug:sfdb_animation.obj
 0001:00029e50       sf_debug_reset_path_objects 000000018002ae50 f   sfc_debug:sfdb_animation.obj
 0001:00029ed0       sf_debug_sm_reset_object_selection_status 000000018002aed0 f   sfc_debug:sfdb_animation.obj
 0001:00029f70       sf_debug_sm_reset_state_buffer 000000018002af70 f   sfc_debug:sfdb_animation.obj
 0001:0002a040       sf_debug_sm_store_state_buffer 000000018002b040 f   sfc_debug:sfdb_animation.obj
 0001:0002a0c0       sf_debug_sm_restore_state_buffer1 000000018002b0c0 f   sfc_debug:sfdb_animation.obj
 0001:0002a130       sf_debug_sm_restore_state_buffer2 000000018002b130 f   sfc_debug:sfdb_animation.obj
 0001:0002a1a0       sf_debug_sm_chart_active   000000018002b1a0 f   sfc_debug:sfdb_animation.obj
 0001:0002a1f0       sf_debug_sm_select_active_objects 000000018002b1f0 f   sfc_debug:sfdb_animation.obj
 0001:0002a6c0       sf_debug_sm_is_chart_active 000000018002b6c0 f   sfc_debug:sfdb_animation.obj
 0001:0002a700       sf_debug_sm_is_state_active 000000018002b700 f   sfc_debug:sfdb_animation.obj
 0001:0002a940       sf_debug_sm_get_active_states 000000018002b940 f   sfc_debug:sfdb_animation.obj
 0001:0002aef0       sf_debug_sm_initialize_instance 000000018002bef0 f   sfc_debug:sfdb_animation.obj
 0001:0002b100       sf_debug_sm_change_object_selection_status 000000018002c100 f   sfc_debug:sfdb_animation.obj
 0001:0002b3d0       cv_create_interface        000000018002c3d0 f   sfc_debug:cv_sfinterface.obj
 0001:0002b6e0       cv_init_trans              000000018002c6e0 f   sfc_debug:cv_sfinterface.obj
 0001:0002b730       cv_init_saturation         000000018002c730 f   sfc_debug:cv_sfinterface.obj
 0001:0002b770       cv_init_testobjective      000000018002c770 f   sfc_debug:cv_sfinterface.obj
 0001:0002b7b0       cv_init_state              000000018002c7b0 f   sfc_debug:cv_sfinterface.obj
 0001:0002b820       cv_init_chart              000000018002c820 f   sfc_debug:cv_sfinterface.obj
 0001:0002b870       cv_dec_update_call         000000018002c870 f   sfc_debug:cv_sfinterface.obj
 0001:0002b8b0       cv_cond_update_call        000000018002c8b0 f   sfc_debug:cv_sfinterface.obj
 0001:0002b8f0       cv_saturation_update_call  000000018002c8f0 f   sfc_debug:cv_sfinterface.obj
 0001:0002b930       cv_saturation_update_accum 000000018002c930 f   sfc_debug:cv_sfinterface.obj
 0001:0002b970       cv_testobjective_update_call 000000018002c970 f   sfc_debug:cv_sfinterface.obj
 0001:0002b9b0       cv_sigrange_update         000000018002c9b0 f   sfc_debug:cv_sfinterface.obj
 0001:0002b9f0       cvsf_eml_eval              000000018002c9f0 f   sfc_debug:cv_sfinterface.obj
 0001:0002bad0       cvsf_eml_init_script       000000018002cad0 f   sfc_debug:cv_sfinterface.obj
 0001:0002bb60       cvsf_eml_init_fcn          000000018002cb60 f   sfc_debug:cv_sfinterface.obj
 0001:0002bbc0       cvsf_eml_init_testobjective 000000018002cbc0 f   sfc_debug:cv_sfinterface.obj
 0001:0002bc20       cvsf_eml_init_saturation   000000018002cc20 f   sfc_debug:cv_sfinterface.obj
 0001:0002bc70       cvsf_eml_init_if           000000018002cc70 f   sfc_debug:cv_sfinterface.obj
 0001:0002bcd0       cvsf_eml_init_for          000000018002ccd0 f   sfc_debug:cv_sfinterface.obj
 0001:0002bd20       cvsf_eml_init_while        000000018002cd20 f   sfc_debug:cv_sfinterface.obj
 0001:0002bd70       cvsf_eml_init_mcdc         000000018002cd70 f   sfc_debug:cv_sfinterface.obj
 0001:0002be00       cvsf_eml_init_switch       000000018002ce00 f   sfc_debug:cv_sfinterface.obj
 0001:0002be70       cvsf_script_eval           000000018002ce70 f   sfc_debug:cv_sfinterface.obj
 0001:0002bf50       cvsf_script_init_script    000000018002cf50 f   sfc_debug:cv_sfinterface.obj
 0001:0002bfe0       cvsf_script_init_fcn       000000018002cfe0 f   sfc_debug:cv_sfinterface.obj
 0001:0002c040       cvsf_script_init_testobjective 000000018002d040 f   sfc_debug:cv_sfinterface.obj
 0001:0002c0a0       cvsf_script_init_saturation 000000018002d0a0 f   sfc_debug:cv_sfinterface.obj
 0001:0002c0f0       cvsf_script_init_if        000000018002d0f0 f   sfc_debug:cv_sfinterface.obj
 0001:0002c150       cvsf_script_init_for       000000018002d150 f   sfc_debug:cv_sfinterface.obj
 0001:0002c1a0       cvsf_script_init_while     000000018002d1a0 f   sfc_debug:cv_sfinterface.obj
 0001:0002c1f0       cvsf_script_init_mcdc      000000018002d1f0 f   sfc_debug:cv_sfinterface.obj
 0001:0002c280       cvsf_script_init_switch    000000018002d280 f   sfc_debug:cv_sfinterface.obj
 0001:0002c2f0       cv_destroy_interface       000000018002d2f0 f   sfc_debug:cv_sfinterface.obj
 0001:0002c310       cv_create_instance_objects 000000018002d310 f   sfc_debug:cv_sfinterface.obj
 0001:0002c780       cv_is_enabled              000000018002d780 f   sfc_debug:cv_sfinterface.obj
 0001:0002c790       sf_debug_cv_initialize_script 000000018002d790 f   sfc_debug:cv_sfinterface.obj
 0001:0002c920       sf_debug_cv_initialize_instance 000000018002d920 f   sfc_debug:cv_sfinterface.obj
 0001:0002ccb0       sf_debug_cv_terminate_chart 000000018002dcb0 f   sfc_debug:cv_sfinterface.obj
 0001:0002cdd0       cv_call_trans_test         000000018002ddd0 f   sfc_debug:cv_sfinterface.obj
 0001:0002cde0       cv_call_sub_cond_test      000000018002dde0 f   sfc_debug:cv_sfinterface.obj
 0001:0002ce20       sf_debug_st_initialize_machine 000000018002de20 f   sfc_debug:sfdb_data_browse.obj
 0001:0002ced0       sf_debug_st_initialize_instance 000000018002ded0 f   sfc_debug:sfdb_data_browse.obj
 0001:0002d0e0       sf_debug_st_terminate      000000018002e0e0 f   sfc_debug:sfdb_data_browse.obj
 0001:0002d480       sf_debug_st_set_data_value_ptr_in_machine 000000018002e480 f   sfc_debug:sfdb_data_browse.obj
 0001:0002d510       sf_debug_st_set_data_value_ptr_in_instance 000000018002e510 f   sfc_debug:sfdb_data_browse.obj
 0001:0002d5f0       sf_debug_st_unset_data_value_ptr_in_machine 000000018002e5f0 f   sfc_debug:sfdb_data_browse.obj
 0001:0002d660       sf_debug_st_unset_data_value_ptr_in_instance 000000018002e660 f   sfc_debug:sfdb_data_browse.obj
 0001:0002d920       sf_debug_mx_value          000000018002e920 f   sfc_debug:sfdb_data_browse.obj
 0001:0002d980       sf_debug_mx_packed_vector  000000018002e980 f   sfc_debug:sfdb_data_browse.obj
 0001:0002da60       sf_debug_mx_uint_vector    000000018002ea60 f   sfc_debug:sfdb_data_browse.obj
 0001:0002db10       sf_debug_st_get_double_value_from_void_ptr_vector 000000018002eb10 f   sfc_debug:sfdb_data_browse.obj
 0001:0002e5f0       sf_debug_st_browse_data    000000018002f5f0 f   sfc_debug:sfdb_data_browse.obj
 0001:0002ee30       sf_debug_hm_initialize_instance 000000018002fe30 f   sfc_debug:sfdb_handle_management.obj
 0001:0002f310       sf_debug_hm_get_object_id  0000000180030310 f   sfc_debug:sfdb_handle_management.obj
 0001:0002fec0       sf_debug_hm_update_chart_visibility 0000000180030ec0 f   sfc_debug:sfdb_handle_management.obj
 0001:000310b0       sf_debug_object_is_eml_function 00000001800320b0 f   sfc_debug:sfdb_handle_management.obj
 0001:00031120       sf_debug_hm_initialize_ids_in_machine 0000000180032120 f   sfc_debug:sfdb_handle_management.obj
 0001:00031290       sf_debug_hm_initialize_ids_in_chart 0000000180032290 f   sfc_debug:sfdb_handle_management.obj
 0001:00031390       sf_debug_hm_initialize_chart 0000000180032390 f   sfc_debug:sfdb_handle_management.obj
 0001:00031a90       sf_debug_hm_terminate      0000000180032a90 f   sfc_debug:sfdb_handle_management.obj
 0001:00031af0       sf_debug_hm_initialize_machine 0000000180032af0 f   sfc_debug:sfdb_handle_management.obj
 0001:00032210       sf_debug_ss_initialize     0000000180033210 f   sfc_debug:sfdb_symbol_scope.obj
 0001:00032230       sf_debug_ss_terminate      0000000180033230 f   sfc_debug:sfdb_symbol_scope.obj
 0001:000322c0       sf_debug_ss_push_symbol_scope 00000001800332c0 f   sfc_debug:sfdb_symbol_scope.obj
 0001:000323c0       sf_debug_ss_push_symbol_scope_eml 00000001800333c0 f   sfc_debug:sfdb_symbol_scope.obj
 0001:00032420       sf_debug_ss_pop_symbol_scope 0000000180033420 f   sfc_debug:sfdb_symbol_scope.obj
 0001:000324d0       sf_debug_ss_add_symbol     00000001800334d0 f   sfc_debug:sfdb_symbol_scope.obj
 0001:00032640       sf_debug_ss_add_symbol_eml 0000000180033640 f   sfc_debug:sfdb_symbol_scope.obj
 0001:00033540       sf_debug_ss_set_data_value 0000000180034540 f   sfc_debug:sfdb_symbol_scope.obj
 0001:00033990       getInstanceNumber          0000000180034990 f   sfc_debug:sfdb_symbol_scope.obj
 0001:00033a60       sf_debug_ss_watch_data     0000000180034a60 f   sfc_debug:sfdb_symbol_scope.obj
 0001:00033c50       sf_debug_ss_assign_data    0000000180034c50 f   sfc_debug:sfdb_symbol_scope.obj
 0001:00034660       get_data_entry_name        0000000180035660 f   sfc_debug:sfdb_symbol_scope.obj
 0001:000346b0       sf_debug_ss_whos           00000001800356b0 f   sfc_debug:sfdb_symbol_scope.obj
 0001:00034d00       sf_debug_cc_initialize_chart 0000000180035d00 f   sfc_debug:sfdb_coverage.obj
 0001:000356f0       sf_debug_cc_initialize_instance 00000001800366f0 f   sfc_debug:sfdb_coverage.obj
 0001:00036430       sf_debug_cc_terminate      0000000180037430 f   sfc_debug:sfdb_coverage.obj
 0001:00036520       sf_debug_cc_set_transition_maps 0000000180037520 f   sfc_debug:sfdb_coverage.obj
 0001:00036650       sf_debug_cc_set_state_maps 0000000180037650 f   sfc_debug:sfdb_coverage.obj
 0001:00036730       sf_debug_cc_set_transition_weights 0000000180037730 f   sfc_debug:sfdb_coverage.obj
 0001:000369f0       sf_debug_cc_set_state_weights 00000001800379f0 f   sfc_debug:sfdb_coverage.obj
 0001:00036cc0       sf_debug_cc_mark_transition_guard 0000000180037cc0 f   sfc_debug:sfdb_coverage.obj
 0001:00036d50       sf_debug_cc_mark_transition_trigger 0000000180037d50 f   sfc_debug:sfdb_coverage.obj
 0001:00036de0       sf_debug_cc_mark_transition_decision 0000000180037de0 f   sfc_debug:sfdb_coverage.obj
 0001:00036e50       sf_debug_cc_mark_transition_condition_action 0000000180037e50 f   sfc_debug:sfdb_coverage.obj
 0001:00036ea0       sf_debug_cc_mark_transition_transition_action 0000000180037ea0 f   sfc_debug:sfdb_coverage.obj
 0001:00036ef0       sf_debug_cc_mark_state_entry 0000000180037ef0 f   sfc_debug:sfdb_coverage.obj
 0001:00036f40       sf_debug_cc_mark_state_during 0000000180037f40 f   sfc_debug:sfdb_coverage.obj
 0001:00036f90       sf_debug_cc_mark_state_exit 0000000180037f90 f   sfc_debug:sfdb_coverage.obj
 0001:00036fe0       sf_debug_bm_clear_script_breakpoints 0000000180037fe0 f   sfc_debug:sfdb_breakpoints.obj
 0001:00037010       sf_debug_bm_set_script_breakpoint 0000000180038010 f   sfc_debug:sfdb_breakpoints.obj
 0001:00037090       sf_debug_bm_clear_single_script_breakpoint 0000000180038090 f   sfc_debug:sfdb_breakpoints.obj
 0001:00037110       sf_debug_bm_query_script_breakpoint 0000000180038110 f   sfc_debug:sfdb_breakpoints.obj
 0001:00037160       sf_debug_bm_initialize_scripts 0000000180038160 f   sfc_debug:sfdb_breakpoints.obj
 0001:000377f0       sf_debug_bm_terminate      00000001800387f0 f   sfc_debug:sfdb_breakpoints.obj
 0001:00037ad0       sf_debug_bm_remove_all_breakpoints_in_machine 0000000180038ad0 f   sfc_debug:sfdb_breakpoints.obj
 0001:00037b30       sf_debug_bm_remove_all_breakpoints_in_chart 0000000180038b30 f   sfc_debug:sfdb_breakpoints.obj
 0001:00037c80       sf_debug_bm_initialize_global_breakpoints 0000000180038c80 f   sfc_debug:sfdb_breakpoints.obj
 0001:00037e00       sf_debug_bm_set_breakpoint 0000000180038e00 f   sfc_debug:sfdb_breakpoints.obj
 0001:000383c0       sf_debug_bm_set_eml_breakpoint 00000001800393c0 f   sfc_debug:sfdb_breakpoints.obj
 0001:00038450       sf_debug_bm_initialize_machine_breakpoint_map 0000000180039450 f   sfc_debug:sfdb_breakpoints.obj
 0001:00038870       sf_debug_bm_is_a_breakpoint 0000000180039870 f   sfc_debug:sfdb_breakpoints.obj
 0001:00038d90       sf_debug_bm_get_all_breakpoints_in_machine 0000000180039d90 f   sfc_debug:sfdb_breakpoints.obj
 0001:00039090       sf_debug_bm_get_all_breakpoints_in_chart 000000018003a090 f   sfc_debug:sfdb_breakpoints.obj
 0001:00039c20       sf_debug_bm_initialize_machine 000000018003ac20 f   sfc_debug:sfdb_breakpoints.obj
 0001:00039cf0       sf_debug_bm_initialize_chart 000000018003acf0 f   sfc_debug:sfdb_breakpoints.obj
 0001:0003a0e0       sf_debug_sc_terminate      000000018003b0e0 f   sfc_debug:sfdb_state_consistency.obj
 0001:0003a400       sf_debug_sc_is_chart_consistent 000000018003b400 f   sfc_debug:sfdb_state_consistency.obj
 0001:0003a6b0       sf_debug_sc_get_consistency_error_info 000000018003b6b0 f   sfc_debug:sfdb_state_consistency.obj
 0001:0003aac0       sf_debug_tm_terminate      000000018003bac0 f   sfc_debug:sfdb_call_stack.obj
 0001:0003ab70       sf_debug_tm_push_chart_instance 000000018003bb70 f   sfc_debug:sfdb_call_stack.obj
 0001:0003acb0       sf_debug_tm_pop_chart_instance 000000018003bcb0 f   sfc_debug:sfdb_call_stack.obj
 0001:0003ad10       sf_debug_tm_push_trace_node 000000018003bd10 f   sfc_debug:sfdb_call_stack.obj
 0001:0003ae90       sf_debug_tm_pop_trace_node 000000018003be90 f   sfc_debug:sfdb_call_stack.obj
 0001:0003af10       sf_debug_tm_get_current_global_trace_index 000000018003bf10 f   sfc_debug:sfdb_call_stack.obj
 0001:0003af20       sf_debug_tm_get_current_local_trace_index 000000018003bf20 f   sfc_debug:sfdb_call_stack.obj
 0001:0003af50       sf_debug_tm_set_cycle_detected_flag 000000018003bf50 f   sfc_debug:sfdb_call_stack.obj
 0001:0003af90       sf_debug_tm_set_cycle_started_flag 000000018003bf90 f   sfc_debug:sfdb_call_stack.obj
 0001:0003afd0       sf_debug_tm_get_chart_number_from_stack 000000018003bfd0 f   sfc_debug:sfdb_call_stack.obj
 0001:0003b1d0       sf_debug_tm_browse_trace   000000018003c1d0 f   sfc_debug:sfdb_call_stack.obj
 0001:0003b4e0       sf_debug_cd_initialize_instance 000000018003c4e0 f   sfc_debug:sfdb_cycle_detection.obj
 0001:0003b790       sf_debug_cd_mark_processed_transition_in_instance 000000018003c790 f   sfc_debug:sfdb_cycle_detection.obj
 0001:0003b830       sf_debug_cd_checksum_push  000000018003c830 f   sfc_debug:sfdb_cycle_detection.obj
 0001:0003bae0       sf_debug_cd_checksum_pop   000000018003cae0 f   sfc_debug:sfdb_cycle_detection.obj
 0001:0003bb50       sf_debug_cd_turn_off_cycle_detection 000000018003cb50 f   sfc_debug:sfdb_cycle_detection.obj
 0001:0003bba0       sf_debug_cd_terminate      000000018003cba0 f   sfc_debug:sfdb_cycle_detection.obj
 0001:0003bdd0       md5_initialize_state       000000018003cdd0 f   sfc_debug:ckmd5.obj
 0001:0003c860       md5_update_state           000000018003d860 f   sfc_debug:ckmd5.obj
 0001:0003c880       md5_get_hash               000000018003d880 f   sfc_debug:ckmd5.obj
 0001:0003c8b0       md5_get_hash_for_a_single_string 000000018003d8b0 f   sfc_debug:ckmd5.obj
 0001:0003c910       mxGetPr                    000000018003d910 f   libmx:libmx.dll
 0001:0003c916       mxCreateDoubleScalar       000000018003d916 f   libmx:libmx.dll
 0001:0003c91c       mxCreateDoubleMatrix_730   000000018003d91c f   libmx:libmx.dll
 0001:0003c922       mxSetField_730             000000018003d922 f   libmx:libmx.dll
 0001:0003c928       mxCreateString             000000018003d928 f   libmx:libmx.dll
 0001:0003c92e       mxCreateStructMatrix_730   000000018003d92e f   libmx:libmx.dll
 0001:0003c934       mxCreateCellMatrix_730     000000018003d934 f   libmx:libmx.dll
 0001:0003c93a       mxDestroyArray             000000018003d93a f   libmx:libmx.dll
 0001:0003c940       mxDuplicateArray           000000018003d940 f   libmx:libmx.dll
 0001:0003c946       mxGetString_730            000000018003d946 f   libmx:libmx.dll
 0001:0003c94c       mxIsChar                   000000018003d94c f   libmx:libmx.dll
 0001:0003c952       mxGetClassID               000000018003d952 f   libmx:libmx.dll
 0001:0003c958       mxIsNumeric                000000018003d958 f   libmx:libmx.dll
 0001:0003c95e       mxIsComplex                000000018003d95e f   libmx:libmx.dll
 0001:0003c964       mxGetN                     000000018003d964 f   libmx:libmx.dll
 0001:0003c96a       mxGetM                     000000018003d96a f   libmx:libmx.dll
 0001:0003c970       mxCalloc                   000000018003d970 f   libmx:libmx.dll
 0001:0003c976       mxGetScalar                000000018003d976 f   libmx:libmx.dll
 0001:0003c97c       mxIsLogical                000000018003d97c f   libmx:libmx.dll
 0001:0003c982       mxCreateDoubleMatrix_700   000000018003d982 f   libmx:libmx.dll
 0001:0003c988       mxFree                     000000018003d988 f   libmx:libmx.dll
 0001:0003c98e       mxArrayToString            000000018003d98e f   libmx:libmx.dll
 0001:0003c994       mxCreateCellMatrix_700     000000018003d994 f   libmx:libmx.dll
 0001:0003c99a       mxSetCell_700              000000018003d99a f   libmx:libmx.dll
 0001:0003c9a0       mxGetCell_700              000000018003d9a0 f   libmx:libmx.dll
 0001:0003c9a6       mxGetClassName             000000018003d9a6 f   libmx:libmx.dll
 0001:0003c9ac       mxSetField_700             000000018003d9ac f   libmx:libmx.dll
 0001:0003c9b2       mxAddField                 000000018003d9b2 f   libmx:libmx.dll
 0001:0003c9b8       mxGetField_700             000000018003d9b8 f   libmx:libmx.dll
 0001:0003c9be       mxGetNumberOfElements      000000018003d9be f   libmx:libmx.dll
 0001:0003c9c4       mxIsStruct                 000000018003d9c4 f   libmx:libmx.dll
 0001:0003c9ca       mxIsA                      000000018003d9ca f   libmx:libmx.dll
 0001:0003c9d0       mxIsClass                  000000018003d9d0 f   libmx:libmx.dll
 0001:0003c9d6       mxGetLogicals              000000018003d9d6 f   libmx:libmx.dll
 0001:0003c9dc       mxIsSparse                 000000018003d9dc f   libmx:libmx.dll
 0001:0003c9e2       mxSetFieldByNumber_700     000000018003d9e2 f   libmx:libmx.dll
 0001:0003c9e8       mxGetFieldByNumber_700     000000018003d9e8 f   libmx:libmx.dll
 0001:0003c9ee       mxGetFieldNameByNumber     000000018003d9ee f   libmx:libmx.dll
 0001:0003c9f4       mxGetNumberOfFields        000000018003d9f4 f   libmx:libmx.dll
 0001:0003c9fa       mxCreateStructMatrix_700   000000018003d9fa f   libmx:libmx.dll
 0001:0003ca00       mxGetFieldNumber           000000018003da00 f   libmx:libmx.dll
 0001:0003ca06       mxIsNaN                    000000018003da06 f   libmx:libmx.dll
 0001:0003ca0c       mxIsEmpty                  000000018003da0c f   libmx:libmx.dll
 0001:0003ca12       mxGetData                  000000018003da12 f   libmx:libmx.dll
 0001:0003ca18       mxGetImagData              000000018003da18 f   libmx:libmx.dll
 0001:0003ca1e       mxArrayClassIDName         000000018003da1e f   libmx:libmx.dll
 0001:0003ca24       mxCreateNumericMatrix_700  000000018003da24 f   libmx:libmx.dll
 0001:0003ca2a       mxCreateStructArray_700    000000018003da2a f   libmx:libmx.dll
 0001:0003ca30       mxCalcSingleSubscript_700  000000018003da30 f   libmx:libmx.dll
 0001:0003ca36       mxGetDimensions_700        000000018003da36 f   libmx:libmx.dll
 0001:0003ca3c       mxGetNumberOfDimensions_700 000000018003da3c f   libmx:libmx.dll
 0001:0003ca42       mxCreateNumericArray_700   000000018003da42 f   libmx:libmx.dll
 0001:0003ca48       mxGetElementSize           000000018003da48 f   libmx:libmx.dll
 0001:0003ca4e       mxCreateStringFromNChars_700 000000018003da4e f   libmx:libmx.dll
 0001:0003ca54       mxGetString_700            000000018003da54 f   libmx:libmx.dll
 0001:0003ca5a       mxIsLogicalScalarTrue      000000018003da5a f   libmx:libmx.dll
 0001:0003ca60       mxCreateLogicalScalar      000000018003da60 f   libmx:libmx.dll
 0001:0003ca66       mexUnlock                  000000018003da66 f   libmex:libmex.dll
 0001:0003ca6c       mexIsLocked                000000018003da6c f   libmex:libmex.dll
 0001:0003ca72       mexWarnMsgTxt              000000018003da72 f   libmex:libmex.dll
 0001:0003ca78       mexCallMATLAB              000000018003da78 f   libmex:libmex.dll
 0001:0003ca7e       mexErrMsgTxt               000000018003da7e f   libmex:libmex.dll
 0001:0003ca84       mexMakeArrayPersistent     000000018003da84 f   libmex:libmex.dll
 0001:0003ca8a       mexSetTrapFlag             000000018003da8a f   libmex:libmex.dll
 0001:0003ca90       mexPutVariable             000000018003da90 f   libmex:libmex.dll
 0001:0003ca96       mexGetVariable             000000018003da96 f   libmex:libmex.dll
 0001:0003ca9c       mexLock                    000000018003da9c f   libmex:libmex.dll
 0001:0003caa2       mexMakeMemoryPersistent    000000018003daa2 f   libmex:libmex.dll
 0001:0003caa8       mexFunctionName            000000018003daa8 f   libmex:libmex.dll
 0001:0003caae       ssRegisterDataTypeFxpFSlopeFixExpBias 000000018003daae f   libfixedpoint:libfixedpoint.dll
 0001:0003cab4       ssRegisterDataTypeFxpScaledDouble 000000018003dab4 f   libfixedpoint:libfixedpoint.dll
 0001:0003caba       utMalloc                   000000018003daba f   libut:libut.dll
 0001:0003cac0       utFree                     000000018003dac0 f   libut:libut.dll
 0001:0003cac6       utVSNprintf                000000018003dac6 f   libut:libut.dll
 0001:0003cacc       utCPUtime                  000000018003dacc f   libut:libut.dll
 0001:0003cad2       utCalloc                   000000018003dad2 f   libut:libut.dll
 0001:0003cad8       utRealloc                  000000018003dad8 f   libut:libut.dll
 0001:0003cade       emlrtCreateRootTLS         000000018003dade f   libemlrt:libemlrt.dll
 0001:0003cae4       emlrtDestroyRootTLS        000000018003dae4 f   libemlrt:libemlrt.dll
 0001:0003caea       emlrtCheckBuiltInR2012b    000000018003daea f   libemlrt:libemlrt.dll
 0001:0003caf0       emlrtCheckVsBuiltInR2012b  000000018003daf0 f   libemlrt:libemlrt.dll
 0001:0003caf6       emlrtCheckEnumR2012b       000000018003daf6 f   libemlrt:libemlrt.dll
 0001:0003cafc       emlrtCreateEnumR2012b      000000018003dafc f   libemlrt:libemlrt.dll
 0001:0003cb02       emlrtGetEnumElementR2009a  000000018003db02 f   libemlrt:libemlrt.dll
 0001:0003cb08       emlrtCreateReference       000000018003db08 f   libemlrt:libemlrt.dll
 0001:0003cb0e       emlrtImportVsFiArrayR2009b 000000018003db0e f   libemlrt:libemlrt.dll
 0001:0003cb14       emlrtNameCapturePostProcessR2012a 000000018003db14 f   libemlrt:libemlrt.dll
 0001:0003cb1a       emlrtExtractMessageId      000000018003db1a f   libemlrt:libemlrt.dll
 0001:0003cb20       emlrtTranslateMessageIDtoLCPstring 000000018003db20 f   libemlrt:libemlrt.dll
 0001:0003cb26       emlrtForLoopVectorIsValidR2011b 000000018003db26 f   libemlrt:libemlrt.dll
 0001:0003cb2c       emlrtTranslateUTF16MessagetoLCPstring 000000018003db2c f   libemlrt:libemlrt.dll
 0001:0003cb32       emlrtGetEnumUnderlyingArrayR2009a 000000018003db32 f   libemlrt:libemlrt.dll
 0001:0003cb38       emlrtIsEnumR2009a          000000018003db38 f   libemlrt:libemlrt.dll
 0001:0003cb40       __GSHandlerCheckCommon     000000018003db40 f   MSVCRT:gshandler.obj
 0001:0003cba4       __GSHandlerCheck           000000018003dba4 f   MSVCRT:gshandler.obj
 0001:0003cbc2       strlen                     000000018003dbc2 f   MSVCRT:MSVCR100.dll
 0001:0003cbe0       __security_check_cookie    000000018003dbe0 f   MSVCRT:amdsecgs.obj
 0001:0003cc00       memset                     000000018003dc00 f   MSVCRT:MSVCR100.dll
 0001:0003cc06       strcmp                     000000018003dc06 f   MSVCRT:MSVCR100.dll
 0001:0003cc0c       free                       000000018003dc0c f   MSVCRT:MSVCR100.dll
 0001:0003cc12       sprintf                    000000018003dc12 f   MSVCRT:MSVCR100.dll
 0001:0003cc18       malloc                     000000018003dc18 f   MSVCRT:MSVCR100.dll
 0001:0003cc1e       strcat                     000000018003dc1e f   MSVCRT:MSVCR100.dll
 0001:0003cc24       memcpy                     000000018003dc24 f   MSVCRT:MSVCR100.dll
 0001:0003cc2c       NtCurrentTeb               000000018003dc2c f i MSVCRT:crtdll.obj
 0001:0003cc98       _CRT_INIT                  000000018003dc98 f   MSVCRT:crtdll.obj
 0001:0003d030       _DllMainCRTStartup         000000018003e030 f   MSVCRT:crtdll.obj
 0001:0003d06e       strncpy                    000000018003e06e f   MSVCRT:MSVCR100.dll
 0001:0003d090       _alloca_probe              000000018003e090     MSVCRT:chkstk.obj
 0001:0003d090       __chkstk                   000000018003e090 f   MSVCRT:chkstk.obj
 0001:0003d0de       longjmp                    000000018003e0de f   MSVCRT:MSVCR100.dll
 0001:0003d0e4       strncmp                    000000018003e0e4 f   MSVCRT:MSVCR100.dll
 0001:0003d0ea       ceil                       000000018003e0ea f   MSVCRT:MSVCR100.dll
 0001:0003d0f0       strrchr                    000000018003e0f0 f   MSVCRT:MSVCR100.dll
 0001:0003d0f6       _setjmp                    000000018003e0f6 f   MSVCRT:MSVCR100.dll
 0001:0003d0fc       ldexp                      000000018003e0fc f   MSVCRT:MSVCR100.dll
 0001:0003d104       __report_gsfailure         000000018003e104 f   MSVCRT:gs_report.obj
 0001:0003d250       __clean_type_info_names    000000018003e250 f   MSVCRT:tncleanup.obj
 0001:0003d25c       _onexit                    000000018003e25c f   MSVCRT:atonexit.obj
 0001:0003d30c       atexit                     000000018003e30c f   MSVCRT:atonexit.obj
 0001:0003d324       _RTC_Initialize            000000018003e324 f   MSVCRT:_initsect_.obj
 0001:0003d35c       _RTC_Terminate             000000018003e35c f   MSVCRT:_initsect_.obj
 0001:0003d394       _malloc_crt                000000018003e394 f   MSVCRT:MSVCR100.dll
 0001:0003d3a0       _ValidateImageBase         000000018003e3a0 f   MSVCRT:pesect.obj
 0001:0003d3d0       _FindPESection             000000018003e3d0 f   MSVCRT:pesect.obj
 0001:0003d420       _IsNonwritableInCurrentImage 000000018003e420 f   MSVCRT:pesect.obj
 0001:0003d462       _initterm                  000000018003e462 f   MSVCRT:MSVCR100.dll
 0001:0003d468       _initterm_e                000000018003e468 f   MSVCRT:MSVCR100.dll
 0001:0003d46e       _encoded_null              000000018003e46e f   MSVCRT:MSVCR100.dll
 0001:0003d474       _amsg_exit                 000000018003e474 f   MSVCRT:MSVCR100.dll
 0001:0003d47a       __C_specific_handler       000000018003e47a f   MSVCRT:MSVCR100.dll
 0001:0003d480       __CppXcptFilter            000000018003e480 f   MSVCRT:MSVCR100.dll
 0001:0003d488       DllMain                    000000018003e488 f   MSVCRT:dllmain.obj
 0001:0003d4ac       __security_init_cookie     000000018003e4ac f   MSVCRT:gs_support.obj
 0001:0003d560       __crt_debugger_hook        000000018003e560 f   MSVCRT:MSVCR100.dll
 0001:0003d566       __clean_type_info_names_internal 000000018003e566 f   MSVCRT:MSVCR100.dll
 0001:0003d56c       _unlock                    000000018003e56c f   MSVCRT:MSVCR100.dll
 0001:0003d572       __dllonexit                000000018003e572 f   MSVCRT:MSVCR100.dll
 0001:0003d578       _lock                      000000018003e578 f   MSVCRT:MSVCR100.dll
 0001:0003d57e       EncodePointer              000000018003e57e f   kernel32:KERNEL32.dll
 0001:0003d584       DecodePointer              000000018003e584 f   kernel32:KERNEL32.dll
 0001:0003d58a       Sleep                      000000018003e58a f   kernel32:KERNEL32.dll
 0001:0003d590       TerminateProcess           000000018003e590 f   kernel32:KERNEL32.dll
 0001:0003d596       GetCurrentProcess          000000018003e596 f   kernel32:KERNEL32.dll
 0001:0003d59c       UnhandledExceptionFilter   000000018003e59c f   kernel32:KERNEL32.dll
 0001:0003d5a2       SetUnhandledExceptionFilter 000000018003e5a2 f   kernel32:KERNEL32.dll
 0001:0003d5a8       IsDebuggerPresent          000000018003e5a8 f   kernel32:KERNEL32.dll
 0001:0003d5ae       RtlVirtualUnwind           000000018003e5ae f   kernel32:KERNEL32.dll
 0001:0003d5b4       RtlLookupFunctionEntry     000000018003e5b4 f   kernel32:KERNEL32.dll
 0001:0003d5ba       RtlCaptureContext          000000018003e5ba f   kernel32:KERNEL32.dll
 0001:0003d5c0       DisableThreadLibraryCalls  000000018003e5c0 f   kernel32:KERNEL32.dll
 0001:0003d5c6       QueryPerformanceCounter    000000018003e5c6 f   kernel32:KERNEL32.dll
 0001:0003d5cc       GetTickCount               000000018003e5cc f   kernel32:KERNEL32.dll
 0001:0003d5d2       GetCurrentThreadId         000000018003e5d2 f   kernel32:KERNEL32.dll
 0001:0003d5d8       GetCurrentProcessId        000000018003e5d8 f   kernel32:KERNEL32.dll
 0001:0003d5de       GetSystemTimeAsFileTime    000000018003e5de f   kernel32:KERNEL32.dll
 0002:00000000       __imp_GetSystemTimeAsFileTime 000000018003f000     kernel32:KERNEL32.dll
 0002:00000008       __imp_GetCurrentProcessId  000000018003f008     kernel32:KERNEL32.dll
 0002:00000010       __imp_GetCurrentThreadId   000000018003f010     kernel32:KERNEL32.dll
 0002:00000018       __imp_GetTickCount         000000018003f018     kernel32:KERNEL32.dll
 0002:00000020       __imp_QueryPerformanceCounter 000000018003f020     kernel32:KERNEL32.dll
 0002:00000028       __imp_DisableThreadLibraryCalls 000000018003f028     kernel32:KERNEL32.dll
 0002:00000030       __imp_RtlCaptureContext    000000018003f030     kernel32:KERNEL32.dll
 0002:00000038       __imp_RtlLookupFunctionEntry 000000018003f038     kernel32:KERNEL32.dll
 0002:00000040       __imp_RtlVirtualUnwind     000000018003f040     kernel32:KERNEL32.dll
 0002:00000048       __imp_IsDebuggerPresent    000000018003f048     kernel32:KERNEL32.dll
 0002:00000050       __imp_SetUnhandledExceptionFilter 000000018003f050     kernel32:KERNEL32.dll
 0002:00000058       __imp_UnhandledExceptionFilter 000000018003f058     kernel32:KERNEL32.dll
 0002:00000060       __imp_GetCurrentProcess    000000018003f060     kernel32:KERNEL32.dll
 0002:00000068       __imp_TerminateProcess     000000018003f068     kernel32:KERNEL32.dll
 0002:00000070       __imp_Sleep                000000018003f070     kernel32:KERNEL32.dll
 0002:00000078       __imp_DecodePointer        000000018003f078     kernel32:KERNEL32.dll
 0002:00000080       __imp_EncodePointer        000000018003f080     kernel32:KERNEL32.dll
 0002:00000088       \177KERNEL32_NULL_THUNK_DATA 000000018003f088     kernel32:KERNEL32.dll
 0002:00000090       __imp__onexit              000000018003f090     MSVCRT:MSVCR100.dll
 0002:00000098       __imp__lock                000000018003f098     MSVCRT:MSVCR100.dll
 0002:000000a0       __imp___dllonexit          000000018003f0a0     MSVCRT:MSVCR100.dll
 0002:000000a8       __imp__unlock              000000018003f0a8     MSVCRT:MSVCR100.dll
 0002:000000b0       __imp___clean_type_info_names_internal 000000018003f0b0     MSVCRT:MSVCR100.dll
 0002:000000b8       __imp___crt_debugger_hook  000000018003f0b8     MSVCRT:MSVCR100.dll
 0002:000000c0       __imp___CppXcptFilter      000000018003f0c0     MSVCRT:MSVCR100.dll
 0002:000000c8       __imp___C_specific_handler 000000018003f0c8     MSVCRT:MSVCR100.dll
 0002:000000d0       __imp__amsg_exit           000000018003f0d0     MSVCRT:MSVCR100.dll
 0002:000000d8       __imp__encoded_null        000000018003f0d8     MSVCRT:MSVCR100.dll
 0002:000000e0       __imp__initterm_e          000000018003f0e0     MSVCRT:MSVCR100.dll
 0002:000000e8       __imp__initterm            000000018003f0e8     MSVCRT:MSVCR100.dll
 0002:000000f0       __imp__malloc_crt          000000018003f0f0     MSVCRT:MSVCR100.dll
 0002:000000f8       __imp_ldexp                000000018003f0f8     MSVCRT:MSVCR100.dll
 0002:00000100       __imp__setjmp              000000018003f100     MSVCRT:MSVCR100.dll
 0002:00000108       __imp_strrchr              000000018003f108     MSVCRT:MSVCR100.dll
 0002:00000110       __imp_ceil                 000000018003f110     MSVCRT:MSVCR100.dll
 0002:00000118       __imp_strncmp              000000018003f118     MSVCRT:MSVCR100.dll
 0002:00000120       __imp_longjmp              000000018003f120     MSVCRT:MSVCR100.dll
 0002:00000128       __imp_strncpy              000000018003f128     MSVCRT:MSVCR100.dll
 0002:00000130       __imp_memcpy               000000018003f130     MSVCRT:MSVCR100.dll
 0002:00000138       __imp_strcat               000000018003f138     MSVCRT:MSVCR100.dll
 0002:00000140       __imp_malloc               000000018003f140     MSVCRT:MSVCR100.dll
 0002:00000148       __imp_sprintf              000000018003f148     MSVCRT:MSVCR100.dll
 0002:00000150       __imp_free                 000000018003f150     MSVCRT:MSVCR100.dll
 0002:00000158       __imp_strcmp               000000018003f158     MSVCRT:MSVCR100.dll
 0002:00000160       __imp_memset               000000018003f160     MSVCRT:MSVCR100.dll
 0002:00000168       __imp_strlen               000000018003f168     MSVCRT:MSVCR100.dll
 0002:00000170       \177MSVCR100_NULL_THUNK_DATA 000000018003f170     MSVCRT:MSVCR100.dll
 0002:00000178       __imp_emlrtIsEnumR2009a    000000018003f178     libemlrt:libemlrt.dll
 0002:00000180       __imp_emlrtGetEnumUnderlyingArrayR2009a 000000018003f180     libemlrt:libemlrt.dll
 0002:00000188       __imp_emlrtTranslateUTF16MessagetoLCPstring 000000018003f188     libemlrt:libemlrt.dll
 0002:00000190       __imp_emlrtForLoopVectorIsValidR2011b 000000018003f190     libemlrt:libemlrt.dll
 0002:00000198       __imp_emlrtTranslateMessageIDtoLCPstring 000000018003f198     libemlrt:libemlrt.dll
 0002:000001a0       __imp_emlrtExtractMessageId 000000018003f1a0     libemlrt:libemlrt.dll
 0002:000001a8       __imp_emlrtNameCapturePostProcessR2012a 000000018003f1a8     libemlrt:libemlrt.dll
 0002:000001b0       __imp_emlrtImportVsFiArrayR2009b 000000018003f1b0     libemlrt:libemlrt.dll
 0002:000001b8       __imp_emlrtCreateReference 000000018003f1b8     libemlrt:libemlrt.dll
 0002:000001c0       __imp_emlrtGetEnumElementR2009a 000000018003f1c0     libemlrt:libemlrt.dll
 0002:000001c8       __imp_emlrtCreateEnumR2012b 000000018003f1c8     libemlrt:libemlrt.dll
 0002:000001d0       __imp_emlrtCheckEnumR2012b 000000018003f1d0     libemlrt:libemlrt.dll
 0002:000001d8       __imp_emlrtCheckVsBuiltInR2012b 000000018003f1d8     libemlrt:libemlrt.dll
 0002:000001e0       __imp_emlrtCheckBuiltInR2012b 000000018003f1e0     libemlrt:libemlrt.dll
 0002:000001e8       __imp_emlrtDestroyRootTLS  000000018003f1e8     libemlrt:libemlrt.dll
[...]
 0001:00013520       sf_mex_check_fimath        0000000180014520 f   sfc_mex:sfc_mex.obj
 0001:00014080       size_mismatch_error        0000000180015080 f   sfc_mex:sfc_mex.obj
 0001:00014af0       check_array_dimensions     0000000180015af0 f   sfc_mex:sfc_mex.obj
 0001:00014b60       check_input_mxarray        0000000180015b60 f   sfc_mex:sfc_mex.obj
 0001:000152a0       sf_numeric_value_to_double 00000001800162a0 f   sfc_mex:sfc_mex.obj
 0001:000152f0       ml_generic_out_of_bounds_check 00000001800162f0 f   sfc_mex:sfc_mex.obj
 0001:000154b0       ml_get_element_value_from_array 00000001800164b0 f   sfc_mex:sfc_mex.obj
 0001:00015850       _ml_generic_castability_check 0000000180016850 f   sfc_mex:sfc_mex.obj
 0001:00015fa0       ml_generic_castability_check 0000000180016fa0 f   sfc_mex:sfc_mex.obj
 0001:00016040       ml_check_mx_array_for_single_castability 0000000180017040 f   sfc_mex:sfc_mex.obj
 0001:000160e0       ml_check_mx_array_for_logical_castability 00000001800170e0 f   sfc_mex:sfc_mex.obj
 0001:00016180       ml_check_mx_array_for_int8_castability 0000000180017180 f   sfc_mex:sfc_mex.obj
 0001:00016230       ml_check_mx_array_for_uint8_castability 0000000180017230 f   sfc_mex:sfc_mex.obj
 0001:00016290       ml_check_mx_array_for_int16_castability 0000000180017290 f   sfc_mex:sfc_mex.obj
 0001:000162f0       ml_check_mx_array_for_uint16_castability 00000001800172f0 f   sfc_mex:sfc_mex.obj
 0001:00016350       ml_check_mx_array_for_int32_castability 0000000180017350 f   sfc_mex:sfc_mex.obj
 0001:000163b0       ml_check_mx_array_for_uint32_castability 00000001800173b0 f   sfc_mex:sfc_mex.obj
 0001:00016410       ml_check_mx_array_for_castability 0000000180017410 f   sfc_mex:sfc_mex.obj
 0001:00016c30       set_data_value             0000000180017c30 f   sfc_mex:sfc_mex.obj
 0001:00016fa0       get_data_value             0000000180017fa0 f   sfc_mex:sfc_mex.obj
 0001:000170b0       get_next_element_address   00000001800180b0 f   sfc_mex:sfc_mex.obj
 0001:00017180       sf_normalize_index         0000000180018180 f   sfc_mex:sfc_mex.obj
 0001:00017530       ml_array_index_bound_check 0000000180018530 f   sfc_mex:sfc_mex.obj
 0001:000180b0       mx_value                   00000001800190b0 f   sfc_mex:sfc_mex.obj
 0001:00018100       sf_create_numeric_array    0000000180019100 f   sfc_mex:sfc_mex.obj
 0001:000181a0       sf_mex_assign_to_mx_array  00000001800191a0 f   sfc_mex:sfc_mex.obj
 0001:00018510       assign_from_mx_array       0000000180019510 f   sfc_mex:sfc_mex.obj
 0001:00018c70       sf_mex_import_v            0000000180019c70 f   sfc_mex:sfc_mex.obj
 0001:00019380       get_machine_and_chart_file_number 000000018001a380 f   sfc_mex:sfc_sf.obj
 0001:00019470       get_sfun_block_specialization 000000018001a470 f   sfc_mex:sfc_sf.obj
 0001:00019520       call_sf_machine_global_method_dispatcher 000000018001a520 f   sfc_mex:sfc_sf.obj
 0001:00019770       mdl_zeroCrossings_processing 000000018001a770 f   sfc_mex:sfc_sf.obj
 0001:00019850       mdl_derivatives_processing 000000018001a850 f   sfc_mex:sfc_sf.obj
 0001:00019b30       mdl_outputs_continuous_legacy 000000018001ab30 f   sfc_mex:sfc_sf.obj
 0001:00019bb0       mdl_outputs_processing     000000018001abb0 f   sfc_mex:sfc_sf.obj
 0001:00019e20       mdl_enable_processing      000000018001ae20 f   sfc_mex:sfc_sf.obj
 0001:00019f00       mdl_disable_processing     000000018001af00 f   sfc_mex:sfc_sf.obj
 0001:0001ad90       sf_call_output_fcn_enable_disable 000000018001bd90 f   sfc_mex:sfc_sf.obj
 0001:0001b010       set_dwork_information_from_mx_array 000000018001c010 f   sfc_mex:sfc_sf.obj
 0001:0001b900       ptr2mxStruct               000000018001c900 f   sfc_mex:sfc_sf.obj
 0001:0001bc10       SNPRINTF_WRAPPER           000000018001cc10 f   sfc_debug:sfcdebug.obj
 0001:0001bc40       sf_debug_chart_instance_initialized 000000018001cc40 f   sfc_debug:sfcdebug.obj
 0001:0001bde0       sfrtAddSize                000000018001cde0 f   sfc_debug:sfcdebug.obj
 0001:0001bea0       sfrtGenSizeString          000000018001cea0 f   sfc_debug:sfcdebug.obj
 0001:0001c5f0       fill_single_message_info   000000018001d5f0 f   sfc_debug:sfcdebug.obj
 0001:0001c870       sf_debug_sim_status_listener 000000018001d870 f   sfc_debug:sfcdebug.obj
 0001:0001ce00       sf_debug_form_mask_bits    000000018001de00 f   sfc_debug:sfcdebug.obj
 0001:0001ce20       sf_debug_form_sf_data_type_offsets 000000018001de20 f   sfc_debug:sfcdebug.obj
 0001:0001cee0       sf_debug_free_all          000000018001dee0 f   sfc_debug:sfcdebug.obj
 0001:0001d070       sf_debug_append_debugger_context 000000018001e070 f   sfc_debug:sfcdebug.obj
 0001:0001d3e0       local_strdup               000000018001e3e0 f   sfc_debug:sfcdebug.obj
 0001:0001e360       sf_debug_em_terminate      000000018001f360 f   sfc_debug:sfcdebug.obj
 0001:0001e3a0       sf_debug_push_eml_function 000000018001f3a0 f   sfc_debug:sfcdebug.obj
 0001:0001e440       sf_debug_pop_eml_function  000000018001f440 f   sfc_debug:sfcdebug.obj
 0001:0001f0e0       sf_debug_get_machine_number_from_id_or_name 00000001800200e0 f   sfc_debug:sfcdebug.obj
 0001:0001f230       sf_debug_get_chart_number_from_id 0000000180020230 f   sfc_debug:sfcdebug.obj
 0001:00020010       sf_debug_transfer_control_to_debugger_GUI 0000000180021010 f   sfc_debug:sfcdebug.obj
 0001:00020f80       sf_debug_scripts_rehash    0000000180021f80 f   sfc_debug:sfcdebug.obj
 0001:00021190       sf_debug_get_script_line_count 0000000180022190 f   sfc_debug:sfcdebug.obj
 0001:00021be0       cv_eml_state_cvId          0000000180022be0 f   sfc_debug:sfcdebug.obj
 0001:00021c50       cv_eml_trans_cvId          0000000180022c50 f   sfc_debug:sfcdebug.obj
 0001:000230d0       sf_debug_data_array_bounds_error 00000001800240d0 f   sfc_debug:sfcdebug.obj
 0001:00023480       eml_debug_runtime_error_doclink 0000000180024480 f   sfc_debug:sfcdebug.obj
 0001:000235f0       sf_debug_runtime_error     00000001800245f0 f   sfc_debug:sfcdebug.obj
 0001:00023660       sf_debug_matlab_error      0000000180024660 f   sfc_debug:sfcdebug.obj
 0001:00023fd0       sf_debug_data_value_error  0000000180024fd0 f   sfc_debug:sfcdebug.obj
 0001:000248a0       sf_debug_data_loss_error   00000001800258a0 f   sfc_debug:sfcdebug.obj
 0001:000257c0       call_cv_range_check        00000001800267c0 f   sfc_debug:sfcdebug.obj
 0001:00026020       sf_debug_invoke_cycle_detection_code 0000000180027020 f   sfc_debug:sfcdebug.obj
 0001:00026b90       sf_reset_debug_info_struct 0000000180027b90 f   sfc_debug:sfcdebug.obj
 0001:00027380       cv_script_cvId             0000000180028380 f   sfc_debug:sfcdebug.obj
 0001:00028540       sfc_api_chart_visible      0000000180029540 f   sfc_debug:sfc_api.obj
 0001:000285d0       sfc_api_active_instance    00000001800295d0 f   sfc_debug:sfc_api.obj
 0001:00028660       sfc_api_machine_load       0000000180029660 f   sfc_debug:sfc_api.obj
 0001:00028750       sfc_api_debugger_alive     0000000180029750 f   sfc_debug:sfc_api.obj
 0001:00028760       sfc_api_go                 0000000180029760 f   sfc_debug:sfc_api.obj
 0001:00028770       sfc_api_step_over          0000000180029770 f   sfc_debug:sfc_api.obj
 0001:00028780       sfc_api_step_out           0000000180029780 f   sfc_debug:sfc_api.obj
 0001:00028790       sfc_api_resume             0000000180029790 f   sfc_debug:sfc_api.obj
 0001:000287a0       sfc_api_break              00000001800297a0 f   sfc_debug:sfc_api.obj
 0001:000287b0       sfc_api_stop_debugging     00000001800297b0 f   sfc_debug:sfc_api.obj
 0001:00028810       sfc_api_is_cycle_detected  0000000180029810 f   sfc_debug:sfc_api.obj
 0001:00028870       sfc_api_is_array_bounds_detected 0000000180029870 f   sfc_debug:sfc_api.obj
 0001:000288d0       sfc_api_set_disable_all_breakpoints 00000001800298d0 f   sfc_debug:sfc_api.obj
 0001:00028950       sfc_api_disable_all_breakpoints_and_go 0000000180029950 f   sfc_debug:sfc_api.obj
 0001:00028960       sfc_api_close              0000000180029960 f   sfc_debug:sfc_api.obj
 0001:00028970       sfc_api_browse_data        0000000180029970 f   sfc_debug:sfc_api.obj
 0001:000289f0       sfc_api_watch_data         00000001800299f0 f   sfc_debug:sfc_api.obj
 0001:00028b00       sfc_api_extract_message_post_receive_info 0000000180029b00 f   sfc_debug:sfc_api.obj
 0001:00028b20       sfc_api_assign_data        0000000180029b20 f   sfc_debug:sfc_api.obj
 0001:00028bd0       sfc_api_whos               0000000180029bd0 f   sfc_debug:sfc_api.obj
 0001:00028c60       sfc_api_get_consistency_info 0000000180029c60 f   sfc_debug:sfc_api.obj
 0001:00028c70       sfc_api_browse_trace       0000000180029c70 f   sfc_debug:sfc_api.obj
 0001:00028c80       sfc_api_break_on_chart_entry 0000000180029c80 f   sfc_debug:sfc_api.obj
 0001:00028cb0       sfc_api_break_on_event_broadcast 0000000180029cb0 f   sfc_debug:sfc_api.obj
 0001:00028ce0       sfc_api_break_on_state_entry 0000000180029ce0 f   sfc_debug:sfc_api.obj
 0001:00028d10       sfc_api_set_watch          0000000180029d10 f   sfc_debug:sfc_api.obj
 0001:00028dc0       sfc_api_set_breakpoints    0000000180029dc0 f   sfc_debug:sfc_api.obj
 0001:00028e80       sfc_api_set_eml_breakpoints 0000000180029e80 f   sfc_debug:sfc_api.obj
 0001:00028f20       sfc_api_set_script_breakpoints 0000000180029f20 f   sfc_debug:sfc_api.obj
 0001:00028f80       sfc_api_add_script_breakpoints 0000000180029f80 f   sfc_debug:sfc_api.obj
 0001:00028fe0       sfc_api_clear_script_breakpoints 0000000180029fe0 f   sfc_debug:sfc_api.obj
 0001:00029040       sfc_api_query_script_breakpoints 000000018002a040 f   sfc_debug:sfc_api.obj
 0001:000290b0       sfc_api_get_script_id      000000018002a0b0 f   sfc_debug:sfc_api.obj
 0001:00029170       sfc_api_get_active_states  000000018002a170 f   sfc_debug:sfc_api.obj
 0001:00029200       sfc_api_break_between_times 000000018002a200 f   sfc_debug:sfc_api.obj
 0001:00029270       sfc_api_get_instance_handle 000000018002a270 f   sfc_debug:sfc_api.obj
 0001:00029340       sfc_api_set_animation      000000018002a340 f   sfc_debug:sfc_api.obj
 0001:00029390       sfc_api_select_chart       000000018002a390 f   sfc_debug:sfc_api.obj
 0001:00029400       sfc_api_select_charts      000000018002a400 f   sfc_debug:sfc_api.obj
 0001:00029430       sfc_api_cycle_detection_check 000000018002a430 f   sfc_debug:sfc_api.obj
 0001:00029480       sfc_api_data_range_check   000000018002a480 f   sfc_debug:sfc_api.obj
 0001:000294d0       sfc_api_transition_conflict_check 000000018002a4d0 f   sfc_debug:sfc_api.obj
 0001:00029520       sfc_api_state_consistency_check 000000018002a520 f   sfc_debug:sfc_api.obj
 0001:00029570       sfc_api_set_instance_cv_ids 000000018002a570 f   sfc_debug:sfc_api.obj
 0001:000296a0       sfc_api_set_script_cv_ids  000000018002a6a0 f   sfc_debug:sfc_api.obj
 0001:00029770       sfc_api_get_current_machine_id 000000018002a770 f   sfc_debug:sfc_api.obj
 0001:000297a0       sfc_api_get_current_machine_number 000000018002a7a0 f   sfc_debug:sfc_api.obj
 0001:000297d0       sfc_api_get_current_chart_number 000000018002a7d0 f   sfc_debug:sfc_api.obj
 0001:00029800       sfc_api_get_current_instance_number 000000018002a800 f   sfc_debug:sfc_api.obj
 0001:00029830       sfc_api_get_current_instance_handle 000000018002a830 f   sfc_debug:sfc_api.obj
 0001:00029850       sfc_api_get_current_is_minor_time_step 000000018002a850 f   sfc_debug:sfc_api.obj
 0001:00029880       sfc_api_get_current_machine_name 000000018002a880 f   sfc_debug:sfc_api.obj
 0001:000298a0       sfc_api_get_current_chart_id 000000018002a8a0 f   sfc_debug:sfc_api.obj
 0001:000298d0       sfc_api_get_current_object_type 000000018002a8d0 f   sfc_debug:sfc_api.obj
 0001:00029900       sfc_api_get_current_event_type 000000018002a900 f   sfc_debug:sfc_api.obj
 0001:00029930       sfc_api_get_current_object_id 000000018002a930 f   sfc_debug:sfc_api.obj
 0001:00029960       sfc_get_current_active_event_type 000000018002a960 f   sfc_debug:sfc_api.obj
 0001:00029990       sfc_api_get_current_active_event_id 000000018002a990 f   sfc_debug:sfc_api.obj
 0001:000299c0       sfc_api_get_current_simulation_time 000000018002a9c0 f   sfc_debug:sfc_api.obj
 0001:000299e0       sfc_get_current_tag_type   000000018002a9e0 f   sfc_debug:sfc_api.obj
 0001:00029a10       sfc_get_current_coverage_percentage 000000018002aa10 f   sfc_debug:sfc_api.obj
 0001:00029a30       sfc_get_current_statement_context 000000018002aa30 f   sfc_debug:sfc_api.obj
 0001:00029a50       sfc_get_current_optional_integer 000000018002aa50 f   sfc_debug:sfc_api.obj
 0001:00029a80       sfc_get_current_statement_info 000000018002aa80 f   sfc_debug:sfc_api.obj
 0001:00029b20       sfc_api_get                000000018002ab20 f   sfc_debug:sfc_api.obj
 0001:0002a780       sf_debug_sm_fill_state_activity_data 000000018002b780 f   sfc_debug:sfdb_animation.obj
 0001:0002cfc0       void_ptr_stack_vector_free_total 000000018002dfc0 f   sfc_debug:sfdb_data_browse.obj
 0001:0002d040       sf_debug_st_terminate_machine 000000018002e040 f   sfc_debug:sfdb_data_browse.obj
 0001:0002d080       sf_debug_st_terminate_instance 000000018002e080 f   sfc_debug:sfdb_data_browse.obj
 0001:0002d430       push_on_to_void_ptr_stack  000000018002e430 f   sfc_debug:sfdb_data_browse.obj
 0001:0002d5c0       pop_from_void_ptr_stack    000000018002e5c0 f   sfc_debug:sfdb_data_browse.obj
 0001:0002d6f0       sf_debug_st_get_data_value 000000018002e6f0 f   sfc_debug:sfdb_data_browse.obj
 0001:0002dc20       mx_value                   000000018002ec20 f   sfc_debug:sfdb_data_browse.obj
 0001:0002dc60       sf_debug_st_fill_data_struct 000000018002ec60 f   sfc_debug:sfdb_data_browse.obj
 0001:0002dfa0       data_type_format_strings   000000018002efa0 f   sfc_debug:sfdb_data_browse.obj
 0001:0002e050       sf_debug_st_fill_data      000000018002f050 f   sfc_debug:sfdb_data_browse.obj
 0001:0002ed40       sf_debug_hm_get_simulink_handle 000000018002fd40 f   sfc_debug:sfdb_handle_management.obj
 0001:0002f7f0       sf_debug_hm_initialize_globals 00000001800307f0 f   sfc_debug:sfdb_handle_management.obj
 0001:0002f8f0       sf_debug_hm_get_machine_debug_flag 00000001800308f0 f   sfc_debug:sfdb_handle_management.obj
 0001:0002fa60       sf_debug_hm_get_machine_id 0000000180030a60 f   sfc_debug:sfdb_handle_management.obj
 0001:0002fb80       sf_debug_hm_get_chart_id   0000000180030b80 f   sfc_debug:sfdb_handle_management.obj
 0001:0002fd20       sf_debug_hm_register_executing_SFunction 0000000180030d20 f   sfc_debug:sfdb_handle_management.obj
 0001:000300b0       sf_debug_hm_form_object_boolean_properties 00000001800310b0 f   sfc_debug:sfdb_handle_management.obj
 0001:00030380       sf_debug_hm_form_object_properties 0000000180031380 f   sfc_debug:sfdb_handle_management.obj
 0001:000305c0       sf_debug_hm_terminate_charts 00000001800315c0 f   sfc_debug:sfdb_handle_management.obj
 0001:00030ca0       sf_debug_hm_terminate_machines 0000000180031ca0 f   sfc_debug:sfdb_handle_management.obj
 0001:00032710       sf_debug_ss_copy_dimension 0000000180033710 f   sfc_debug:sfdb_symbol_scope.obj
 0001:000327d0       sf_debug_ss_get_number_elements 00000001800337d0 f   sfc_debug:sfdb_symbol_scope.obj
 0001:000327f0       sf_debug_ss_fill_data_struct 00000001800337f0 f   sfc_debug:sfdb_symbol_scope.obj
 0001:00032b40       sf_debug_ss_reset_data_info 0000000180033b40 f   sfc_debug:sfdb_symbol_scope.obj
 0001:00032ba0       sf_debug_fill_data_info_by_symbol_scope_entry 0000000180033ba0 f   sfc_debug:sfdb_symbol_scope.obj
 0001:00032c60       sf_debug_fill_data_info_by_data_vector 0000000180033c60 f   sfc_debug:sfdb_symbol_scope.obj
 0001:00032eb0       get_data_info_helper       0000000180033eb0 f   sfc_debug:sfdb_symbol_scope.obj
 0001:000331a0       sf_debug_ss_get_data_info  00000001800341a0 f   sfc_debug:sfdb_symbol_scope.obj
 0001:000333c0       sf_debug_select_mex_function 00000001800343c0 f   sfc_debug:sfdb_symbol_scope.obj
 0001:000333f0       sf_debug_is_dyn_matrix_initialized 00000001800343f0 f   sfc_debug:sfdb_symbol_scope.obj
 0001:00033410       sf_debug_ss_set_data_value_try 0000000180034410 f   sfc_debug:sfdb_symbol_scope.obj
 0001:00033600       sf_debug_ss_get_data_value 0000000180034600 f   sfc_debug:sfdb_symbol_scope.obj
 0001:00033d60       sf_debug_ss_data_bytes_string 0000000180034d60 f   sfc_debug:sfdb_symbol_scope.obj
 0001:00033df0       sf_debug_ss_data_class_string 0000000180034df0 f   sfc_debug:sfdb_symbol_scope.obj
 0001:00034170       sf_debug_ss_data_size_string 0000000180035170 f   sfc_debug:sfdb_symbol_scope.obj
 0001:00034250       sf_debug_ss_data_create_data_info_struct 0000000180035250 f   sfc_debug:sfdb_symbol_scope.obj
 0001:00034500       sf_debug_ss_data_create_name_value_pair 0000000180035500 f   sfc_debug:sfdb_symbol_scope.obj
 0001:000345a0       sf_debug_ss_data_get_whos_info 00000001800355a0 f   sfc_debug:sfdb_symbol_scope.obj
 0001:000345b0       same_named_data_in_data_array 00000001800355b0 f   sfc_debug:sfdb_symbol_scope.obj
 0001:00035d40       sf_debug_cc_terminate_chart 0000000180036d40 f   sfc_debug:sfdb_coverage.obj
 0001:00036050       sf_debug_cc_terminate_instance 0000000180037050 f   sfc_debug:sfdb_coverage.obj
 0001:00036c20       sf_debug_cc_mark_object_if_needed 0000000180037c20 f   sfc_debug:sfdb_coverage.obj
 0001:000374a0       sf_debug_bm_initialize_eml 00000001800384a0 f   sfc_debug:sfdb_breakpoints.obj
 0001:00038560       sf_debug_bm_map_debug_tag_to_breakpoint_tag 0000000180039560 f   sfc_debug:sfdb_breakpoints.obj
 0001:00038640       sf_debug_bm_is_a_eml_breakpoint_impl 0000000180039640 f   sfc_debug:sfdb_breakpoints.obj
 0001:00039f70       sf_debug_sc_push_on_error_stack 000000018003af70 f   sfc_debug:sfdb_state_consistency.obj
 0001:0003a090       sf_debug_sc_reset_error_stack 000000018003b090 f   sfc_debug:sfdb_state_consistency.obj
 0001:0003a220       sf_debug_sc_is_state_inconsistent 000000018003b220 f   sfc_debug:sfdb_state_consistency.obj
 0001:0003a510       sf_debug_sc_fill_consistency_info 000000018003b510 f   sfc_debug:sfdb_state_consistency.obj
 0001:0003aab0       void_assertion_fcn         000000018003bab0 f   sfc_debug:sfdb_call_stack.obj
 0001:0003b000       sf_debug_tm_fill_local_trace 000000018003c000 f   sfc_debug:sfdb_call_stack.obj
 0001:0003b5a0       sf_debug_cd_terminate_instance 000000018003c5a0 f   sfc_debug:sfdb_cycle_detection.obj
 0001:0003b600       sf_debug_cd_free_checksum_stack 000000018003c600 f   sfc_debug:sfdb_cycle_detection.obj
 0001:0003b650       sf_debug_cd_reset_pack_strings 000000018003c650 f   sfc_debug:sfdb_cycle_detection.obj
 0001:0003bcf0       md5file_clear              000000018003ccf0 f   sfc_debug:ckmd5.obj
 0001:0003bd20       Encode                     000000018003cd20 f   sfc_debug:ckmd5.obj
 0001:0003bd70       Decode                     000000018003cd70 f   sfc_debug:ckmd5.obj
 0001:0003be10       MD5Transform               000000018003ce10 f   sfc_debug:ckmd5.obj
 0001:0003c670       md5file_addn               000000018003d670 f   sfc_debug:ckmd5.obj
 0001:0003c740       md5file_hash               000000018003d740 f   sfc_debug:ckmd5.obj
 0001:0003cc38       pre_c_init                 000000018003dc38 f   MSVCRT:crtdll.obj
 0001:0003cef4       __DllMainCRTStartup        000000018003def4 f   MSVCRT:crtdll.obj
 0001:0003d5f0       __DllMainCRTStartup$filt$0 000000018003e5f0 f   MSVCRT:crtdll.obj
 0001:0003d620       __DllMainCRTStartup$fin$1  000000018003e620 f   MSVCRT:crtdll.obj
 0001:0003d63a       _onexit$fin$0              000000018003e63a f   MSVCRT:atonexit.obj
 0001:0003d660       _IsNonwritableInCurrentImage$filt$0 000000018003e660 f   MSVCRT:pesect.obj
