 HXpump_sanity_sfun

 Timestamp is 57952105 (Sun Jul 24 16:11:49 2016)

 Preferred load address is 10000000

 Start         Length     Name                   Class
 0001:00000000 00031104H .text                   CODE
 0002:00000000 00000244H .idata$5                DATA
 0002:00000244 00000004H .CRT$XCA                DATA
 0002:00000248 00000004H .CRT$XCZ                DATA
 0002:0000024c 00000004H .CRT$XIA                DATA
 0002:00000250 00000004H .CRT$XIAA               DATA
 0002:00000254 00000004H .CRT$XIC                DATA
 0002:00000258 00000004H .CRT$XIZ                DATA
 0002:00000260 000045b8H .rdata                  DATA
 0002:00004820 00000004H .rdata$sxdata           DATA
 0002:00004824 00000004H .rtc$IAA                DATA
 0002:00004828 00000004H .rtc$IZZ                DATA
 0002:0000482c 00000004H .rtc$TAA                DATA
 0002:00004830 00000004H .rtc$TZZ                DATA
 0002:00004838 00000064H .xdata$x                DATA
 0002:0000489c 0000008cH .idata$2                DATA
 0002:00004928 00000014H .idata$3                DATA
 0002:0000493c 00000244H .idata$4                DATA
 0002:00004b80 00000ab0H .idata$6                DATA
 0002:00005630 00000058H .edata                  DATA
 0003:00000000 00002e60H .data                   DATA
 0003:00002e60 000020c8H .bss                    DATA

  Address         Publics by Value              Rva+Base       Lib:Object

 0000:00000000       __except_list              00000000     <absolute>
 0000:00000001       ___safe_se_handler_count   00000001     <absolute>
 0000:00009876       __fltused                  00009876     <absolute>
 0000:00009876       __ldused                   00009876     <absolute>
 0000:00000000       ___ImageBase               10000000     <linker-defined>
 0001:00000000       _sf_c2_HXpump_sanity_get_eml_resolved_functions_info 10001000 f   c2_HXpump_sanity.obj
 0001:00001000       _sf_c2_HXpump_sanity_get_check_sum 10002000 f   c2_HXpump_sanity.obj
 0001:00001060       _sf_c2_HXpump_sanity_get_autoinheritance_info 10002060 f   c2_HXpump_sanity.obj
 0001:00001c10       _sf_c2_HXpump_sanity_third_party_uses_info 10002c10 f   c2_HXpump_sanity.obj
 0001:00001c30       _sf_internal_get_sim_state_c2_HXpump_sanity 10002c30 f   c2_HXpump_sanity.obj
 0001:00001f80       _sf_internal_set_sim_state_c2_HXpump_sanity 10002f80 f   c2_HXpump_sanity.obj
 0001:00002430       _c2_HXpump_sanity_method_dispatcher 10003430 f   c2_HXpump_sanity.obj
 0001:00007f50       _sf_process_check_sum_call 10008f50 f   HXpump_sanity_sfun_registry.obj
 0001:00007f80       _sf_process_autoinheritance_call 10008f80 f   HXpump_sanity_sfun_registry.obj
 0001:000080c0       _sf_process_get_third_party_uses_info_call 100090c0 f   HXpump_sanity_sfun_registry.obj
 0001:00008200       _sf_process_get_eml_resolved_functions_info_call 10009200 f   HXpump_sanity_sfun_registry.obj
 0001:00008320       _sf_mex_unlock_call        10009320 f   HXpump_sanity_sfun_registry.obj
 0001:000083b0       _sf_machine_global_initializer_called 100093b0 f   HXpump_sanity_sfun_registry.obj
 0001:000083d0       _sf_machine_global_method_dispatcher 100093d0 f   HXpump_sanity_sfun_registry.obj
 0001:00008410       _sf_machine_global_terminator 10009410 f   HXpump_sanity_sfun_registry.obj
 0001:00008450       _sf_register_machine_exported_symbols 10009450 f   HXpump_sanity_sfun_registry.obj
 0001:00008470       _callCustomFcn             10009470 f   HXpump_sanity_sfun_registry.obj
 0001:00008480       _sf_machine_global_initializer 10009480 f   HXpump_sanity_sfun_registry.obj
 0001:000084f0       __ssSetStateAbsTol         100094f0 f   HXpump_sanity_sfun_registry.obj
 0001:00008590       __ssGetAbsTol              10009590 f   HXpump_sanity_sfun_registry.obj
 0001:000085e0       __ssSetInputPortMatrixDimensions 100095e0 f   HXpump_sanity_sfun_registry.obj
 0001:00008690       __ssSetOutputPortMatrixDimensions 10009690 f   HXpump_sanity_sfun_registry.obj
 0001:00008740       __ssSetInputPortVectorDimension 10009740 f   HXpump_sanity_sfun_registry.obj
 0001:000087c0       __ssSetOutputPortVectorDimension 100097c0 f   HXpump_sanity_sfun_registry.obj
 0001:00008840       _ssIsRunTimeParamTunable   10009840 f   HXpump_sanity_sfun_registry.obj
 0001:000088a0       _ssGetSFuncBlockHandle     100098a0 f   HXpump_sanity_sfun_registry.obj
 0001:000088f0       __ssGetCurrentInputPortWidth 100098f0 f   HXpump_sanity_sfun_registry.obj
 0001:000089c0       __ssGetCurrentOutputPortWidth 100099c0 f   HXpump_sanity_sfun_registry.obj
 0001:00008a90       __ssGetCallSystemNumFcnCallDestinations 10009a90 f   HXpump_sanity_sfun_registry.obj
 0001:00008af0       _ssWarning                 10009af0 f   HXpump_sanity_sfun_registry.obj
 0001:00008bd0       _ssGetIsZeroCrossControlDisabled 10009bd0 f   HXpump_sanity_sfun_registry.obj
 0001:00008c30       _ssSetIsInputPortUsedForContZcSignal 10009c30 f   HXpump_sanity_sfun_registry.obj
 0001:00008c80       _ssSetZcSignalIsZcElementDisc 10009c80 f   HXpump_sanity_sfun_registry.obj
 0001:00008d00       _ssSetZcSignalName         10009d00 f   HXpump_sanity_sfun_registry.obj
 0001:00008d50       _ssSetZcSignalWidth        10009d50 f   HXpump_sanity_sfun_registry.obj
 0001:00008da0       _ssSetZcSignalZcEventType  10009da0 f   HXpump_sanity_sfun_registry.obj
 0001:00008df0       _ssSetZcSignalType         10009df0 f   HXpump_sanity_sfun_registry.obj
 0001:00008e40       _ssSetZcSignalZcTol        10009e40 f   HXpump_sanity_sfun_registry.obj
 0001:00008e90       _ssSetZcSignalNeedsEventNotification 10009e90 f   HXpump_sanity_sfun_registry.obj
 0001:00008ee0       _ssCreateAndAddZcSignalInfo 10009ee0 f   HXpump_sanity_sfun_registry.obj
 0001:00008f40       _ssCloneAndAddZcSignalInfo 10009f40 f   HXpump_sanity_sfun_registry.obj
 0001:00008fa0       _ssGetNumZcSignals         10009fa0 f   HXpump_sanity_sfun_registry.obj
 0001:00009000       _ssGetZcSignalVector       1000a000 f   HXpump_sanity_sfun_registry.obj
 0001:00009060       _ssGetZcSignalZcEvents     1000a060 f   HXpump_sanity_sfun_registry.obj
 0001:000090c0       _ssGetZcSignalName         1000a0c0 f   HXpump_sanity_sfun_registry.obj
 0001:00009120       _ssGetZcSignalWidth        1000a120 f   HXpump_sanity_sfun_registry.obj
 0001:00009180       _ssGetZcSignalZcEventType  1000a180 f   HXpump_sanity_sfun_registry.obj
 0001:000091e0       _ssGetZcSignalType         1000a1e0 f   HXpump_sanity_sfun_registry.obj
 0001:00009240       _ssGetZcSignalZcTol        1000a240 f   HXpump_sanity_sfun_registry.obj
 0001:000092a0       _ssGetZcSignalNeedsEventNotification 1000a2a0 f   HXpump_sanity_sfun_registry.obj
 0001:00009300       _ssGetZcSignalIsZcElementDisc 1000a300 f   HXpump_sanity_sfun_registry.obj
 0001:00009380       _ssGetIsInputPortElementContinuous 1000a380 f   HXpump_sanity_sfun_registry.obj
 0001:00009400       __ssGetInputPortSignalPtrsFcn 1000a400 f   HXpump_sanity_sfun_registry.obj
 0001:00009600       __ssGetInputPortSignalFcn  1000a600 f   HXpump_sanity_sfun_registry.obj
 0001:00009790       __ssSetInputPortDirectFeedThroughFcn 1000a790 f   HXpump_sanity_sfun_registry.obj
 0001:000098c0       __ssSetInputPortReusableFcn 1000a8c0 f   HXpump_sanity_sfun_registry.obj
 0001:00009950       __ssSetOutputPortReusableFcn 1000a950 f   HXpump_sanity_sfun_registry.obj
 0001:000099e0       _ssGetDTypeIdFromMxArray   1000a9e0 f   HXpump_sanity_sfun_registry.obj
 0001:00009ad0       _ssWriteRTWStr             1000aad0 f   HXpump_sanity_sfun_registry.obj
 0001:00009b10       _ssWriteRTWMxVectParam     1000ab10 f   HXpump_sanity_sfun_registry.obj
 0001:00009b50       _ssWriteRTWMx2dMatParam    1000ab50 f   HXpump_sanity_sfun_registry.obj
 0001:00009b90       _ssWriteRTWNameValuePair   1000ab90 f   HXpump_sanity_sfun_registry.obj
 0001:00009f00       _ssWriteRTWParameters      1000af00 f   HXpump_sanity_sfun_registry.obj
 0001:0000a2a0       _ssWriteRTWParamSettings   1000b2a0 f   HXpump_sanity_sfun_registry.obj
 0001:0000a750       _ssWriteRTWWorkVect        1000b750 f   HXpump_sanity_sfun_registry.obj
 0001:0000aae0       _mexFunction               1000bae0 f   HXpump_sanity_sfun_registry.obj
 0001:0000c260       _ProcessMexSfunctionEveryCall 1000d260 f   HXpump_sanity_sfun_registry.obj
 0001:0000c370       _HXpump_sanity_initializer 1000d370 f   HXpump_sanity_sfun.obj
 0001:0000c380       _HXpump_sanity_terminator  1000d380 f   HXpump_sanity_sfun.obj
 0001:0000c390       _sf_HXpump_sanity_method_dispatcher 1000d390 f   HXpump_sanity_sfun.obj
 0001:0000c3c0       _sf_HXpump_sanity_process_check_sum_call 1000d3c0 f   HXpump_sanity_sfun.obj
 0001:0000c770       _sf_HXpump_sanity_autoinheritance_info 1000d770 f   HXpump_sanity_sfun.obj
 0001:0000c890       _sf_HXpump_sanity_get_eml_resolved_functions_info 1000d890 f   HXpump_sanity_sfun.obj
 0001:0000c980       _sf_HXpump_sanity_third_party_uses_info 1000d980 f   HXpump_sanity_sfun.obj
 0001:0000cab0       _HXpump_sanity_debug_initialize 1000dab0 f   HXpump_sanity_sfun.obj
 0001:0000cb10       _HXpump_sanity_register_exported_symbols 1000db10 f   HXpump_sanity_sfun.obj
 0001:0000cb20       _load_HXpump_sanity_optimization_info 1000db20 f   HXpump_sanity_sfun.obj
 0001:0000cb60       _unload_HXpump_sanity_optimization_info 1000db60 f   HXpump_sanity_sfun.obj
 0001:0000cc30       _sf_mex_mx_is_numeric      1000dc30 f   sfc_mexmsvc80:sfc_mex.obj
 0001:0000cc70       _strcmp_ignore_ws          1000dc70 f   sfc_mexmsvc80:sfc_mex.obj
 0001:0000cd90       _sf_mex_duplicatearraysafe 1000dd90 f   sfc_mexmsvc80:sfc_mex.obj
 0001:0000cf70       _sf_set_error_debugger_context_message_fcn 1000df70 f   sfc_mexmsvc80:sfc_mex.obj
 0001:0000cf90       _sf_set_debugger_matlab_error_fcn 1000df90 f   sfc_mexmsvc80:sfc_mex.obj
 0001:0000cfc0       _sf_set_error_prefix_string 1000dfc0 f   sfc_mexmsvc80:sfc_mex.obj
 0001:0000cff0       _sf_get_error_prefix_string 1000dff0 f   sfc_mexmsvc80:sfc_mex.obj
 0001:0000d000       _sf_mex_enter_parallel_region 1000e000 f   sfc_mexmsvc80:sfc_mex.obj
 0001:0000d010       _sf_mex_exit_parallel_region 1000e010 f   sfc_mexmsvc80:sfc_mex.obj
 0001:0000d020       _sf_get_current_jmp_buf_ptr 1000e020 f   sfc_mexmsvc80:sfc_mex.obj
 0001:0000d030       _sf_set_current_jmp_buf_ptr 1000e030 f   sfc_mexmsvc80:sfc_mex.obj
 0001:0000d040       _sf_mex_set_halt_simulation 1000e040 f   sfc_mexmsvc80:sfc_mex.obj
 0001:0000d050       _sf_mex_get_halt_simulation 1000e050 f   sfc_mexmsvc80:sfc_mex.obj
 0001:0000d060       _sf_mex_clear_error_message 1000e060 f   sfc_mexmsvc80:sfc_mex.obj
 0001:0000d080       _sf_mex_get_error_message_for_read 1000e080 f   sfc_mexmsvc80:sfc_mex.obj
 0001:0000d090       _sf_mex_get_error_message_buffer_length 1000e090 f   sfc_mexmsvc80:sfc_mex.obj
 0001:0000d160       _sf_mex_warning_message    1000e160 f   sfc_mexmsvc80:sfc_mex.obj
 0001:0000d1b0       _sf_mex_v_errbuf_createf   1000e1b0 f   sfc_mexmsvc80:sfc_mex.obj
 0001:0000d1d0       _sf_mex_errbuf_createf     1000e1d0 f   sfc_mexmsvc80:sfc_mex.obj
 0001:0000d1f0       _sf_mex_v_errbuf_catf      1000e1f0 f   sfc_mexmsvc80:sfc_mex.obj
 0001:0000d230       _sf_mex_errbuf_catf        1000e230 f   sfc_mexmsvc80:sfc_mex.obj
 0001:0000d270       _sf_mex_errbuf_copy        1000e270 f   sfc_mexmsvc80:sfc_mex.obj
 0001:0000d290       _sf_mex_errbuf_clear       1000e290 f   sfc_mexmsvc80:sfc_mex.obj
 0001:0000d2a0       _sf_mex_errbuf_isempty     1000e2a0 f   sfc_mexmsvc80:sfc_mex.obj
 0001:0000d330       _sf_mex_set_error_status   1000e330 f   sfc_mexmsvc80:sfc_mex.obj
 0001:0000d360       _sf_mex_error_direct_call  1000e360 f   sfc_mexmsvc80:sfc_mex.obj
 0001:0000d380       _sf_mex_error_message_no_long_jump 1000e380 f   sfc_mexmsvc80:sfc_mex.obj
 0001:0000d3b0       _sf_mex_long_jump_on_error 1000e3b0 f   sfc_mexmsvc80:sfc_mex.obj
 0001:0000d3e0       _sf_mex_call_matlab        1000e3e0 f   sfc_mexmsvc80:sfc_mex.obj
 0001:0000d4b0       _sf_mex_check_builtin      1000e4b0 f   sfc_mexmsvc80:sfc_mex.obj
 0001:0000d510       _sf_mex_check_builtin_vs   1000e510 f   sfc_mexmsvc80:sfc_mex.obj
 0001:0000d570       _sf_mex_check_enum         1000e570 f   sfc_mexmsvc80:sfc_mex.obj
 0001:0000d5c0       _sf_mex_create_enum        1000e5c0 f   sfc_mexmsvc80:sfc_mex.obj
 0001:0000d610       _sf_mex_get_enum_element   1000e610 f   sfc_mexmsvc80:sfc_mex.obj
 0001:0000d620       _sf_mex_createcellarray    1000e620 f   sfc_mexmsvc80:sfc_mex.obj
 0001:0000d640       _sf_mex_setcell            1000e640 f   sfc_mexmsvc80:sfc_mex.obj
 0001:0000d650       _sf_mex_getcell            1000e650 f   sfc_mexmsvc80:sfc_mex.obj
 0001:0000d660       _sf_mex_dup                1000e660 f   sfc_mexmsvc80:sfc_mex.obj
 0001:0000d690       _sf_mex_assign             1000e690 f   sfc_mexmsvc80:sfc_mex.obj
 0001:0000d6e0       _sf_mex_destroy            1000e6e0 f   sfc_mexmsvc80:sfc_mex.obj
 0001:0000d700       _mx_array_has_fi_type      1000e700 f   sfc_mexmsvc80:sfc_mex.obj
 0001:0000d730       _sf_mex_convert_from_fi    1000e730 f   sfc_mexmsvc80:sfc_mex.obj
 0001:0000d810       _sf_mex_convert_to_double  1000e810 f   sfc_mexmsvc80:sfc_mex.obj
 0001:0000d850       _sf_mex_import_fi_vs       1000e850 f   sfc_mexmsvc80:sfc_mex.obj
 0001:0000d9b0       _sf_matrix_matrix_index_ok 1000e9b0 f   sfc_mexmsvc80:sfc_mex.obj
 0001:0000da20       _sf_vector_vector_index_ok 1000ea20 f   sfc_mexmsvc80:sfc_mex.obj
 0001:0000da50       _ssGetCurrentInputPortDimensions_wrapper 1000ea50 f   sfc_mexmsvc80:sfc_mex.obj
 0001:0000da70       _ssGetCurrentOutputPortDimensions_wrapper 1000ea70 f   sfc_mexmsvc80:sfc_mex.obj
 0001:0000da90       _sf_mex_emlrt_context_is_debug_mode 1000ea90 f   sfc_mexmsvc80:sfc_mex.obj
 0001:0000daa0       _sf_mex_emlrt_context_set_debug_mode 1000eaa0 f   sfc_mexmsvc80:sfc_mex.obj
 0001:0000dab0       _sf_mex_emlrtNameCapturePostProcessR2012a 1000eab0 f   sfc_mexmsvc80:sfc_mex.obj
 0001:0000db10       _sf_clear_error_manager_info 1000eb10 f   sfc_mexmsvc80:sfc_mex.obj
 0001:0000db60       _sf_mex_stop_simulation_abruptly_wo_error 1000eb60 f   sfc_mexmsvc80:sfc_mex.obj
 0001:0000db90       _sf_mex_error_message      1000eb90 f   sfc_mexmsvc80:sfc_mex.obj
 0001:0000dbe0       _sf_react_to_error_in_matlab_call 1000ebe0 f   sfc_mexmsvc80:sfc_mex.obj
 0001:0000dc10       _sf_mex_addfield           1000ec10 f   sfc_mexmsvc80:sfc_mex.obj
 0001:0000dc90       _sf_mex_getfield           1000ec90 f   sfc_mexmsvc80:sfc_mex.obj
 0001:0000df10       _sf_mex_check_class        1000ef10 f   sfc_mexmsvc80:sfc_mex.obj
 0001:0000df90       _sf_mex_is_real            1000ef90 f   sfc_mexmsvc80:sfc_mex.obj
 0001:0000e1a0       _sf_mex_decode_encoded_mx_struct_array 1000f1a0 f   sfc_mexmsvc80:sfc_mex.obj
 0001:0000e340       _sf_mex_lw_bounds_check    1000f340 f   sfc_mexmsvc80:sfc_mex.obj
 0001:0000e370       _sf_mex_lw_size_eq_check_1d 1000f370 f   sfc_mexmsvc80:sfc_mex.obj
 0001:0000e390       _sf_mex_lw_size_eq_check_nd 1000f390 f   sfc_mexmsvc80:sfc_mex.obj
 0001:0000e470       _sf_mex_lw_dim_size_eq_check 1000f470 f   sfc_mexmsvc80:sfc_mex.obj
 0001:0000e4a0       _sf_mex_lw_dim_size_geq_check 1000f4a0 f   sfc_mexmsvc80:sfc_mex.obj
 0001:0000e4d0       _sf_mex_lw_sub_assign_size_check_nd 1000f4d0 f   sfc_mexmsvc80:sfc_mex.obj
 0001:0000e600       _sf_mex_lw_runtime_error_msgid 1000f600 f   sfc_mexmsvc80:sfc_mex.obj
 0001:0000e6b0       _sf_mex_lw_matrix_matrix_index_check 1000f6b0 f   sfc_mexmsvc80:sfc_mex.obj
 0001:0000e6e0       _sf_mex_lw_vector_vector_index_check 1000f6e0 f   sfc_mexmsvc80:sfc_mex.obj
 0001:0000e720       _sf_mex_lw_for_loop_vector_check 1000f720 f   sfc_mexmsvc80:sfc_mex.obj
 0001:0000e780       _sf_mex_lw_non_negative_check 1000f780 f   sfc_mexmsvc80:sfc_mex.obj
 0001:0000e7b0       _sf_mex_overflow_error     1000f7b0 f   sfc_mexmsvc80:sfc_mex.obj
 0001:0000e7c0       _sf_mex_dividebyzero_error 1000f7c0 f   sfc_mexmsvc80:sfc_mex.obj
 0001:0000e7d0       _sf_mex_unsafe_enum_error  1000f7d0 f   sfc_mexmsvc80:sfc_mex.obj
 0001:0000e7e0       _sf_emlrtErrHandler        1000f7e0 f   sfc_mexmsvc80:sfc_mex.obj
 0001:0000e8a0       _sf_mex_size_one_check     1000f8a0 f   sfc_mexmsvc80:sfc_mex.obj
 0001:0000e8c0       _sf_mex_printf             1000f8c0 f   sfc_mexmsvc80:sfc_mex.obj
 0001:0000e9a0       _sf_mex_check_size         1000f9a0 f   sfc_mexmsvc80:sfc_mex.obj
 0001:0000ec20       _sf_mex_check_struct       1000fc20 f   sfc_mexmsvc80:sfc_mex.obj
 0001:0000ee70       _sf_mex_check_struct_vs    1000fe70 f   sfc_mexmsvc80:sfc_mex.obj
 0001:0000eeb0       _sf_mex_check_fi           1000feb0 f   sfc_mexmsvc80:sfc_mex.obj
 0001:0000ef80       _sf_mex_check_fi_vs        1000ff80 f   sfc_mexmsvc80:sfc_mex.obj
 0001:0000efd0       _sf_echo_expression        1000ffd0 f   sfc_mexmsvc80:sfc_mex.obj
 0001:0000f020       _sf_assertion_failed       10010020 f   sfc_mexmsvc80:sfc_mex.obj
 0001:0000f2b0       _sf_mex_evalin             100102b0 f   sfc_mexmsvc80:sfc_mex.obj
 0001:0000f510       _sf_mex_export             10010510 f   sfc_mexmsvc80:sfc_mex.obj
 0001:0000f5c0       _sf_mex_get_ml_var_no_error 100105c0 f   sfc_mexmsvc80:sfc_mex.obj
 0001:0000f720       _sf_mex_get_ml_var         10010720 f   sfc_mexmsvc80:sfc_mex.obj
 0001:0000fbf0       _ml_set_element_value_in_array 10010bf0 f   sfc_mexmsvc80:sfc_mex.obj
 0001:00010d20       _sf_mex_call_impl          10011d20 f   sfc_mexmsvc80:sfc_mex.obj
 0001:000110c0       _sf_mex_call_debug         100120c0 f   sfc_mexmsvc80:sfc_mex.obj
 0001:000110e0       _sf_mex_call               100120e0 f   sfc_mexmsvc80:sfc_mex.obj
 0001:000117f0       _sf_mex_createstruct       100127f0 f   sfc_mexmsvc80:sfc_mex.obj
 0001:00011890       _sf_mex_createstructarray  10012890 f   sfc_mexmsvc80:sfc_mex.obj
 0001:000118f0       _sf_mex_get_mx_datatype_from_sf_datatype 100128f0 f   sfc_mexmsvc80:sfc_mex.obj
 0001:00011b80       _sf_mex_ml_var_sub         10012b80 f   sfc_mexmsvc80:sfc_mex.obj
 0001:00011cf0       _sf_mex_ml_var_subsasgn    10012cf0 f   sfc_mexmsvc80:sfc_mex.obj
 0001:00012000       _sf_mex_sub                10013000 f   sfc_mexmsvc80:sfc_mex.obj
 0001:000121a0       _sf_mex_subsasgn           100131a0 f   sfc_mexmsvc80:sfc_mex.obj
 0001:00012590       _sf_mex_create             10013590 f   sfc_mexmsvc80:sfc_mex.obj
 0001:00012e80       _sf_mex_import_named       10013e80 f   sfc_mexmsvc80:sfc_mex.obj
 0001:00012ed0       _sf_mex_import             10013ed0 f   sfc_mexmsvc80:sfc_mex.obj
 0001:00012f10       _sf_mex_import_vs          10013f10 f   sfc_mexmsvc80:sfc_mex.obj
 0001:00012fc0       _sf_mex_lower_fixpt_mx_array 10013fc0 f   sfc_mexmsvc80:sfc_mex.obj
 0001:00013190       _sf_send_message_wrapper   10014190 f   sfc_mexmsvc80:sfc_sf.obj
 0001:000131c0       _sf_receive_message_wrapper 100141c0 f   sfc_mexmsvc80:sfc_sf.obj
 0001:00013200       _sf_check_out_message_wrapper 10014200 f   sfc_mexmsvc80:sfc_sf.obj
 0001:00013240       _sf_check_in_message_wrapper 10014240 f   sfc_mexmsvc80:sfc_sf.obj
 0001:00013280       _sf_no_message_wrapper     10014280 f   sfc_mexmsvc80:sfc_sf.obj
 0001:000134f0       _sim_mode_is_rtw_gen       100144f0 f   sfc_mexmsvc80:sfc_sf.obj
 0001:00013530       _sim_mode_is_external      10014530 f   sfc_mexmsvc80:sfc_sf.obj
 0001:00013550       _sim_mode_is_modelref_sim  10014550 f   sfc_mexmsvc80:sfc_sf.obj
 0001:00013580       _mdlInitializeSizes        10014580 f   sfc_mexmsvc80:sfc_sf.obj
 0001:000135a0       _mdlInitializeSampleTimes  100145a0 f   sfc_mexmsvc80:sfc_sf.obj
 0001:000135e0       _mdlZeroCrossings          100145e0 f   sfc_mexmsvc80:sfc_sf.obj
 0001:00013690       _mdlDerivatives            10014690 f   sfc_mexmsvc80:sfc_sf.obj
 0001:00013730       _mdl_initialize_conditions_processing 10014730 f   sfc_mexmsvc80:sfc_sf.obj
 0001:00013760       _mdlInitializeConditions   10014760 f   sfc_mexmsvc80:sfc_sf.obj
 0001:00013800       _mdlGetSimState            10014800 f   sfc_mexmsvc80:sfc_sf.obj
 0001:00013820       _mdlSetSimState            10014820 f   sfc_mexmsvc80:sfc_sf.obj
 0001:00013840       _mdl_ext_mode_exec_processing 10014840 f   sfc_mexmsvc80:sfc_sf.obj
 0001:00013860       _mdlExtModeExec            10014860 f   sfc_mexmsvc80:sfc_sf.obj
 0001:000139f0       _mdlTerminate              100149f0 f   sfc_mexmsvc80:sfc_sf.obj
 0001:00013a50       _mdlRTW                    10014a50 f   sfc_mexmsvc80:sfc_sf.obj
 0001:00013a80       _mdlSetWorkWidths          10014a80 f   sfc_mexmsvc80:sfc_sf.obj
 0001:00013aa0       _mdlProcessParameters      10014aa0 f   sfc_mexmsvc80:sfc_sf.obj
 0001:00013ac0       _mdl_start_processing      10014ac0 f   sfc_mexmsvc80:sfc_sf.obj
 0001:00013b10       _mdlStart                  10014b10 f   sfc_mexmsvc80:sfc_sf.obj
 0001:00013bc0       _mdlEnable                 10014bc0 f   sfc_mexmsvc80:sfc_sf.obj
 0001:00013c70       _mdlDisable                10014c70 f   sfc_mexmsvc80:sfc_sf.obj
 0001:00013d00       _sf_get_chart_instance_ptr 10014d00 f   sfc_mexmsvc80:sfc_sf.obj
 0001:00013d20       _sf_load_rtw_optimization_info 10014d20 f   sfc_mexmsvc80:sfc_sf.obj
 0001:00013dc0       _sf_update_buildInfo       10014dc0 f   sfc_mexmsvc80:sfc_sf.obj
 0001:00013e80       _sf_rtw_info_uint_prop     10014e80 f   sfc_mexmsvc80:sfc_sf.obj
 0001:00013fa0       _sf_is_chart_inlinable     10014fa0 f   sfc_mexmsvc80:sfc_sf.obj
 0001:00013fd0       _sf_mark_output_events_with_multiple_callers 10014fd0 f   sfc_mexmsvc80:sfc_sf.obj
 0001:00014130       _sf_mark_chart_reusable_outputs 10015130 f   sfc_mexmsvc80:sfc_sf.obj
 0001:00014290       _sf_mark_chart_expressionable_inputs 10015290 f   sfc_mexmsvc80:sfc_sf.obj
 0001:000143f0       _sf_get_subchart_simstruct 100153f0 f   sfc_mexmsvc80:sfc_sf.obj
 0001:00014430       _sf_get_fixpt_data_type_id 10015430 f   sfc_mexmsvc80:sfc_sf.obj
 0001:00014470       _sf_get_enum_data_type_id  10015470 f   sfc_mexmsvc80:sfc_sf.obj
 0001:000144b0       _sf_get_param_data_type_id 100154b0 f   sfc_mexmsvc80:sfc_sf.obj
 0001:000144e0       _sf_mex_listen_for_ctrl_c_force 100154e0 f   sfc_mexmsvc80:sfc_sf.obj
 0001:000145e0       _sf_mex_draw_now           100155e0 f   sfc_mexmsvc80:sfc_sf.obj
 0001:00014620       _sf_mex_set_debugger_sim_status_listener_fcn 10015620 f   sfc_mexmsvc80:sfc_sf.obj
 0001:00014630       _sf_mex_listen_for_ctrl_c  10015630 f   sfc_mexmsvc80:sfc_sf.obj
 0001:000146c0       _sf_mex_get_sfun_param     100156c0 f   sfc_mexmsvc80:sfc_sf.obj
 0001:00014710       _sf_get_runtime_param_data 10015710 f   sfc_mexmsvc80:sfc_sf.obj
 0001:00014750       _sf_call_output_fcn_call   10015750 f   sfc_mexmsvc80:sfc_sf.obj
 0001:00014870       _sf_call_output_fcn_enable 10015870 f   sfc_mexmsvc80:sfc_sf.obj
 0001:000148f0       _sf_call_output_fcn_disable 100158f0 f   sfc_mexmsvc80:sfc_sf.obj
 0001:00014970       _sf_clear_rtw_identifier   10015970 f   sfc_mexmsvc80:sfc_sf.obj
 0001:00015260       _sf_set_encoded_dwork_info 10016260 f   sfc_mexmsvc80:sfc_sf.obj
 0001:000152a0       _sf_get_dwork_info_from_mat_file 100162a0 f   sfc_mexmsvc80:sfc_sf.obj
 0001:000153f0       _sf_set_rtw_dwork_info     100163f0 f   sfc_mexmsvc80:sfc_sf.obj
 0001:00015520       _mdlOutputs                10016520 f   sfc_mexmsvc80:sfc_sf.obj
 0001:000155c0       _sf_debug_chart_instance_initialized_quick 100165c0 f   sfc_debugmsvc80:sfcdebug.obj
 0001:00015640       _sf_debug_disp             10016640 f   sfc_debugmsvc80:sfcdebug.obj
 0001:00015840       _sf_debug_data_runtime_size_mismatch_error_check 10016840 f   sfc_debugmsvc80:sfcdebug.obj
 0001:00015890       _sf_debug_try_loading_machine 10016890 f   sfc_debugmsvc80:sfcdebug.obj
 0001:00015970       _sf_debug_reset_current_state_configuration 10016970 f   sfc_debugmsvc80:sfcdebug.obj
 0001:000159b0       _sf_debug_store_current_state_configuration 100169b0 f   sfc_debugmsvc80:sfcdebug.obj
 0001:000159f0       _sf_debug_restore_previous_state_configuration 100169f0 f   sfc_debugmsvc80:sfcdebug.obj
 0001:00015a30       _sf_debug_restore_previous_state_configuration2 10016a30 f   sfc_debugmsvc80:sfcdebug.obj
 0001:00015a70       _sf_debug_get_event_scope  10016a70 f   sfc_debugmsvc80:sfcdebug.obj
 0001:00015b90       _use_debugger_step_animation 10016b90 f   sfc_debugmsvc80:sfcdebug.obj
 0001:00015bc0       _sf_debug_get_script_id    10016bc0 f   sfc_debugmsvc80:sfcdebug.obj
 0001:00015c50       _sf_debug_set_script_translation 10016c50 f   sfc_debugmsvc80:sfcdebug.obj
 0001:00015d80       _sf_debug_extract_message_post_receive_info 10016d80 f   sfc_debugmsvc80:sfcdebug.obj
 0001:00015e40       _sf_debug_get_current_machine_id 10016e40 f   sfc_debugmsvc80:sfcdebug.obj
 0001:00015e60       _sf_debug_get_current_optional_integer 10016e60 f   sfc_debugmsvc80:sfcdebug.obj
 0001:00015e70       _sf_debug_get_current_machine_number 10016e70 f   sfc_debugmsvc80:sfcdebug.obj
 0001:00015e90       _sf_debug_get_current_machine_name 10016e90 f   sfc_debugmsvc80:sfcdebug.obj
 0001:00015eb0       _sf_debug_get_current_chart_id 10016eb0 f   sfc_debugmsvc80:sfcdebug.obj
 0001:00015ef0       _sf_debug_get_current_chart_number 10016ef0 f   sfc_debugmsvc80:sfcdebug.obj
 0001:00015f00       _sf_debug_get_current_instance_number 10016f00 f   sfc_debugmsvc80:sfcdebug.obj
 0001:00015f10       _sf_debug_get_current_is_minor_time_step 10016f10 f   sfc_debugmsvc80:sfcdebug.obj
 0001:00015f90       _sf_debug_get_current_object_type 10016f90 f   sfc_debugmsvc80:sfcdebug.obj
 0001:00015fa0       _sf_debug_get_current_instance_handle 10016fa0 f   sfc_debugmsvc80:sfcdebug.obj
 0001:00016000       _sf_debug_get_current_event_type 10017000 f   sfc_debugmsvc80:sfcdebug.obj
 0001:00016010       _sf_debug_get_current_object_id 10017010 f   sfc_debugmsvc80:sfcdebug.obj
 0001:00016040       _sf_debug_get_current_active_event_type 10017040 f   sfc_debugmsvc80:sfcdebug.obj
 0001:00016050       _sf_debug_get_current_active_event_id 10017050 f   sfc_debugmsvc80:sfcdebug.obj
 0001:00016080       _sf_debug_get_current_tag_type 10017080 f   sfc_debugmsvc80:sfcdebug.obj
 0001:00016090       _sf_debug_get_current_simulation_time 10017090 f   sfc_debugmsvc80:sfcdebug.obj
 0001:000160a0       _sf_debug_get_current_coverage_percentage 100170a0 f   sfc_debugmsvc80:sfcdebug.obj
 0001:000160b0       _sf_debug_current_statement_context 100170b0 f   sfc_debugmsvc80:sfcdebug.obj
 0001:00016140       _sf_debug_get_current_statement_info 10017140 f   sfc_debugmsvc80:sfcdebug.obj
 0001:00016290       _sf_debug_terminate_instance 10017290 f   sfc_debugmsvc80:sfcdebug.obj
 0001:00016540       _sf_debug_assertion_failed 10017540 f   sfc_debugmsvc80:sfcdebug.obj
 0001:00016710       _sf_debug_create_debug_instance_struct 10017710 f   sfc_debugmsvc80:sfcdebug.obj
 0001:00016750       _sf_debug_set_number_of_data_with_change_event_for_machine 10017750 f   sfc_debugmsvc80:sfcdebug.obj
 0001:000167a0       _sf_debug_set_machine_event_thresholds 100177a0 f   sfc_debugmsvc80:sfcdebug.obj
 0001:000167d0       _sf_debug_set_machine_event_scope 100177d0 f   sfc_debugmsvc80:sfcdebug.obj
 0001:00016820       _sf_debug_set_machine_data_thresholds 10017820 f   sfc_debugmsvc80:sfcdebug.obj
 0001:00016870       _sf_debug_set_machine_data_scope 10017870 f   sfc_debugmsvc80:sfcdebug.obj
 0001:00016900       _sf_debug_set_machine_data_name 10017900 f   sfc_debugmsvc80:sfcdebug.obj
 0001:00016950       _sf_debug_set_machine_data_size 10017950 f   sfc_debugmsvc80:sfcdebug.obj
 0001:00016a50       _sf_debug_set_machine_data_type 10017a50 f   sfc_debugmsvc80:sfcdebug.obj
 0001:00016b80       _sf_debug_get_chart_data_number 10017b80 f   sfc_debugmsvc80:sfcdebug.obj
 0001:00016bb0       _sf_debug_get_chart_event_number 10017bb0 f   sfc_debugmsvc80:sfcdebug.obj
 0001:00016be0       _sf_debug_set_chart_state_info 10017be0 f   sfc_debugmsvc80:sfcdebug.obj
 0001:00016c60       _sf_debug_set_chart_decomposition 10017c60 f   sfc_debugmsvc80:sfcdebug.obj
 0001:00016cd0       _sf_debug_set_chart_substate_count 10017cd0 f   sfc_debugmsvc80:sfcdebug.obj
 0001:00016da0       _sf_debug_set_chart_substate_index 10017da0 f   sfc_debugmsvc80:sfcdebug.obj
 0001:00016e20       _sf_debug_set_chart_state_substate_count 10017e20 f   sfc_debugmsvc80:sfcdebug.obj
 0001:00016f10       _sf_debug_set_chart_state_substate_index 10017f10 f   sfc_debugmsvc80:sfcdebug.obj
 0001:00016f90       _sf_debug_set_number_of_data_with_change_event_for_chart 10017f90 f   sfc_debugmsvc80:sfcdebug.obj
 0001:00017010       _sf_debug_set_number_of_states_with_entry_event_for_chart 10018010 f   sfc_debugmsvc80:sfcdebug.obj
 0001:00017090       _sf_debug_set_number_of_states_with_exit_event_for_chart 10018090 f   sfc_debugmsvc80:sfcdebug.obj
 0001:00017110       _sf_debug_set_chart_disable_implicit_casting 10018110 f   sfc_debugmsvc80:sfcdebug.obj
 0001:00017180       _sf_debug_set_chart_event_thresholds 10018180 f   sfc_debugmsvc80:sfcdebug.obj
 0001:00017200       _sf_debug_set_chart_data_compiled_props 10018200 f   sfc_debugmsvc80:sfcdebug.obj
 0001:00017480       _sf_debug_set_chart_data_props 10018480 f   sfc_debugmsvc80:sfcdebug.obj
 0001:00017700       _sf_debug_check_fi_license 10018700 f   sfc_debugmsvc80:sfcdebug.obj
 0001:00017890       _sf_debug_symbol_scope_push 10018890 f   sfc_debugmsvc80:sfcdebug.obj
 0001:000178c0       _sf_debug_symbol_scope_push_eml 100188c0 f   sfc_debugmsvc80:sfcdebug.obj
 0001:00017900       _sf_debug_symbol_scope_pop 10018900 f   sfc_debugmsvc80:sfcdebug.obj
 0001:00017940       _sf_debug_symbol_scope_add_importable 10018940 f   sfc_debugmsvc80:sfcdebug.obj
 0001:000179a0       _sf_debug_symbol_scope_add 100189a0 f   sfc_debugmsvc80:sfcdebug.obj
 0001:000179f0       _sf_debug_symbol_scope_add_dyn_importable 100189f0 f   sfc_debugmsvc80:sfcdebug.obj
 0001:00017a60       _sf_debug_symbol_scope_add_dyn 10018a60 f   sfc_debugmsvc80:sfcdebug.obj
 0001:00017a90       _sf_debug_symbol_scope_add_eml_importable 10018a90 f   sfc_debugmsvc80:sfcdebug.obj
 0001:00017ac0       _sf_debug_symbol_scope_add_eml 10018ac0 f   sfc_debugmsvc80:sfcdebug.obj
 0001:00017af0       _sf_debug_symbol_scope_add_eml_dyn_importable 10018af0 f   sfc_debugmsvc80:sfcdebug.obj
 0001:00017b40       _sf_debug_symbol_scope_add_eml_dyn 10018b40 f   sfc_debugmsvc80:sfcdebug.obj
 0001:00017b90       _sf_debug_symbol_switch    10018b90 f   sfc_debugmsvc80:sfcdebug.obj
 0001:00017bb0       _sf_debug_symbol_scope_add_verbose 10018bb0 f   sfc_debugmsvc80:sfcdebug.obj
 0001:00017c20       _sf_debug_set_machine_data_value_ptr 10018c20 f   sfc_debugmsvc80:sfcdebug.obj
 0001:00017c60       _sf_debug_set_instance_data_value_ptr 10018c60 f   sfc_debugmsvc80:sfcdebug.obj
 0001:00017cc0       _sf_debug_unset_instance_data_value_ptr 10018cc0 f   sfc_debugmsvc80:sfcdebug.obj
 0001:00017d10       _sf_debug_set_chart_event_scope 10018d10 f   sfc_debugmsvc80:sfcdebug.obj
 0001:00017d90       _sf_debug_set_chart_transition_coverage_maps 10018d90 f   sfc_debugmsvc80:sfcdebug.obj
 0001:00017e20       _sf_debug_set_chart_state_coverage_maps 10018e20 f   sfc_debugmsvc80:sfcdebug.obj
 0001:00017ea0       _sf_debug_set_instance_transition_coverage_weights 10018ea0 f   sfc_debugmsvc80:sfcdebug.obj
 0001:00017f10       _sf_debug_set_instance_state_coverage_weights 10018f10 f   sfc_debugmsvc80:sfcdebug.obj
 0001:00018110       _sf_debug_unload_machine   10019110 f   sfc_debugmsvc80:sfcdebug.obj
 0001:00018160       _sf_debug_load_machine     10019160 f   sfc_debugmsvc80:sfcdebug.obj
 0001:00018200       _sf_debug_set_active_instance_in_data_dictionary 10019200 f   sfc_debugmsvc80:sfcdebug.obj
 0001:00018380       _sf_debug_set_active_instance 10019380 f   sfc_debugmsvc80:sfcdebug.obj
 0001:00018480       _sf_debug_chart_visiblity_change 10019480 f   sfc_debugmsvc80:sfcdebug.obj
 0001:00018520       _sf_debug_select_chart     10019520 f   sfc_debugmsvc80:sfcdebug.obj
 0001:00018610       _sf_debug_set_instance_cv_ids 10019610 f   sfc_debugmsvc80:sfcdebug.obj
 0001:000187d0       _sf_debug_select_charts    100197d0 f   sfc_debugmsvc80:sfcdebug.obj
 0001:00018920       _sf_debug_initialized      10019920 f   sfc_debugmsvc80:sfcdebug.obj
 0001:00018940       _sf_debug_is_uninterruptible 10019940 f   sfc_debugmsvc80:sfcdebug.obj
 0001:00018980       _sf_debug_initialize_debugger_gui 10019980 f   sfc_debugmsvc80:sfcdebug.obj
 0001:00018d10       _sf_debug_resume           10019d10 f   sfc_debugmsvc80:sfcdebug.obj
 0001:00018d40       _sf_debug_go               10019d40 f   sfc_debugmsvc80:sfcdebug.obj
 0001:00018d60       _sf_debug_break            10019d60 f   sfc_debugmsvc80:sfcdebug.obj
 0001:00018d80       _sf_debug_step_over        10019d80 f   sfc_debugmsvc80:sfcdebug.obj
 0001:00018da0       _sf_debug_step_out         10019da0 f   sfc_debugmsvc80:sfcdebug.obj
 0001:00018dc0       _sf_debug_set_disable_all_breakpoints 10019dc0 f   sfc_debugmsvc80:sfcdebug.obj
 0001:00018de0       _sf_debug_disable_all_breakpoints_and_go 10019de0 f   sfc_debugmsvc80:sfcdebug.obj
 0001:00018e00       _sf_debug_break_on_chart_entry 10019e00 f   sfc_debugmsvc80:sfcdebug.obj
 0001:00018e20       _sf_debug_break_on_event_broadcast 10019e20 f   sfc_debugmsvc80:sfcdebug.obj
 0001:00018e40       _sf_debug_break_on_state_entry 10019e40 f   sfc_debugmsvc80:sfcdebug.obj
 0001:00018e60       _sf_debug_break_between_times 10019e60 f   sfc_debugmsvc80:sfcdebug.obj
 0001:00018e90       _sf_debug_browse_data      10019e90 f   sfc_debugmsvc80:sfcdebug.obj
 0001:00018ea0       _sf_debug_watch_data       10019ea0 f   sfc_debugmsvc80:sfcdebug.obj
 0001:00018ed0       _sf_debug_assign_data      10019ed0 f   sfc_debugmsvc80:sfcdebug.obj
 0001:00018ee0       _sf_debug_whos             10019ee0 f   sfc_debugmsvc80:sfcdebug.obj
 0001:00018f00       _sf_debug_get_consistency_info 10019f00 f   sfc_debugmsvc80:sfcdebug.obj
 0001:00018f10       _sf_debug_browse_trace     10019f10 f   sfc_debugmsvc80:sfcdebug.obj
 0001:00018f20       _sf_debug_set_breakpoints  10019f20 f   sfc_debugmsvc80:sfcdebug.obj
 0001:00018fe0       _sf_debug_set_eml_breakpoints 10019fe0 f   sfc_debugmsvc80:sfcdebug.obj
 0001:000190f0       _sf_debug_set_script_breakpoints 1001a0f0 f   sfc_debugmsvc80:sfcdebug.obj
 0001:00019170       _sf_debug_add_script_breakpoints 1001a170 f   sfc_debugmsvc80:sfcdebug.obj
 0001:000191e0       _sf_debug_clear_script_breakpoints 1001a1e0 f   sfc_debugmsvc80:sfcdebug.obj
 0001:00019250       _sf_debug_query_script_breakpoints 1001a250 f   sfc_debugmsvc80:sfcdebug.obj
 0001:000192e0       _sf_debug_get_eml_script_id 1001a2e0 f   sfc_debugmsvc80:sfcdebug.obj
 0001:00019330       _sf_debug_set_watch        1001a330 f   sfc_debugmsvc80:sfcdebug.obj
 0001:000194c0       _sf_debug_get_instance_handle 1001a4c0 f   sfc_debugmsvc80:sfcdebug.obj
 0001:00019540       _sf_debug_get_active_states 1001a540 f   sfc_debugmsvc80:sfcdebug.obj
 0001:00019560       _sf_debug_set_honor_breakpoints 1001a560 f   sfc_debugmsvc80:sfcdebug.obj
 0001:00019580       _sf_debug_get_animation    1001a580 f   sfc_debugmsvc80:sfcdebug.obj
 0001:00019590       _sf_debug_set_animation    1001a590 f   sfc_debugmsvc80:sfcdebug.obj
 0001:000195b0       _sf_debug_animate          1001a5b0 f   sfc_debugmsvc80:sfcdebug.obj
 0001:000195e0       _sf_debug_cycle_detection_check 1001a5e0 f   sfc_debugmsvc80:sfcdebug.obj
 0001:00019600       _sf_debug_data_range_check 1001a600 f   sfc_debugmsvc80:sfcdebug.obj
 0001:00019620       _sf_debug_transition_conflict_check 1001a620 f   sfc_debugmsvc80:sfcdebug.obj
 0001:00019640       _sf_debug_state_consistency_check 1001a640 f   sfc_debugmsvc80:sfcdebug.obj
 0001:00019660       _sf_debug_data_range_check_enabled 1001a660 f   sfc_debugmsvc80:sfcdebug.obj
 0001:00019680       _sf_debug_transition_conflict_check_enabled 1001a680 f   sfc_debugmsvc80:sfcdebug.obj
 0001:000196a0       _sf_debug_transition_conflict_check_begin 1001a6a0 f   sfc_debugmsvc80:sfcdebug.obj
 0001:000196c0       _sf_debug_transition_conflict_check_end 1001a6c0 f   sfc_debugmsvc80:sfcdebug.obj
 0001:000196e0       _sf_debug_stop_debugging   1001a6e0 f   sfc_debugmsvc80:sfcdebug.obj
 0001:00019710       _sf_debug_is_cycle_detected 1001a710 f   sfc_debugmsvc80:sfcdebug.obj
 0001:00019720       _sf_debug_is_array_bounds_detected 1001a720 f   sfc_debugmsvc80:sfcdebug.obj
 0001:00019730       _sf_debug_get_state_vectors_data_size 1001a730 f   sfc_debugmsvc80:sfcdebug.obj
 0001:00019780       _sf_debug_get_state_vectors_data 1001a780 f   sfc_debugmsvc80:sfcdebug.obj
 0001:00019850       _sf_debug_set_state_vectors_data 1001a850 f   sfc_debugmsvc80:sfcdebug.obj
 0001:00019a80       _sf_debug_get_script_index 1001aa80 f   sfc_debugmsvc80:sfcdebug.obj
 0001:00019bb0       _sf_debug_add_script       1001abb0 f   sfc_debugmsvc80:sfcdebug.obj
 0001:00019d00       _cv_eval_point             1001ad00 f   sfc_debugmsvc80:sfcdebug.obj
 0001:00019dd0       _cv_eval_testobjective     1001add0 f   sfc_debugmsvc80:sfcdebug.obj
 0001:00019e90       _sf_debug_cv_init_state    1001ae90 f   sfc_debugmsvc80:sfcdebug.obj
 0001:00019f30       _sf_debug_cv_init_chart    1001af30 f   sfc_debugmsvc80:sfcdebug.obj
 0001:00019fb0       _sf_debug_cv_init_trans    1001afb0 f   sfc_debugmsvc80:sfcdebug.obj
 0001:0001a040       _sf_debug_cv_init_saturation 1001b040 f   sfc_debugmsvc80:sfcdebug.obj
 0001:0001a0e0       _sf_debug_cv_init_testobjectives 1001b0e0 f   sfc_debugmsvc80:sfcdebug.obj
 0001:0001a220       _cv_eml_init_script        1001b220 f   sfc_debugmsvc80:sfcdebug.obj
 0001:0001a2b0       _cv_eml_init_fcn           1001b2b0 f   sfc_debugmsvc80:sfcdebug.obj
 0001:0001a310       _cv_eml_init_testobjective 1001b310 f   sfc_debugmsvc80:sfcdebug.obj
 0001:0001a390       _cv_eml_init_saturation    1001b390 f   sfc_debugmsvc80:sfcdebug.obj
 0001:0001a410       _cv_eml_init_if            1001b410 f   sfc_debugmsvc80:sfcdebug.obj
 0001:0001a490       _cv_eml_init_for           1001b490 f   sfc_debugmsvc80:sfcdebug.obj
 0001:0001a510       _cv_eml_init_while         1001b510 f   sfc_debugmsvc80:sfcdebug.obj
 0001:0001a590       _cv_eml_init_mcdc          1001b590 f   sfc_debugmsvc80:sfcdebug.obj
 0001:0001a620       _cv_eml_init_switch        1001b620 f   sfc_debugmsvc80:sfcdebug.obj
 0001:0001a6b0       _cv_eml_eval               1001b6b0 f   sfc_debugmsvc80:sfcdebug.obj
 0001:0001a740       _sf_debug_bm_is_a_eml_breakpoint 1001b740 f   sfc_debugmsvc80:sfcdebug.obj
 0001:0001a870       _sf_debug_temporal_threshold 1001b870 f   sfc_debugmsvc80:sfcdebug.obj
 0001:0001ab60       _sf_debug_transition_conflict_error 1001bb60 f   sfc_debugmsvc80:sfcdebug.obj
 0001:0001ae00       _sf_debug_state_inconsistency_error 1001be00 f   sfc_debugmsvc80:sfcdebug.obj
 0001:0001af00       _sf_debug_check_for_state_inconsistency 1001bf00 f   sfc_debugmsvc80:sfcdebug.obj
 0001:0001af40       _sf_debug_cycle_detecton_error 1001bf40 f   sfc_debugmsvc80:sfcdebug.obj
 0001:0001b580       _sf_debug_size_eq_check_1d 1001c580 f   sfc_debugmsvc80:sfcdebug.obj
 0001:0001b5b0       _sf_debug_size_eq_check_nd 1001c5b0 f   sfc_debugmsvc80:sfcdebug.obj
 0001:0001b690       _sf_debug_dim_size_eq_check 1001c690 f   sfc_debugmsvc80:sfcdebug.obj
 0001:0001b6c0       _sf_debug_dim_size_geq_check 1001c6c0 f   sfc_debugmsvc80:sfcdebug.obj
 0001:0001b6f0       _sf_debug_sub_assign_size_check_nd 1001c6f0 f   sfc_debugmsvc80:sfcdebug.obj
 0001:0001b830       _sf_debug_matrix_matrix_index_check 1001c830 f   sfc_debugmsvc80:sfcdebug.obj
 0001:0001b870       _sf_debug_vector_vector_index_check 1001c870 f   sfc_debugmsvc80:sfcdebug.obj
 0001:0001b8b0       _sf_debug_for_loop_vector_check 1001c8b0 f   sfc_debugmsvc80:sfcdebug.obj
 0001:0001b910       _sf_debug_runtime_error_msgid 1001c910 f   sfc_debugmsvc80:sfcdebug.obj
 0001:0001b9a0       _sf_debug_data_array_bounds_error_check 1001c9a0 f   sfc_debugmsvc80:sfcdebug.obj
 0001:0001ba10       _sf_debug_eml_data_array_bounds_error_check 1001ca10 f   sfc_debugmsvc80:sfcdebug.obj
 0001:0001bd10       _sf_debug_integer_check    1001cd10 f   sfc_debugmsvc80:sfcdebug.obj
 0001:0001bd90       _sf_debug_not_nan_check    1001cd90 f   sfc_debugmsvc80:sfcdebug.obj
 0001:0001bdf0       _sf_debug_non_negative_check 1001cdf0 f   sfc_debugmsvc80:sfcdebug.obj
 0001:0001be60       _sf_debug_overflow_detection 1001ce60 f   sfc_debugmsvc80:sfcdebug.obj
 0001:0001c3a0       _sf_debug_cast_to_real32_T 1001d3a0 f   sfc_debugmsvc80:sfcdebug.obj
 0001:0001c410       _sf_debug_cast_to_int8_T   1001d410 f   sfc_debugmsvc80:sfcdebug.obj
 0001:0001c490       _sf_debug_cast_to_uint8_T  1001d490 f   sfc_debugmsvc80:sfcdebug.obj
 0001:0001c520       _sf_debug_cast_to_int16_T  1001d520 f   sfc_debugmsvc80:sfcdebug.obj
 0001:0001c5a0       _sf_debug_cast_to_uint16_T 1001d5a0 f   sfc_debugmsvc80:sfcdebug.obj
 0001:0001c640       _sf_debug_cast_to_int32_T  1001d640 f   sfc_debugmsvc80:sfcdebug.obj
 0001:0001c6b0       _sf_debug_cast_to_uint32_T 1001d6b0 f   sfc_debugmsvc80:sfcdebug.obj
 0001:0001c750       _sf_debug_data_range_error 1001d750 f   sfc_debugmsvc80:sfcdebug.obj
 0001:0001c9d0       _sf_debug_read_before_write_check 1001d9d0 f   sfc_debugmsvc80:sfcdebug.obj
 0001:0001cd30       _sf_debug_data_range_error_wrapper_min_max 1001dd30 f   sfc_debugmsvc80:sfcdebug.obj
 0001:0001cdb0       _sf_debug_data_range_error_wrapper_min 1001ddb0 f   sfc_debugmsvc80:sfcdebug.obj
 0001:0001ce20       _sf_debug_data_range_error_wrapper_max 1001de20 f   sfc_debugmsvc80:sfcdebug.obj
 0001:0001ce90       _sf_debug_data_range_wrapper 1001de90 f   sfc_debugmsvc80:sfcdebug.obj
 0001:0001cee0       _sf_debug_set_current_status_info 1001dee0 f   sfc_debugmsvc80:sfcdebug.obj
 0001:0001d240       _sf_debug_register_message_post_receive_info 1001e240 f   sfc_debugmsvc80:sfcdebug.obj
 0001:0001d400       _sf_debug_call             1001e400 f   sfc_debugmsvc80:sfcdebug.obj
 0001:0001dc00       _sf_debug_initialize_machine 1001ec00 f   sfc_debugmsvc80:sfcdebug.obj
 0001:0001de80       _sf_debug_initialize_chart 1001ee80 f   sfc_debugmsvc80:sfcdebug.obj
 0001:0001e180       _sf_debug_ensure_script    1001f180 f   sfc_debugmsvc80:sfcdebug.obj
 0001:0001e220       _cv_eval_saturation        1001f220 f   sfc_debugmsvc80:sfcdebug.obj
 0001:0001e300       _cv_saturation_accum       1001f300 f   sfc_debugmsvc80:sfcdebug.obj
 0001:0001e3c0       _cv_script_init_script     1001f3c0 f   sfc_debugmsvc80:sfcdebug.obj
 0001:0001e430       _cv_script_init_fcn        1001f430 f   sfc_debugmsvc80:sfcdebug.obj
 0001:0001e490       _cv_script_init_testobjective 1001f490 f   sfc_debugmsvc80:sfcdebug.obj
 0001:0001e4f0       _cv_script_init_saturation 1001f4f0 f   sfc_debugmsvc80:sfcdebug.obj
 0001:0001e550       _cv_script_init_if         1001f550 f   sfc_debugmsvc80:sfcdebug.obj
 0001:0001e5b0       _cv_script_init_for        1001f5b0 f   sfc_debugmsvc80:sfcdebug.obj
 0001:0001e610       _cv_script_init_while      1001f610 f   sfc_debugmsvc80:sfcdebug.obj
 0001:0001e670       _cv_script_init_mcdc       1001f670 f   sfc_debugmsvc80:sfcdebug.obj
 0001:0001e6e0       _cv_script_init_switch     1001f6e0 f   sfc_debugmsvc80:sfcdebug.obj
 0001:0001e750       _cv_script_eval            1001f750 f   sfc_debugmsvc80:sfcdebug.obj
 0001:0001e7c0       _eml_debug_line_call       1001f7c0 f   sfc_debugmsvc80:sfcdebug.obj
 0001:0001e8b0       _sf_debug_terminate        1001f8b0 f   sfc_debugmsvc80:sfcdebug.obj
 0001:0001e9f0       _sf_debug_set_script_cv_ids 1001f9f0 f   sfc_debugmsvc80:sfcdebug.obj
 0001:0001eaf0       _sf_debug_api              1001faf0 f   sfc_debugmsvc80:sfc_api.obj
 0001:00020570       _sf_debug_sm_terminate     10021570 f   sfc_debugmsvc80:sfdb_animation.obj
 0001:000206d0       _sf_debug_reset_path_objects 100216d0 f   sfc_debugmsvc80:sfdb_animation.obj
 0001:00020740       _sf_debug_sm_reset_object_selection_status 10021740 f   sfc_debugmsvc80:sfdb_animation.obj
 0001:000207e0       _sf_debug_sm_reset_state_buffer 100217e0 f   sfc_debugmsvc80:sfdb_animation.obj
 0001:000208a0       _sf_debug_sm_store_state_buffer 100218a0 f   sfc_debugmsvc80:sfdb_animation.obj
 0001:00020920       _sf_debug_sm_restore_state_buffer1 10021920 f   sfc_debugmsvc80:sfdb_animation.obj
 0001:00020980       _sf_debug_sm_restore_state_buffer2 10021980 f   sfc_debugmsvc80:sfdb_animation.obj
 0001:000209e0       _sf_debug_sm_chart_active  100219e0 f   sfc_debugmsvc80:sfdb_animation.obj
 0001:00020a30       _sf_debug_sm_select_active_objects 10021a30 f   sfc_debugmsvc80:sfdb_animation.obj
 0001:00020df0       _sf_debug_sm_is_chart_active 10021df0 f   sfc_debugmsvc80:sfdb_animation.obj
 0001:00020e30       _sf_debug_sm_is_state_active 10021e30 f   sfc_debugmsvc80:sfdb_animation.obj
 0001:00020fe0       _sf_debug_sm_get_active_states 10021fe0 f   sfc_debugmsvc80:sfdb_animation.obj
 0001:00021410       _sf_debug_sm_initialize_instance 10022410 f   sfc_debugmsvc80:sfdb_animation.obj
 0001:00021620       _sf_debug_sm_change_object_selection_status 10022620 f   sfc_debugmsvc80:sfdb_animation.obj
 0001:00021810       _cv_create_interface       10022810 f   sfc_debugmsvc80:cv_sfinterface.obj
 0001:00021b00       _cv_init_trans             10022b00 f   sfc_debugmsvc80:cv_sfinterface.obj
 0001:00021b50       _cv_init_saturation        10022b50 f   sfc_debugmsvc80:cv_sfinterface.obj
 0001:00021ba0       _cv_init_testobjective     10022ba0 f   sfc_debugmsvc80:cv_sfinterface.obj
 0001:00021bf0       _cv_init_state             10022bf0 f   sfc_debugmsvc80:cv_sfinterface.obj
 0001:00021c50       _cv_init_chart             10022c50 f   sfc_debugmsvc80:cv_sfinterface.obj
 0001:00021ca0       _cv_dec_update_call        10022ca0 f   sfc_debugmsvc80:cv_sfinterface.obj
 0001:00021ce0       _cv_cond_update_call       10022ce0 f   sfc_debugmsvc80:cv_sfinterface.obj
 0001:00021d20       _cv_saturation_update_call 10022d20 f   sfc_debugmsvc80:cv_sfinterface.obj
 0001:00021d60       _cv_saturation_update_accum 10022d60 f   sfc_debugmsvc80:cv_sfinterface.obj
 0001:00021da0       _cv_testobjective_update_call 10022da0 f   sfc_debugmsvc80:cv_sfinterface.obj
 0001:00021de0       _cv_sigrange_update        10022de0 f   sfc_debugmsvc80:cv_sfinterface.obj
 0001:00021e30       _cvsf_eml_eval             10022e30 f   sfc_debugmsvc80:cv_sfinterface.obj
 0001:00021f10       _cvsf_eml_init_script      10022f10 f   sfc_debugmsvc80:cv_sfinterface.obj
 0001:00021f80       _cvsf_eml_init_fcn         10022f80 f   sfc_debugmsvc80:cv_sfinterface.obj
 0001:00021fe0       _cvsf_eml_init_testobjective 10022fe0 f   sfc_debugmsvc80:cv_sfinterface.obj
 0001:00022040       _cvsf_eml_init_saturation  10023040 f   sfc_debugmsvc80:cv_sfinterface.obj
 0001:000220a0       _cvsf_eml_init_if          100230a0 f   sfc_debugmsvc80:cv_sfinterface.obj
 0001:00022100       _cvsf_eml_init_for         10023100 f   sfc_debugmsvc80:cv_sfinterface.obj
 0001:00022160       _cvsf_eml_init_while       10023160 f   sfc_debugmsvc80:cv_sfinterface.obj
 0001:000221c0       _cvsf_eml_init_mcdc        100231c0 f   sfc_debugmsvc80:cv_sfinterface.obj
 0001:00022230       _cvsf_eml_init_switch      10023230 f   sfc_debugmsvc80:cv_sfinterface.obj
 0001:00022290       _cvsf_script_eval          10023290 f   sfc_debugmsvc80:cv_sfinterface.obj
 0001:00022370       _cvsf_script_init_script   10023370 f   sfc_debugmsvc80:cv_sfinterface.obj
 0001:000223e0       _cvsf_script_init_fcn      100233e0 f   sfc_debugmsvc80:cv_sfinterface.obj
 0001:00022440       _cvsf_script_init_testobjective 10023440 f   sfc_debugmsvc80:cv_sfinterface.obj
 0001:000224a0       _cvsf_script_init_saturation 100234a0 f   sfc_debugmsvc80:cv_sfinterface.obj
 0001:00022500       _cvsf_script_init_if       10023500 f   sfc_debugmsvc80:cv_sfinterface.obj
 0001:00022560       _cvsf_script_init_for      10023560 f   sfc_debugmsvc80:cv_sfinterface.obj
 0001:000225b0       _cvsf_script_init_while    100235b0 f   sfc_debugmsvc80:cv_sfinterface.obj
 0001:00022600       _cvsf_script_init_mcdc     10023600 f   sfc_debugmsvc80:cv_sfinterface.obj
 0001:00022670       _cvsf_script_init_switch   10023670 f   sfc_debugmsvc80:cv_sfinterface.obj
 0001:000226d0       _cv_destroy_interface      100236d0 f   sfc_debugmsvc80:cv_sfinterface.obj
 0001:000226f0       _cv_create_instance_objects 100236f0 f   sfc_debugmsvc80:cv_sfinterface.obj
 0001:00022a20       _cv_is_enabled             10023a20 f   sfc_debugmsvc80:cv_sfinterface.obj
 0001:00022a30       _sf_debug_cv_initialize_script 10023a30 f   sfc_debugmsvc80:cv_sfinterface.obj
 0001:00022bb0       _sf_debug_cv_initialize_instance 10023bb0 f   sfc_debugmsvc80:cv_sfinterface.obj
 0001:00022ea0       _sf_debug_cv_terminate_chart 10023ea0 f   sfc_debugmsvc80:cv_sfinterface.obj
 0001:00022fa0       _cv_call_trans_test        10023fa0 f   sfc_debugmsvc80:cv_sfinterface.obj
 0001:00022fb0       _cv_call_sub_cond_test     10023fb0 f   sfc_debugmsvc80:cv_sfinterface.obj
 0001:00022ff0       _sf_debug_st_initialize_machine 10023ff0 f   sfc_debugmsvc80:sfdb_data_browse.obj
 0001:000230a0       _sf_debug_st_initialize_instance 100240a0 f   sfc_debugmsvc80:sfdb_data_browse.obj
 0001:00023250       _sf_debug_st_terminate     10024250 f   sfc_debugmsvc80:sfdb_data_browse.obj
 0001:000233b0       _sf_debug_st_set_data_value_ptr_in_machine 100243b0 f   sfc_debugmsvc80:sfdb_data_browse.obj
 0001:00023420       _sf_debug_st_set_data_value_ptr_in_instance 10024420 f   sfc_debugmsvc80:sfdb_data_browse.obj
 0001:000234d0       _sf_debug_st_unset_data_value_ptr_in_machine 100244d0 f   sfc_debugmsvc80:sfdb_data_browse.obj
 0001:00023530       _sf_debug_st_unset_data_value_ptr_in_instance 10024530 f   sfc_debugmsvc80:sfdb_data_browse.obj
 0001:00023840       _sf_debug_mx_value         10024840 f   sfc_debugmsvc80:sfdb_data_browse.obj
 0001:00023890       _sf_debug_mx_packed_vector 10024890 f   sfc_debugmsvc80:sfdb_data_browse.obj
 0001:00023930       _sf_debug_mx_uint_vector   10024930 f   sfc_debugmsvc80:sfdb_data_browse.obj
 0001:000239b0       _sf_debug_st_get_double_value_from_void_ptr_vector 100249b0 f   sfc_debugmsvc80:sfdb_data_browse.obj
 0001:000241b0       _sf_debug_st_browse_data   100251b0 f   sfc_debugmsvc80:sfdb_data_browse.obj
 0001:00024890       _sf_debug_hm_initialize_instance 10025890 f   sfc_debugmsvc80:sfdb_handle_management.obj
 0001:00024d30       _sf_debug_hm_get_object_id 10025d30 f   sfc_debugmsvc80:sfdb_handle_management.obj
 0001:00025750       _sf_debug_hm_update_chart_visibility 10026750 f   sfc_debugmsvc80:sfdb_handle_management.obj
 0001:00026750       _sf_debug_object_is_eml_function 10027750 f   sfc_debugmsvc80:sfdb_handle_management.obj
 0001:000267b0       _sf_debug_hm_initialize_ids_in_machine 100277b0 f   sfc_debugmsvc80:sfdb_handle_management.obj
 0001:00026900       _sf_debug_hm_initialize_ids_in_chart 10027900 f   sfc_debugmsvc80:sfdb_handle_management.obj
 0001:000269f0       _sf_debug_hm_initialize_chart 100279f0 f   sfc_debugmsvc80:sfdb_handle_management.obj
 0001:000270b0       _sf_debug_hm_terminate     100280b0 f   sfc_debugmsvc80:sfdb_handle_management.obj
 0001:00027110       _sf_debug_hm_initialize_machine 10028110 f   sfc_debugmsvc80:sfdb_handle_management.obj
 0001:000277e0       _sf_debug_ss_initialize    100287e0 f   sfc_debugmsvc80:sfdb_symbol_scope.obj
 0001:00027800       _sf_debug_ss_terminate     10028800 f   sfc_debugmsvc80:sfdb_symbol_scope.obj
 0001:00027880       _sf_debug_ss_push_symbol_scope 10028880 f   sfc_debugmsvc80:sfdb_symbol_scope.obj
 0001:00027940       _sf_debug_ss_push_symbol_scope_eml 10028940 f   sfc_debugmsvc80:sfdb_symbol_scope.obj
 0001:00027990       _sf_debug_ss_pop_symbol_scope 10028990 f   sfc_debugmsvc80:sfdb_symbol_scope.obj
 0001:00027a30       _sf_debug_ss_add_symbol    10028a30 f   sfc_debugmsvc80:sfdb_symbol_scope.obj
 0001:00027b20       _sf_debug_ss_add_symbol_eml 10028b20 f   sfc_debugmsvc80:sfdb_symbol_scope.obj
 0001:00028430       _sf_debug_ss_set_data_value 10029430 f   sfc_debugmsvc80:sfdb_symbol_scope.obj
 0001:00028780       _getInstanceNumber         10029780 f   sfc_debugmsvc80:sfdb_symbol_scope.obj
 0001:00028850       _sf_debug_ss_watch_data    10029850 f   sfc_debugmsvc80:sfdb_symbol_scope.obj
 0001:00028940       _sf_debug_ss_assign_data   10029940 f   sfc_debugmsvc80:sfdb_symbol_scope.obj
 0001:000291e0       _get_data_entry_name       1002a1e0 f   sfc_debugmsvc80:sfdb_symbol_scope.obj
 0001:00029230       _sf_debug_ss_whos          1002a230 f   sfc_debugmsvc80:sfdb_symbol_scope.obj
 0001:000296e0       _sf_debug_cc_initialize_chart 1002a6e0 f   sfc_debugmsvc80:sfdb_coverage.obj
 0001:0002a040       _sf_debug_cc_initialize_instance 1002b040 f   sfc_debugmsvc80:sfdb_coverage.obj
 0001:0002ac70       _sf_debug_cc_terminate     1002bc70 f   sfc_debugmsvc80:sfdb_coverage.obj
 0001:0002ad40       _sf_debug_cc_set_transition_maps 1002bd40 f   sfc_debugmsvc80:sfdb_coverage.obj
 0001:0002ae40       _sf_debug_cc_set_state_maps 1002be40 f   sfc_debugmsvc80:sfdb_coverage.obj
 0001:0002af10       _sf_debug_cc_set_transition_weights 1002bf10 f   sfc_debugmsvc80:sfdb_coverage.obj
 0001:0002b140       _sf_debug_cc_set_state_weights 1002c140 f   sfc_debugmsvc80:sfdb_coverage.obj
 0001:0002b370       _sf_debug_cc_mark_transition_guard 1002c370 f   sfc_debugmsvc80:sfdb_coverage.obj
 0001:0002b3f0       _sf_debug_cc_mark_transition_trigger 1002c3f0 f   sfc_debugmsvc80:sfdb_coverage.obj
 0001:0002b470       _sf_debug_cc_mark_transition_decision 1002c470 f   sfc_debugmsvc80:sfdb_coverage.obj
 0001:0002b4d0       _sf_debug_cc_mark_transition_condition_action 1002c4d0 f   sfc_debugmsvc80:sfdb_coverage.obj
 0001:0002b520       _sf_debug_cc_mark_transition_transition_action 1002c520 f   sfc_debugmsvc80:sfdb_coverage.obj
 0001:0002b570       _sf_debug_cc_mark_state_entry 1002c570 f   sfc_debugmsvc80:sfdb_coverage.obj
 0001:0002b5c0       _sf_debug_cc_mark_state_during 1002c5c0 f   sfc_debugmsvc80:sfdb_coverage.obj
 0001:0002b610       _sf_debug_cc_mark_state_exit 1002c610 f   sfc_debugmsvc80:sfdb_coverage.obj
 0001:0002b660       _sf_debug_bm_clear_script_breakpoints 1002c660 f   sfc_debugmsvc80:sfdb_breakpoints.obj
 0001:0002b6a0       _sf_debug_bm_set_script_breakpoint 1002c6a0 f   sfc_debugmsvc80:sfdb_breakpoints.obj
 0001:0002b710       _sf_debug_bm_clear_single_script_breakpoint 1002c710 f   sfc_debugmsvc80:sfdb_breakpoints.obj
 0001:0002b780       _sf_debug_bm_query_script_breakpoint 1002c780 f   sfc_debugmsvc80:sfdb_breakpoints.obj
 0001:0002b7d0       _sf_debug_bm_initialize_scripts 1002c7d0 f   sfc_debugmsvc80:sfdb_breakpoints.obj
 0001:0002bd70       _sf_debug_bm_terminate     1002cd70 f   sfc_debugmsvc80:sfdb_breakpoints.obj
 0001:0002c020       _sf_debug_bm_remove_all_breakpoints_in_machine 1002d020 f   sfc_debugmsvc80:sfdb_breakpoints.obj
 0001:0002c070       _sf_debug_bm_remove_all_breakpoints_in_chart 1002d070 f   sfc_debugmsvc80:sfdb_breakpoints.obj
 0001:0002c1a0       _sf_debug_bm_initialize_global_breakpoints 1002d1a0 f   sfc_debugmsvc80:sfdb_breakpoints.obj
 0001:0002c350       _sf_debug_bm_set_breakpoint 1002d350 f   sfc_debugmsvc80:sfdb_breakpoints.obj
 0001:0002c8b0       _sf_debug_bm_set_eml_breakpoint 1002d8b0 f   sfc_debugmsvc80:sfdb_breakpoints.obj
 0001:0002c930       _sf_debug_bm_initialize_machine_breakpoint_map 1002d930 f   sfc_debugmsvc80:sfdb_breakpoints.obj
 0001:0002ccd0       _sf_debug_bm_is_a_breakpoint 1002dcd0 f   sfc_debugmsvc80:sfdb_breakpoints.obj
 0001:0002d1b0       _sf_debug_bm_get_all_breakpoints_in_machine 1002e1b0 f   sfc_debugmsvc80:sfdb_breakpoints.obj
 0001:0002d450       _sf_debug_bm_get_all_breakpoints_in_chart 1002e450 f   sfc_debugmsvc80:sfdb_breakpoints.obj
 0001:0002de80       _sf_debug_bm_initialize_machine 1002ee80 f   sfc_debugmsvc80:sfdb_breakpoints.obj
 0001:0002df20       _sf_debug_bm_initialize_chart 1002ef20 f   sfc_debugmsvc80:sfdb_breakpoints.obj
 0001:0002e2a0       _sf_debug_sc_terminate     1002f2a0 f   sfc_debugmsvc80:sfdb_state_consistency.obj
 0001:0002e520       _sf_debug_sc_is_chart_consistent 1002f520 f   sfc_debugmsvc80:sfdb_state_consistency.obj
 0001:0002e700       _sf_debug_sc_get_consistency_error_info 1002f700 f   sfc_debugmsvc80:sfdb_state_consistency.obj
 0001:0002ea70       _sf_debug_tm_terminate     1002fa70 f   sfc_debugmsvc80:sfdb_call_stack.obj
 0001:0002eb10       _sf_debug_tm_push_chart_instance 1002fb10 f   sfc_debugmsvc80:sfdb_call_stack.obj
 0001:0002ec30       _sf_debug_tm_pop_chart_instance 1002fc30 f   sfc_debugmsvc80:sfdb_call_stack.obj
 0001:0002ec90       _sf_debug_tm_push_trace_node 1002fc90 f   sfc_debugmsvc80:sfdb_call_stack.obj
 0001:0002eda0       _sf_debug_tm_pop_trace_node 1002fda0 f   sfc_debugmsvc80:sfdb_call_stack.obj
 0001:0002ee20       _sf_debug_tm_get_current_global_trace_index 1002fe20 f   sfc_debugmsvc80:sfdb_call_stack.obj
 0001:0002ee40       _sf_debug_tm_get_current_local_trace_index 1002fe40 f   sfc_debugmsvc80:sfdb_call_stack.obj
 0001:0002ee70       _sf_debug_tm_set_cycle_detected_flag 1002fe70 f   sfc_debugmsvc80:sfdb_call_stack.obj
 0001:0002eec0       _sf_debug_tm_set_cycle_started_flag 1002fec0 f   sfc_debugmsvc80:sfdb_call_stack.obj
 0001:0002ef10       _sf_debug_tm_get_chart_number_from_stack 1002ff10 f   sfc_debugmsvc80:sfdb_call_stack.obj
 0001:0002f0b0       _sf_debug_tm_browse_trace  100300b0 f   sfc_debugmsvc80:sfdb_call_stack.obj
 0001:0002f320       _sf_debug_cd_initialize_instance 10030320 f   sfc_debugmsvc80:sfdb_cycle_detection.obj
 0001:0002f550       _sf_debug_cd_mark_processed_transition_in_instance 10030550 f   sfc_debugmsvc80:sfdb_cycle_detection.obj
 0001:0002f5d0       _sf_debug_cd_checksum_push 100305d0 f   sfc_debugmsvc80:sfdb_cycle_detection.obj
 0001:0002f8d0       _sf_debug_cd_checksum_pop  100308d0 f   sfc_debugmsvc80:sfdb_cycle_detection.obj
 0001:0002f930       _sf_debug_cd_turn_off_cycle_detection 10030930 f   sfc_debugmsvc80:sfdb_cycle_detection.obj
 0001:0002f970       _sf_debug_cd_terminate     10030970 f   sfc_debugmsvc80:sfdb_cycle_detection.obj
 0001:0002fb40       _md5_initialize_state      10030b40 f   sfc_debugmsvc80:ckmd5.obj
 0001:000303d0       _md5_update_state          100313d0 f   sfc_debugmsvc80:ckmd5.obj
 0001:000303f0       _md5_get_hash              100313f0 f   sfc_debugmsvc80:ckmd5.obj
 0001:00030410       _md5_get_hash_for_a_single_string 10031410 f   sfc_debugmsvc80:ckmd5.obj
 0001:0003047a       _mxGetPr                   1003147a f   libmx:libmx.dll
 0001:00030480       _mxCreateDoubleScalar      10031480 f   libmx:libmx.dll
 0001:00030486       _mxCreateDoubleMatrix_730  10031486 f   libmx:libmx.dll
 0001:0003048c       _mxSetField_730            1003148c f   libmx:libmx.dll
 0001:00030492       _mxCreateString            10031492 f   libmx:libmx.dll
 0001:00030498       _mxCreateStructMatrix_730  10031498 f   libmx:libmx.dll
 0001:0003049e       _mxCreateCellMatrix_730    1003149e f   libmx:libmx.dll
 0001:000304a4       _mxDestroyArray            100314a4 f   libmx:libmx.dll
 0001:000304aa       _mxDuplicateArray          100314aa f   libmx:libmx.dll
 0001:000304b0       _mxGetString_730           100314b0 f   libmx:libmx.dll
 0001:000304b6       _mxIsChar                  100314b6 f   libmx:libmx.dll
 0001:000304bc       _mxGetClassID              100314bc f   libmx:libmx.dll
 0001:000304c2       _mxIsNumeric               100314c2 f   libmx:libmx.dll
 0001:000304c8       _mxIsComplex               100314c8 f   libmx:libmx.dll
 0001:000304ce       _mxGetN                    100314ce f   libmx:libmx.dll
 0001:000304d4       _mxGetM                    100314d4 f   libmx:libmx.dll
 0001:000304da       _mxCalloc                  100314da f   libmx:libmx.dll
 0001:000304e0       _mxGetScalar               100314e0 f   libmx:libmx.dll
 0001:000304e6       _mxIsLogical               100314e6 f   libmx:libmx.dll
 0001:000304ec       _mxCreateDoubleMatrix_700  100314ec f   libmx:libmx.dll
 0001:000304f2       _mxFree                    100314f2 f   libmx:libmx.dll
 0001:000304f8       _mxArrayToString           100314f8 f   libmx:libmx.dll
 0001:000304fe       _mxCreateCellMatrix_700    100314fe f   libmx:libmx.dll
 0001:00030504       _mxSetCell_700             10031504 f   libmx:libmx.dll
 0001:0003050a       _mxGetCell_700             1003150a f   libmx:libmx.dll
 0001:00030510       _mxGetClassName            10031510 f   libmx:libmx.dll
 0001:00030516       _mxSetField_700            10031516 f   libmx:libmx.dll
 0001:0003051c       _mxAddField                1003151c f   libmx:libmx.dll
 0001:00030522       _mxGetField_700            10031522 f   libmx:libmx.dll
 0001:00030528       _mxGetNumberOfElements     10031528 f   libmx:libmx.dll
 0001:0003052e       _mxIsStruct                1003152e f   libmx:libmx.dll
 0001:00030534       _mxIsA                     10031534 f   libmx:libmx.dll
 0001:0003053a       _mxIsClass                 1003153a f   libmx:libmx.dll
 0001:00030540       _mxGetLogicals             10031540 f   libmx:libmx.dll
 0001:00030546       _mxIsSparse                10031546 f   libmx:libmx.dll
 0001:0003054c       _mxSetFieldByNumber_700    1003154c f   libmx:libmx.dll
 0001:00030552       _mxGetFieldByNumber_700    10031552 f   libmx:libmx.dll
 0001:00030558       _mxGetFieldNameByNumber    10031558 f   libmx:libmx.dll
 0001:0003055e       _mxGetNumberOfFields       1003155e f   libmx:libmx.dll
 0001:00030564       _mxCreateStructMatrix_700  10031564 f   libmx:libmx.dll
 0001:0003056a       _mxGetFieldNumber          1003156a f   libmx:libmx.dll
 0001:00030570       _mxIsNaN                   10031570 f   libmx:libmx.dll
 0001:00030576       _mxIsEmpty                 10031576 f   libmx:libmx.dll
 0001:0003057c       _mxGetData                 1003157c f   libmx:libmx.dll
 0001:00030582       _mxGetImagData             10031582 f   libmx:libmx.dll
 0001:00030588       _mxArrayClassIDName        10031588 f   libmx:libmx.dll
 0001:0003058e       _mxCreateNumericMatrix_700 1003158e f   libmx:libmx.dll
 0001:00030594       _mxCreateStructArray_700   10031594 f   libmx:libmx.dll
 0001:0003059a       _mxCalcSingleSubscript_700 1003159a f   libmx:libmx.dll
 0001:000305a0       _mxGetDimensions_700       100315a0 f   libmx:libmx.dll
 0001:000305a6       _mxGetNumberOfDimensions_700 100315a6 f   libmx:libmx.dll
 0001:000305ac       _mxCreateNumericArray_700  100315ac f   libmx:libmx.dll
 0001:000305b2       _mxGetElementSize          100315b2 f   libmx:libmx.dll
 0001:000305b8       _mxCreateStringFromNChars_700 100315b8 f   libmx:libmx.dll
 0001:000305be       _mxGetString_700           100315be f   libmx:libmx.dll
 0001:000305c4       _mxIsLogicalScalarTrue     100315c4 f   libmx:libmx.dll
 0001:000305ca       _mxCreateLogicalScalar     100315ca f   libmx:libmx.dll
 0001:000305d0       _mexUnlock                 100315d0 f   libmex:libmex.dll
 0001:000305d6       _mexIsLocked               100315d6 f   libmex:libmex.dll
 0001:000305dc       _mexWarnMsgTxt             100315dc f   libmex:libmex.dll
 0001:000305e2       _mexCallMATLAB             100315e2 f   libmex:libmex.dll
 0001:000305e8       _mexErrMsgTxt              100315e8 f   libmex:libmex.dll
 0001:000305ee       _mexMakeArrayPersistent    100315ee f   libmex:libmex.dll
 0001:000305f4       _mexSetTrapFlag            100315f4 f   libmex:libmex.dll
 0001:000305fa       _mexPutVariable            100315fa f   libmex:libmex.dll
 0001:00030600       _mexGetVariable            10031600 f   libmex:libmex.dll
 0001:00030606       _mexLock                   10031606 f   libmex:libmex.dll
 0001:0003060c       _mexMakeMemoryPersistent   1003160c f   libmex:libmex.dll
 0001:00030612       _mexFunctionName           10031612 f   libmex:libmex.dll
 0001:00030618       _ssRegisterDataTypeFxpFSlopeFixExpBias 10031618 f   libfixedpoint:libfixedpoint.dll
 0001:0003061e       _ssRegisterDataTypeFxpScaledDouble 1003161e f   libfixedpoint:libfixedpoint.dll
 0001:00030624       _utMalloc                  10031624 f   libut:libut.dll
 0001:0003062a       _utFree                    1003162a f   libut:libut.dll
 0001:00030630       _utVSNprintf               10031630 f   libut:libut.dll
 0001:00030636       _utCPUtime                 10031636 f   libut:libut.dll
 0001:0003063c       _utCalloc                  1003163c f   libut:libut.dll
 0001:00030642       _utRealloc                 10031642 f   libut:libut.dll
 0001:00030648       _emlrtCreateRootTLS        10031648 f   libemlrt:libemlrt.dll
 0001:0003064e       _emlrtDestroyRootTLS       1003164e f   libemlrt:libemlrt.dll
 0001:00030654       _emlrtCheckBuiltInR2012b   10031654 f   libemlrt:libemlrt.dll
 0001:0003065a       _emlrtCheckVsBuiltInR2012b 1003165a f   libemlrt:libemlrt.dll
 0001:00030660       _emlrtCheckEnumR2012b      10031660 f   libemlrt:libemlrt.dll
 0001:00030666       _emlrtCreateEnumR2012b     10031666 f   libemlrt:libemlrt.dll
 0001:0003066c       _emlrtGetEnumElementR2009a 1003166c f   libemlrt:libemlrt.dll
 0001:00030672       _emlrtCreateReference      10031672 f   libemlrt:libemlrt.dll
 0001:00030678       _emlrtImportVsFiArrayR2009b 10031678 f   libemlrt:libemlrt.dll
 0001:0003067e       _emlrtNameCapturePostProcessR2012a 1003167e f   libemlrt:libemlrt.dll
 0001:00030684       _emlrtExtractMessageId     10031684 f   libemlrt:libemlrt.dll
 0001:0003068a       _emlrtTranslateMessageIDtoLCPstring 1003168a f   libemlrt:libemlrt.dll
 0001:00030690       _emlrtForLoopVectorIsValidR2011b 10031690 f   libemlrt:libemlrt.dll
 0001:00030696       _emlrtTranslateUTF16MessagetoLCPstring 10031696 f   libemlrt:libemlrt.dll
 0001:0003069c       _emlrtGetEnumUnderlyingArrayR2009a 1003169c f   libemlrt:libemlrt.dll
 0001:000306a2       _emlrtIsEnumR2009a         100316a2 f   libemlrt:libemlrt.dll
 0001:000306a8       _strlen                    100316a8 f   MSVCRT:MSVCR100.dll
 0001:000306ae       @__security_check_cookie@4 100316ae f   MSVCRT:secchk.obj
 0001:000306c0       _memset                    100316c0 f   MSVCRT:MSVCR100.dll
 0001:000306c6       _strcmp                    100316c6 f   MSVCRT:MSVCR100.dll
 0001:000306cc       _free                      100316cc f   MSVCRT:MSVCR100.dll
 0001:000306d2       _sprintf                   100316d2 f   MSVCRT:MSVCR100.dll
 0001:000306d8       _malloc                    100316d8 f   MSVCRT:MSVCR100.dll
 0001:000306de       _strcat                    100316de f   MSVCRT:MSVCR100.dll
 0001:000306f0       __ftol2_sse                100316f0 f   MSVCRT:ftol2.obj
 0001:000306f9       __ftol2_pentium4           100316f9 f   MSVCRT:ftol2.obj
 0001:0003070c       __ftol2_sse_excpt          1003170c f   MSVCRT:ftol2.obj
 0001:00030726       __ftol2                    10031726 f   MSVCRT:ftol2.obj
 0001:0003079c       _memcpy                    1003179c f   MSVCRT:MSVCR100.dll
 0001:000307a2       _NtCurrentTeb              100317a2 f i MSVCRT:crtdll.obj
 0001:000307f7       __CRT_INIT@12              100317f7 f   MSVCRT:crtdll.obj
 0001:00030b17       __DllMainCRTStartup@12     10031b17 f   MSVCRT:crtdll.obj
 0001:00030b3a       _strncpy                   10031b3a f   MSVCRT:MSVCR100.dll
 0001:00030b40       __chkstk                   10031b40 f   MSVCRT:chkstk.obj
 0001:00030b40       __alloca_probe             10031b40     MSVCRT:chkstk.obj
 0001:00030b6c       _longjmp                   10031b6c f   MSVCRT:MSVCR100.dll
 0001:00030b72       _strncmp                   10031b72 f   MSVCRT:MSVCR100.dll
 0001:00030b78       _ceil                      10031b78 f   MSVCRT:MSVCR100.dll
 0001:00030b7e       _strrchr                   10031b7e f   MSVCRT:MSVCR100.dll
 0001:00030b84       __setjmp3                  10031b84 f   MSVCRT:MSVCR100.dll
 0001:00030b8a       _ldexp                     10031b8a f   MSVCRT:MSVCR100.dll
 0001:00030b90       ___report_gsfailure        10031b90 f   MSVCRT:gs_report.obj
 0001:00030c96       ___sse2_available_init     10031c96 f   MSVCRT:cpu_disp.obj
 0001:00030ca6       ___clean_type_info_names   10031ca6 f   MSVCRT:tncleanup.obj
 0001:00030cb2       __onexit                   10031cb2 f   MSVCRT:atonexit.obj
 0001:00030d53       _atexit                    10031d53 f   MSVCRT:atonexit.obj
 0001:00030d6a       __RTC_Initialize           10031d6a f   MSVCRT:_initsect_.obj
 0001:00030d90       __RTC_Terminate            10031d90 f   MSVCRT:_initsect_.obj
 0001:00030db6       __malloc_crt               10031db6 f   MSVCRT:MSVCR100.dll
 0001:00030dbc       __encoded_null             10031dbc f   MSVCRT:MSVCR100.dll
 0001:00030dd0       __ValidateImageBase        10031dd0 f   MSVCRT:pesect.obj
 0001:00030e10       __FindPESection            10031e10 f   MSVCRT:pesect.obj
 0001:00030e60       __IsNonwritableInCurrentImage 10031e60 f   MSVCRT:pesect.obj
 0001:00030f1c       __initterm                 10031f1c f   MSVCRT:MSVCR100.dll
 0001:00030f22       __initterm_e               10031f22 f   MSVCRT:MSVCR100.dll
 0001:00030f28       __amsg_exit                10031f28 f   MSVCRT:MSVCR100.dll
 0001:00030f2e       ___CppXcptFilter           10031f2e f   MSVCRT:MSVCR100.dll
 0001:00030f34       _DllMain@12                10031f34 f   MSVCRT:dllmain.obj
 0001:00030f60       __SEH_prolog4              10031f60 f   MSVCRT:sehprolg4.obj
 0001:00030fa5       __SEH_epilog4              10031fa5 f   MSVCRT:sehprolg4.obj
 0001:00030fb9       __except_handler4          10031fb9 f   MSVCRT:chandler4gs.obj
 0001:00030fde       ___security_init_cookie    10031fde f   MSVCRT:gs_support.obj
 0001:0003107a       __crt_debugger_hook        1003207a f   MSVCRT:MSVCR100.dll
 0001:00031080       ___clean_type_info_names_internal 10032080 f   MSVCRT:MSVCR100.dll
 0001:00031086       __unlock                   10032086 f   MSVCRT:MSVCR100.dll
 0001:0003108c       ___dllonexit               1003208c f   MSVCRT:MSVCR100.dll
 0001:00031092       __lock                     10032092 f   MSVCRT:MSVCR100.dll
 0001:00031098       __except_handler4_common   10032098 f   MSVCRT:MSVCR100.dll
 0001:0003109e       _EncodePointer@4           1003209e f   kernel32:KERNEL32.dll
 0001:000310a4       _DecodePointer@4           100320a4 f   kernel32:KERNEL32.dll
 0001:000310aa       _InterlockedExchange@8     100320aa f   kernel32:KERNEL32.dll
 0001:000310b0       _Sleep@4                   100320b0 f   kernel32:KERNEL32.dll
 0001:000310b6       _InterlockedCompareExchange@12 100320b6 f   kernel32:KERNEL32.dll
 0001:000310bc       _TerminateProcess@8        100320bc f   kernel32:KERNEL32.dll
 0001:000310c2       _GetCurrentProcess@0       100320c2 f   kernel32:KERNEL32.dll
 0001:000310c8       _UnhandledExceptionFilter@4 100320c8 f   kernel32:KERNEL32.dll
 0001:000310ce       _SetUnhandledExceptionFilter@4 100320ce f   kernel32:KERNEL32.dll
 0001:000310d4       _IsDebuggerPresent@0       100320d4 f   kernel32:KERNEL32.dll
 0001:000310da       _IsProcessorFeaturePresent@4 100320da f   kernel32:KERNEL32.dll
 0001:000310e0       _DisableThreadLibraryCalls@4 100320e0 f   kernel32:KERNEL32.dll
 0001:000310e6       _QueryPerformanceCounter@4 100320e6 f   kernel32:KERNEL32.dll
 0001:000310ec       _GetTickCount@0            100320ec f   kernel32:KERNEL32.dll
 0001:000310f2       _GetCurrentThreadId@0      100320f2 f   kernel32:KERNEL32.dll
 0001:000310f8       _GetCurrentProcessId@0     100320f8 f   kernel32:KERNEL32.dll
 0001:000310fe       _GetSystemTimeAsFileTime@4 100320fe f   kernel32:KERNEL32.dll
 0002:00000000       __imp__GetSystemTimeAsFileTime@4 10033000     kernel32:KERNEL32.dll
 0002:00000004       __imp__GetCurrentProcessId@0 10033004     kernel32:KERNEL32.dll
 0002:00000008       __imp__GetCurrentThreadId@0 10033008     kernel32:KERNEL32.dll
 0002:0000000c       __imp__GetTickCount@0      1003300c     kernel32:KERNEL32.dll
 0002:00000010       __imp__QueryPerformanceCounter@4 10033010     kernel32:KERNEL32.dll
 0002:00000014       __imp__DisableThreadLibraryCalls@4 10033014     kernel32:KERNEL32.dll
 0002:00000018       __imp__IsProcessorFeaturePresent@4 10033018     kernel32:KERNEL32.dll
 0002:0000001c       __imp__IsDebuggerPresent@0 1003301c     kernel32:KERNEL32.dll
 0002:00000020       __imp__SetUnhandledExceptionFilter@4 10033020     kernel32:KERNEL32.dll
 0002:00000024       __imp__UnhandledExceptionFilter@4 10033024     kernel32:KERNEL32.dll
 0002:00000028       __imp__GetCurrentProcess@0 10033028     kernel32:KERNEL32.dll
 0002:0000002c       __imp__TerminateProcess@8  1003302c     kernel32:KERNEL32.dll
 0002:00000030       __imp__InterlockedCompareExchange@12 10033030     kernel32:KERNEL32.dll
 0002:00000034       __imp__Sleep@4             10033034     kernel32:KERNEL32.dll
 0002:00000038       __imp__InterlockedExchange@8 10033038     kernel32:KERNEL32.dll
 0002:0000003c       __imp__DecodePointer@4     1003303c     kernel32:KERNEL32.dll
 0002:00000040       __imp__EncodePointer@4     10033040     kernel32:KERNEL32.dll
 0002:00000044       \177KERNEL32_NULL_THUNK_DATA 10033044     kernel32:KERNEL32.dll
 0002:00000048       __imp___except_handler4_common 10033048     MSVCRT:MSVCR100.dll
 0002:0000004c       __imp___onexit             1003304c     MSVCRT:MSVCR100.dll
 0002:00000050       __imp___lock               10033050     MSVCRT:MSVCR100.dll
 0002:00000054       __imp____dllonexit         10033054     MSVCRT:MSVCR100.dll
 0002:00000058       __imp___unlock             10033058     MSVCRT:MSVCR100.dll
 0002:0000005c       __imp____clean_type_info_names_internal 1003305c     MSVCRT:MSVCR100.dll
 0002:00000060       __imp___crt_debugger_hook  10033060     MSVCRT:MSVCR100.dll
 0002:00000064       __imp____CppXcptFilter     10033064     MSVCRT:MSVCR100.dll
 0002:00000068       __imp___amsg_exit          10033068     MSVCRT:MSVCR100.dll
 0002:0000006c       __imp___initterm_e         1003306c     MSVCRT:MSVCR100.dll
 0002:00000070       __imp___initterm           10033070     MSVCRT:MSVCR100.dll
 0002:00000074       __imp___encoded_null       10033074     MSVCRT:MSVCR100.dll
 0002:00000078       __imp___malloc_crt         10033078     MSVCRT:MSVCR100.dll
 0002:0000007c       __imp__ldexp               1003307c     MSVCRT:MSVCR100.dll
 0002:00000080       __imp___setjmp3            10033080     MSVCRT:MSVCR100.dll
 0002:00000084       __imp__strrchr             10033084     MSVCRT:MSVCR100.dll
 0002:00000088       __imp__ceil                10033088     MSVCRT:MSVCR100.dll
 0002:0000008c       __imp__strncmp             1003308c     MSVCRT:MSVCR100.dll
 0002:00000090       __imp__longjmp             10033090     MSVCRT:MSVCR100.dll
 0002:00000094       __imp__strncpy             10033094     MSVCRT:MSVCR100.dll
 0002:00000098       __imp__memcpy              10033098     MSVCRT:MSVCR100.dll
 0002:0000009c       __imp__strcat              1003309c     MSVCRT:MSVCR100.dll
 0002:000000a0       __imp__malloc              100330a0     MSVCRT:MSVCR100.dll
 0002:000000a4       __imp__sprintf             100330a4     MSVCRT:MSVCR100.dll
 0002:000000a8       __imp__free                100330a8     MSVCRT:MSVCR100.dll
 0002:000000ac       __imp__strcmp              100330ac     MSVCRT:MSVCR100.dll
 0002:000000b0       __imp__memset              100330b0     MSVCRT:MSVCR100.dll
 0002:000000b4       __imp__strlen              100330b4     MSVCRT:MSVCR100.dll
 0002:000000b8       \177MSVCR100_NULL_THUNK_DATA 100330b8     MSVCRT:MSVCR100.dll
 0002:000000bc       __imp__emlrtIsEnumR2009a   100330bc     libemlrt:libemlrt.dll
 0002:000000c0       __imp__emlrtGetEnumUnderlyingArrayR2009a 100330c0     libemlrt:libemlrt.dll
 0002:000000c4       __imp__emlrtTranslateUTF16MessagetoLCPstring 100330c4     libemlrt:libemlrt.dll
 0002:000000c8       __imp__emlrtForLoopVectorIsValidR2011b 100330c8     libemlrt:libemlrt.dll
 0002:000000cc       __imp__emlrtTranslateMessageIDtoLCPstring 100330cc     libemlrt:libemlrt.dll
 0002:000000d0       __imp__emlrtExtractMessageId 100330d0     libemlrt:libemlrt.dll
 0002:000000d4       __imp__emlrtNameCapturePostProcessR2012a 100330d4     libemlrt:libemlrt.dll
 0002:000000d8       __imp__emlrtImportVsFiArrayR2009b 100330d8     libemlrt:libemlrt.dll
 0002:000000dc       __imp__emlrtCreateReference 100330dc     libemlrt:libemlrt.dll
 0002:000000e0       __imp__emlrtGetEnumElementR2009a 100330e0     libemlrt:libemlrt.dll
 0002:000000e4       __imp__emlrtCreateEnumR2012b 100330e4     libemlrt:libemlrt.dll
 0002:000000e8       __imp__emlrtCheckEnumR2012b 100330e8     libemlrt:libemlrt.dll
 0002:000000ec       __imp__emlrtCheckVsBuiltInR2012b 100330ec     libemlrt:libemlrt.dll
 0002:000000f0       __imp__emlrtCheckBuiltInR2012b 100330f0     libemlrt:libemlrt.dll
 0002:000000f4       __imp__emlrtDestroyRootTLS 100330f4     libemlrt:libemlrt.dll
 0002:000000f8       __imp__emlrtCreateRootTLS  100330f8     libemlrt:libemlrt.dll
 0002:000000fc       \177libemlrt_NULL_THUNK_DATA 100330fc     libemlrt:libemlrt.dll
 0002:00000100       __imp__ssRegisterDataTypeFxpScaledDouble 10033100     libfixedpoint:libfixedpoint.dll
 0002:00000104       __imp__ssRegisterDataTypeFxpFSlopeFixExpBias 10033104     libfixedpoint:libfixedpoint.dll
 0002:00000108       \177libfixedpoint_NULL_THUNK_DATA 10033108     libfixedpoint:libfixedpoint.dll
 0002:0000010c       __imp__mexLock             1003310c     libmex:libmex.dll
 0002:00000110       __imp__mexMakeMemoryPersistent 10033110     libmex:libmex.dll
 0002:00000114       __imp__mexFunctionName     10033114     libmex:libmex.dll
 0002:00000118       __imp__mexGetVariable      10033118     libmex:libmex.dll
 0002:0000011c       __imp__mexPutVariable      1003311c     libmex:libmex.dll
 0002:00000120       __imp__mexSetTrapFlag      10033120     libmex:libmex.dll
 0002:00000124       __imp__mexIsLocked         10033124     libmex:libmex.dll
 0002:00000128       __imp__mexWarnMsgTxt       10033128     libmex:libmex.dll
 0002:0000012c       __imp__mexCallMATLAB       1003312c     libmex:libmex.dll
 0002:00000130       __imp__mexUnlock           10033130     libmex:libmex.dll
 0002:00000134       __imp__mexErrMsgTxt        10033134     libmex:libmex.dll
 0002:00000138       __imp__mexMakeArrayPersistent 10033138     libmex:libmex.dll
 0002:0000013c       \177libmex_NULL_THUNK_DATA 1003313c     libmex:libmex.dll
 0002:00000140       __imp__mxCreateCellMatrix_730 10033140     libmx:libmx.dll
 0002:00000144       __imp__mxCreateStructMatrix_730 10033144     libmx:libmx.dll
 0002:00000148       __imp__mxSetField_730      10033148     libmx:libmx.dll
 0002:0000014c       __imp__mxCreateDoubleMatrix_730 1003314c     libmx:libmx.dll
 0002:00000150       __imp__mxCreateDoubleScalar 10033150     libmx:libmx.dll
 0002:00000154       __imp__mxCreateString      10033154     libmx:libmx.dll
 0002:00000158       __imp__mxDestroyArray      10033158     libmx:libmx.dll
 0002:0000015c       __imp__mxCreateLogicalScalar 1003315c     libmx:libmx.dll
 0002:00000160       __imp__mxIsLogicalScalarTrue 10033160     libmx:libmx.dll
 0002:00000164       __imp__mxGetString_700     10033164     libmx:libmx.dll
 0002:00000168       __imp__mxCreateStringFromNChars_700 10033168     libmx:libmx.dll
 0002:0000016c       __imp__mxGetElementSize    1003316c     libmx:libmx.dll
 0002:00000170       __imp__mxCreateNumericArray_700 10033170     libmx:libmx.dll
 0002:00000174       __imp__mxGetNumberOfDimensions_700 10033174     libmx:libmx.dll
 0002:00000178       __imp__mxGetDimensions_700 10033178     libmx:libmx.dll
[...]
 0001:0000d9a0       _sfIsRowVector             1000e9a0 f   sfc_mexmsvc80:sfc_mex.obj
 0001:0000dad0       _sf_ExtractMessageId       1000ead0 f   sfc_mexmsvc80:sfc_mex.obj
 0001:0000dd20       _sf_mex_err                1000ed20 f   sfc_mexmsvc80:sfc_mex.obj
 0001:0000ddb0       _sf_error_dimension_out_of_bound 1000edb0 f   sfc_mexmsvc80:sfc_mex.obj
 0001:0000de50       _sf_mex_check_and_set_actual_dimensions 1000ee50 f   sfc_mexmsvc80:sfc_mex.obj
 0001:0000dfd0       _sf_mex_check_complex      1000efd0 f   sfc_mexmsvc80:sfc_mex.obj
 0001:0000e040       _sf_mex_check_sparse       1000f040 f   sfc_mexmsvc80:sfc_mex.obj
 0001:0000e080       _sf_mex_check_numerictype  1000f080 f   sfc_mexmsvc80:sfc_mex.obj
 0001:0000e110       _sf_mex_check_fimath       1000f110 f   sfc_mexmsvc80:sfc_mex.obj
 0001:0000e810       _size_mismatch_error       1000f810 f   sfc_mexmsvc80:sfc_mex.obj
 0001:0000f060       _check_array_dimensions    10010060 f   sfc_mexmsvc80:sfc_mex.obj
 0001:0000f0b0       _check_input_mxarray       100100b0 f   sfc_mexmsvc80:sfc_mex.obj
 0001:0000f750       _sf_numeric_value_to_double 10010750 f   sfc_mexmsvc80:sfc_mex.obj
 0001:0000f790       _ml_generic_out_of_bounds_check 10010790 f   sfc_mexmsvc80:sfc_mex.obj
 0001:0000f920       _ml_get_element_value_from_array 10010920 f   sfc_mexmsvc80:sfc_mex.obj
 0001:0000fdf0       __ml_generic_castability_check 10010df0 f   sfc_mexmsvc80:sfc_mex.obj
 0001:00010680       _ml_generic_castability_check 10011680 f   sfc_mexmsvc80:sfc_mex.obj
 0001:000106e0       _ml_check_mx_array_for_single_castability 100116e0 f   sfc_mexmsvc80:sfc_mex.obj
 0001:00010750       _ml_check_mx_array_for_logical_castability 10011750 f   sfc_mexmsvc80:sfc_mex.obj
 0001:000107b0       _ml_check_mx_array_for_int8_castability 100117b0 f   sfc_mexmsvc80:sfc_mex.obj
 0001:00010840       _ml_check_mx_array_for_uint8_castability 10011840 f   sfc_mexmsvc80:sfc_mex.obj
 0001:000108b0       _ml_check_mx_array_for_int16_castability 100118b0 f   sfc_mexmsvc80:sfc_mex.obj
 0001:00010920       _ml_check_mx_array_for_uint16_castability 10011920 f   sfc_mexmsvc80:sfc_mex.obj
 0001:00010990       _ml_check_mx_array_for_int32_castability 10011990 f   sfc_mexmsvc80:sfc_mex.obj
 0001:00010a00       _ml_check_mx_array_for_uint32_castability 10011a00 f   sfc_mexmsvc80:sfc_mex.obj
 0001:00010a70       _ml_check_mx_array_for_castability 10011a70 f   sfc_mexmsvc80:sfc_mex.obj
 0001:00011100       _set_data_value            10012100 f   sfc_mexmsvc80:sfc_mex.obj
 0001:000115d0       _get_data_value            100125d0 f   sfc_mexmsvc80:sfc_mex.obj
 0001:000116d0       _get_next_element_address  100126d0 f   sfc_mexmsvc80:sfc_mex.obj
 0001:00011770       _sf_normalize_index        10012770 f   sfc_mexmsvc80:sfc_mex.obj
 0001:00011a00       _ml_array_index_bound_check 10012a00 f   sfc_mexmsvc80:sfc_mex.obj
 0001:000122f0       _mx_value                  100132f0 f   sfc_mexmsvc80:sfc_mex.obj
 0001:00012340       _sf_create_numeric_array   10013340 f   sfc_mexmsvc80:sfc_mex.obj
 0001:000123c0       _sf_mex_assign_to_mx_array 100133c0 f   sfc_mexmsvc80:sfc_mex.obj
 0001:00012620       _assign_from_mx_array      10013620 f   sfc_mexmsvc80:sfc_mex.obj
 0001:00012de0       _sf_mex_import_v           10013de0 f   sfc_mexmsvc80:sfc_mex.obj
 0001:000132c0       _get_machine_and_chart_file_number 100142c0 f   sfc_mexmsvc80:sfc_sf.obj
 0001:00013380       _get_sfun_block_specialization 10014380 f   sfc_mexmsvc80:sfc_sf.obj
 0001:00013400       _call_sf_machine_global_method_dispatcher 10014400 f   sfc_mexmsvc80:sfc_sf.obj
 0001:000135c0       _mdl_zeroCrossings_processing 100145c0 f   sfc_mexmsvc80:sfc_sf.obj
 0001:00013670       _mdl_derivatives_processing 10014670 f   sfc_mexmsvc80:sfc_sf.obj
 0001:000138f0       _mdl_outputs_continuous_legacy 100148f0 f   sfc_mexmsvc80:sfc_sf.obj
 0001:00013970       _mdl_outputs_processing    10014970 f   sfc_mexmsvc80:sfc_sf.obj
 0001:00013ba0       _mdl_enable_processing     10014ba0 f   sfc_mexmsvc80:sfc_sf.obj
 0001:00013c50       _mdl_disable_processing    10014c50 f   sfc_mexmsvc80:sfc_sf.obj
 0001:000147c0       _sf_call_output_fcn_enable_disable 100157c0 f   sfc_mexmsvc80:sfc_sf.obj
 0001:000149e0       _set_dwork_information_from_mx_array 100159e0 f   sfc_mexmsvc80:sfc_sf.obj
 0001:00015380       _ptr2mxStruct              10016380 f   sfc_mexmsvc80:sfc_sf.obj
 0001:000155a0       _SNPRINTF_WRAPPER          100165a0 f   sfc_debugmsvc80:sfcdebug.obj
 0001:000155e0       _sf_debug_chart_instance_initialized 100165e0 f   sfc_debugmsvc80:sfcdebug.obj
 0001:00015760       _sfrtAddSize               10016760 f   sfc_debugmsvc80:sfcdebug.obj
 0001:00015810       _sfrtGenSizeString         10016810 f   sfc_debugmsvc80:sfcdebug.obj
 0001:00015cc0       _fill_single_message_info  10016cc0 f   sfc_debugmsvc80:sfcdebug.obj
 0001:00015e20       _sf_debug_sim_status_listener 10016e20 f   sfc_debugmsvc80:sfcdebug.obj
 0001:000162f0       _sf_debug_form_mask_bits   100172f0 f   sfc_debugmsvc80:sfcdebug.obj
 0001:00016330       _sf_debug_form_sf_data_type_offsets 10017330 f   sfc_debugmsvc80:sfcdebug.obj
 0001:000163c0       _sf_debug_free_all         100173c0 f   sfc_debugmsvc80:sfcdebug.obj
 0001:00016560       _sf_debug_append_debugger_context 10017560 f   sfc_debugmsvc80:sfcdebug.obj
 0001:000168c0       _local_strdup              100178c0 f   sfc_debugmsvc80:sfcdebug.obj
 0001:000175c0       _sf_debug_em_terminate     100185c0 f   sfc_debugmsvc80:sfcdebug.obj
 0001:00017600       _sf_debug_push_eml_function 10018600 f   sfc_debugmsvc80:sfcdebug.obj
 0001:00017690       _sf_debug_pop_eml_function 10018690 f   sfc_debugmsvc80:sfcdebug.obj
 0001:00017f60       _sf_debug_get_machine_number_from_id_or_name 10018f60 f   sfc_debugmsvc80:sfcdebug.obj
 0001:000180c0       _sf_debug_get_chart_number_from_id 100190c0 f   sfc_debugmsvc80:sfcdebug.obj
 0001:00018ad0       _sf_debug_transfer_control_to_debugger_GUI 10019ad0 f   sfc_debugmsvc80:sfcdebug.obj
 0001:00019920       _sf_debug_scripts_rehash   1001a920 f   sfc_debugmsvc80:sfcdebug.obj
 0001:00019ad0       _sf_debug_get_script_line_count 1001aad0 f   sfc_debugmsvc80:sfcdebug.obj
 0001:0001a180       _cv_eml_state_cvId         1001b180 f   sfc_debugmsvc80:sfcdebug.obj
 0001:0001a1d0       _cv_eml_trans_cvId         1001b1d0 f   sfc_debugmsvc80:sfcdebug.obj
 0001:0001b040       _sf_debug_data_array_bounds_error 1001c040 f   sfc_debugmsvc80:sfcdebug.obj
 0001:0001b350       _eml_debug_runtime_error_doclink 1001c350 f   sfc_debugmsvc80:sfcdebug.obj
 0001:0001b480       _sf_debug_runtime_error    1001c480 f   sfc_debugmsvc80:sfcdebug.obj
 0001:0001b4d0       _sf_debug_matlab_error     1001c4d0 f   sfc_debugmsvc80:sfcdebug.obj
 0001:0001baa0       _sf_debug_data_value_error 1001caa0 f   sfc_debugmsvc80:sfcdebug.obj
 0001:0001c0d0       _sf_debug_data_loss_error  1001d0d0 f   sfc_debugmsvc80:sfcdebug.obj
 0001:0001cc40       _call_cv_range_check       1001dc40 f   sfc_debugmsvc80:sfcdebug.obj
 0001:0001d1e0       _sf_debug_invoke_cycle_detection_code 1001e1e0 f   sfc_debugmsvc80:sfcdebug.obj
 0001:0001db60       _sf_reset_debug_info_struct 1001eb60 f   sfc_debugmsvc80:sfcdebug.obj
 0001:0001e1c0       _cv_script_cvId            1001f1c0 f   sfc_debugmsvc80:sfcdebug.obj
 0001:0001ec20       _sfc_api_chart_visible     1001fc20 f   sfc_debugmsvc80:sfc_api.obj
 0001:0001ece0       _sfc_api_active_instance   1001fce0 f   sfc_debugmsvc80:sfc_api.obj
 0001:0001ed80       _sfc_api_machine_load      1001fd80 f   sfc_debugmsvc80:sfc_api.obj
 0001:0001ee90       _sfc_api_debugger_alive    1001fe90 f   sfc_debugmsvc80:sfc_api.obj
 0001:0001eeb0       _sfc_api_go                1001feb0 f   sfc_debugmsvc80:sfc_api.obj
 0001:0001eed0       _sfc_api_step_over         1001fed0 f   sfc_debugmsvc80:sfc_api.obj
 0001:0001eef0       _sfc_api_step_out          1001fef0 f   sfc_debugmsvc80:sfc_api.obj
 0001:0001ef10       _sfc_api_resume            1001ff10 f   sfc_debugmsvc80:sfc_api.obj
 0001:0001ef30       _sfc_api_break             1001ff30 f   sfc_debugmsvc80:sfc_api.obj
 0001:0001ef50       _sfc_api_stop_debugging    1001ff50 f   sfc_debugmsvc80:sfc_api.obj
 0001:0001efa0       _sfc_api_is_cycle_detected 1001ffa0 f   sfc_debugmsvc80:sfc_api.obj
 0001:0001eff0       _sfc_api_is_array_bounds_detected 1001fff0 f   sfc_debugmsvc80:sfc_api.obj
 0001:0001f040       _sfc_api_set_disable_all_breakpoints 10020040 f   sfc_debugmsvc80:sfc_api.obj
 0001:0001f0d0       _sfc_api_disable_all_breakpoints_and_go 100200d0 f   sfc_debugmsvc80:sfc_api.obj
 0001:0001f0f0       _sfc_api_close             100200f0 f   sfc_debugmsvc80:sfc_api.obj
 0001:0001f110       _sfc_api_browse_data       10020110 f   sfc_debugmsvc80:sfc_api.obj
 0001:0001f190       _sfc_api_watch_data        10020190 f   sfc_debugmsvc80:sfc_api.obj
 0001:0001f290       _sfc_api_extract_message_post_receive_info 10020290 f   sfc_debugmsvc80:sfc_api.obj
 0001:0001f2b0       _sfc_api_assign_data       100202b0 f   sfc_debugmsvc80:sfc_api.obj
 0001:0001f330       _sfc_api_whos              10020330 f   sfc_debugmsvc80:sfc_api.obj
 0001:0001f3c0       _sfc_api_get_consistency_info 100203c0 f   sfc_debugmsvc80:sfc_api.obj
 0001:0001f3e0       _sfc_api_browse_trace      100203e0 f   sfc_debugmsvc80:sfc_api.obj
 0001:0001f400       _sfc_api_break_on_chart_entry 10020400 f   sfc_debugmsvc80:sfc_api.obj
 0001:0001f440       _sfc_api_break_on_event_broadcast 10020440 f   sfc_debugmsvc80:sfc_api.obj
 0001:0001f480       _sfc_api_break_on_state_entry 10020480 f   sfc_debugmsvc80:sfc_api.obj
 0001:0001f4c0       _sfc_api_set_watch         100204c0 f   sfc_debugmsvc80:sfc_api.obj
 0001:0001f5a0       _sfc_api_set_breakpoints   100205a0 f   sfc_debugmsvc80:sfc_api.obj
 0001:0001f680       _sfc_api_set_eml_breakpoints 10020680 f   sfc_debugmsvc80:sfc_api.obj
 0001:0001f730       _sfc_api_set_script_breakpoints 10020730 f   sfc_debugmsvc80:sfc_api.obj
 0001:0001f7a0       _sfc_api_add_script_breakpoints 100207a0 f   sfc_debugmsvc80:sfc_api.obj
 0001:0001f810       _sfc_api_clear_script_breakpoints 10020810 f   sfc_debugmsvc80:sfc_api.obj
 0001:0001f880       _sfc_api_query_script_breakpoints 10020880 f   sfc_debugmsvc80:sfc_api.obj
 0001:0001f8f0       _sfc_api_get_script_id     100208f0 f   sfc_debugmsvc80:sfc_api.obj
 0001:0001f990       _sfc_api_get_active_states 10020990 f   sfc_debugmsvc80:sfc_api.obj
 0001:0001fa00       _sfc_api_break_between_times 10020a00 f   sfc_debugmsvc80:sfc_api.obj
 0001:0001fa60       _sfc_api_get_instance_handle 10020a60 f   sfc_debugmsvc80:sfc_api.obj
 0001:0001fb40       _sfc_api_set_animation     10020b40 f   sfc_debugmsvc80:sfc_api.obj
 0001:0001fba0       _sfc_api_select_chart      10020ba0 f   sfc_debugmsvc80:sfc_api.obj
 0001:0001fc30       _sfc_api_select_charts     10020c30 f   sfc_debugmsvc80:sfc_api.obj
 0001:0001fc60       _sfc_api_cycle_detection_check 10020c60 f   sfc_debugmsvc80:sfc_api.obj
 0001:0001fcc0       _sfc_api_data_range_check  10020cc0 f   sfc_debugmsvc80:sfc_api.obj
 0001:0001fd20       _sfc_api_transition_conflict_check 10020d20 f   sfc_debugmsvc80:sfc_api.obj
 0001:0001fd80       _sfc_api_state_consistency_check 10020d80 f   sfc_debugmsvc80:sfc_api.obj
 0001:0001fde0       _sfc_api_set_instance_cv_ids 10020de0 f   sfc_debugmsvc80:sfc_api.obj
 0001:0001ff10       _sfc_api_set_script_cv_ids 10020f10 f   sfc_debugmsvc80:sfc_api.obj
 0001:0001ffe0       _sfc_api_get_current_machine_id 10020fe0 f   sfc_debugmsvc80:sfc_api.obj
 0001:00020020       _sfc_api_get_current_machine_number 10021020 f   sfc_debugmsvc80:sfc_api.obj
 0001:00020060       _sfc_api_get_current_chart_number 10021060 f   sfc_debugmsvc80:sfc_api.obj
 0001:000200a0       _sfc_api_get_current_instance_number 100210a0 f   sfc_debugmsvc80:sfc_api.obj
 0001:000200e0       _sfc_api_get_current_instance_handle 100210e0 f   sfc_debugmsvc80:sfc_api.obj
 0001:00020100       _sfc_api_get_current_is_minor_time_step 10021100 f   sfc_debugmsvc80:sfc_api.obj
 0001:00020140       _sfc_api_get_current_machine_name 10021140 f   sfc_debugmsvc80:sfc_api.obj
 0001:00020160       _sfc_api_get_current_chart_id 10021160 f   sfc_debugmsvc80:sfc_api.obj
 0001:000201a0       _sfc_api_get_current_object_type 100211a0 f   sfc_debugmsvc80:sfc_api.obj
 0001:000201e0       _sfc_api_get_current_event_type 100211e0 f   sfc_debugmsvc80:sfc_api.obj
 0001:00020220       _sfc_api_get_current_object_id 10021220 f   sfc_debugmsvc80:sfc_api.obj
 0001:00020260       _sfc_get_current_active_event_type 10021260 f   sfc_debugmsvc80:sfc_api.obj
 0001:000202a0       _sfc_api_get_current_active_event_id 100212a0 f   sfc_debugmsvc80:sfc_api.obj
 0001:000202e0       _sfc_api_get_current_simulation_time 100212e0 f   sfc_debugmsvc80:sfc_api.obj
 0001:00020300       _sfc_get_current_tag_type  10021300 f   sfc_debugmsvc80:sfc_api.obj
 0001:00020340       _sfc_get_current_coverage_percentage 10021340 f   sfc_debugmsvc80:sfc_api.obj
 0001:00020360       _sfc_get_current_statement_context 10021360 f   sfc_debugmsvc80:sfc_api.obj
 0001:00020380       _sfc_get_current_optional_integer 10021380 f   sfc_debugmsvc80:sfc_api.obj
 0001:000203b0       _sfc_get_current_statement_info 100213b0 f   sfc_debugmsvc80:sfc_api.obj
 0001:00020450       _sfc_api_get               10021450 f   sfc_debugmsvc80:sfc_api.obj
 0001:00020ea0       _sf_debug_sm_fill_state_activity_data 10021ea0 f   sfc_debugmsvc80:sfdb_animation.obj
 0001:00023170       _void_ptr_stack_vector_free_total 10024170 f   sfc_debugmsvc80:sfdb_data_browse.obj
 0001:000231d0       _sf_debug_st_terminate_machine 100241d0 f   sfc_debugmsvc80:sfdb_data_browse.obj
 0001:00023200       _sf_debug_st_terminate_instance 10024200 f   sfc_debugmsvc80:sfdb_data_browse.obj
 0001:00023380       _push_on_to_void_ptr_stack 10024380 f   sfc_debugmsvc80:sfdb_data_browse.obj
 0001:000234b0       _pop_from_void_ptr_stack   100244b0 f   sfc_debugmsvc80:sfdb_data_browse.obj
 0001:000235b0       _sf_debug_st_get_data_value 100245b0 f   sfc_debugmsvc80:sfdb_data_browse.obj
 0001:00023a50       _mx_value                  10024a50 f   sfc_debugmsvc80:sfdb_data_browse.obj
 0001:00023a80       _sf_debug_st_fill_data_struct 10024a80 f   sfc_debugmsvc80:sfdb_data_browse.obj
 0001:00023d50       _data_type_format_strings  10024d50 f   sfc_debugmsvc80:sfdb_data_browse.obj
 0001:00023dc0       _sf_debug_st_fill_data     10024dc0 f   sfc_debugmsvc80:sfdb_data_browse.obj
 0001:000247c0       _sf_debug_hm_get_simulink_handle 100257c0 f   sfc_debugmsvc80:sfdb_handle_management.obj
 0001:00025140       _sf_debug_hm_initialize_globals 10026140 f   sfc_debugmsvc80:sfdb_handle_management.obj
 0001:00025230       _sf_debug_hm_get_machine_debug_flag 10026230 f   sfc_debugmsvc80:sfdb_handle_management.obj
 0001:00025380       _sf_debug_hm_get_machine_id 10026380 f   sfc_debugmsvc80:sfdb_handle_management.obj
 0001:00025490       _sf_debug_hm_get_chart_id  10026490 f   sfc_debugmsvc80:sfdb_handle_management.obj
 0001:00025600       _sf_debug_hm_register_executing_SFunction 10026600 f   sfc_debugmsvc80:sfdb_handle_management.obj
 0001:00025900       _sf_debug_hm_form_object_boolean_properties 10026900 f   sfc_debugmsvc80:sfdb_handle_management.obj
 0001:00025b70       _sf_debug_hm_form_object_properties 10026b70 f   sfc_debugmsvc80:sfdb_handle_management.obj
 0001:00025d70       _sf_debug_hm_terminate_charts 10026d70 f   sfc_debugmsvc80:sfdb_handle_management.obj
 0001:00026390       _sf_debug_hm_terminate_machines 10027390 f   sfc_debugmsvc80:sfdb_handle_management.obj
 0001:00027bb0       _sf_debug_ss_copy_dimension 10028bb0 f   sfc_debugmsvc80:sfdb_symbol_scope.obj
 0001:00027c20       _sf_debug_ss_get_number_elements 10028c20 f   sfc_debugmsvc80:sfdb_symbol_scope.obj
 0001:00027c40       _sf_debug_ss_fill_data_struct 10028c40 f   sfc_debugmsvc80:sfdb_symbol_scope.obj
 0001:00027e30       _sf_debug_ss_reset_data_info 10028e30 f   sfc_debugmsvc80:sfdb_symbol_scope.obj
 0001:00027e80       _sf_debug_fill_data_info_by_symbol_scope_entry 10028e80 f   sfc_debugmsvc80:sfdb_symbol_scope.obj
 0001:00027f30       _sf_debug_fill_data_info_by_data_vector 10028f30 f   sfc_debugmsvc80:sfdb_symbol_scope.obj
 0001:000280f0       _get_data_info_helper      100290f0 f   sfc_debugmsvc80:sfdb_symbol_scope.obj
 0001:00028170       _sf_debug_ss_get_data_info 10029170 f   sfc_debugmsvc80:sfdb_symbol_scope.obj
 0001:00028320       _sf_debug_select_mex_function 10029320 f   sfc_debugmsvc80:sfdb_symbol_scope.obj
 0001:00028350       _sf_debug_is_dyn_matrix_initialized 10029350 f   sfc_debugmsvc80:sfdb_symbol_scope.obj
 0001:00028370       _sf_debug_ss_set_data_value_try 10029370 f   sfc_debugmsvc80:sfdb_symbol_scope.obj
 0001:000284a0       _sf_debug_ss_get_data_value 100294a0 f   sfc_debugmsvc80:sfdb_symbol_scope.obj
 0001:000289d0       _sf_debug_ss_data_bytes_string 100299d0 f   sfc_debugmsvc80:sfdb_symbol_scope.obj
 0001:00028a40       _sf_debug_ss_data_class_string 10029a40 f   sfc_debugmsvc80:sfdb_symbol_scope.obj
 0001:00028d90       _sf_debug_ss_data_size_string 10029d90 f   sfc_debugmsvc80:sfdb_symbol_scope.obj
 0001:00028e50       _sf_debug_ss_data_create_data_info_struct 10029e50 f   sfc_debugmsvc80:sfdb_symbol_scope.obj
 0001:000290b0       _sf_debug_ss_data_create_name_value_pair 1002a0b0 f   sfc_debugmsvc80:sfdb_symbol_scope.obj
 0001:00029110       _sf_debug_ss_data_get_whos_info 1002a110 f   sfc_debugmsvc80:sfdb_symbol_scope.obj
 0001:00029140       _same_named_data_in_data_array 1002a140 f   sfc_debugmsvc80:sfdb_symbol_scope.obj
 0001:0002a5d0       _sf_debug_cc_terminate_chart 1002b5d0 f   sfc_debugmsvc80:sfdb_coverage.obj
 0001:0002a8e0       _sf_debug_cc_terminate_instance 1002b8e0 f   sfc_debugmsvc80:sfdb_coverage.obj
 0001:0002b310       _sf_debug_cc_mark_object_if_needed 1002c310 f   sfc_debugmsvc80:sfdb_coverage.obj
 0001:0002ba90       _sf_debug_bm_initialize_eml 1002ca90 f   sfc_debugmsvc80:sfdb_breakpoints.obj
 0001:0002ca60       _sf_debug_bm_map_debug_tag_to_breakpoint_tag 1002da60 f   sfc_debugmsvc80:sfdb_breakpoints.obj
 0001:0002cb00       _sf_debug_bm_is_a_eml_breakpoint_impl 1002db00 f   sfc_debugmsvc80:sfdb_breakpoints.obj
 0001:0002e160       _sf_debug_sc_push_on_error_stack 1002f160 f   sfc_debugmsvc80:sfdb_state_consistency.obj
 0001:0002e260       _sf_debug_sc_reset_error_stack 1002f260 f   sfc_debugmsvc80:sfdb_state_consistency.obj
 0001:0002e3b0       _sf_debug_sc_is_state_inconsistent 1002f3b0 f   sfc_debugmsvc80:sfdb_state_consistency.obj
 0001:0002e5d0       _sf_debug_sc_fill_consistency_info 1002f5d0 f   sfc_debugmsvc80:sfdb_state_consistency.obj
 0001:0002ea60       _void_assertion_fcn        1002fa60 f   sfc_debugmsvc80:sfdb_call_stack.obj
 0001:0002ef40       _sf_debug_tm_fill_local_trace 1002ff40 f   sfc_debugmsvc80:sfdb_call_stack.obj
 0001:0002f3c0       _sf_debug_cd_terminate_instance 100303c0 f   sfc_debugmsvc80:sfdb_cycle_detection.obj
 0001:0002f420       _sf_debug_cd_free_checksum_stack 10030420 f   sfc_debugmsvc80:sfdb_cycle_detection.obj
 0001:0002f450       _sf_debug_cd_reset_pack_strings 10030450 f   sfc_debugmsvc80:sfdb_cycle_detection.obj
 0001:0002fa90       _md5file_clear             10030a90 f   sfc_debugmsvc80:ckmd5.obj
 0001:0002fac0       _Encode                    10030ac0 f   sfc_debugmsvc80:ckmd5.obj
 0001:0002fb00       _Decode                    10030b00 f   sfc_debugmsvc80:ckmd5.obj
 0001:0002fb80       _MD5Transform              10030b80 f   sfc_debugmsvc80:ckmd5.obj
 0001:00030240       _md5file_addn              10031240 f   sfc_debugmsvc80:ckmd5.obj
 0001:000302f0       _md5file_hash              100312f0 f   sfc_debugmsvc80:ckmd5.obj
 0001:000307a9       _pre_c_init                100317a9 f   MSVCRT:crtdll.obj
 0001:00030a01       ___DllMainCRTStartup       10031a01 f   MSVCRT:crtdll.obj
