 HeatExchanger_controller_sanity_sfun

 Timestamp is 5795254a (Sun Jul 24 16:30:02 2016)

 Preferred load address is 10000000

 Start         Length     Name                   Class
 0001:00000000 0002b644H .text                   CODE
 0002:00000000 00000244H .idata$5                DATA
 0002:00000244 00000004H .CRT$XCA                DATA
 0002:00000248 00000004H .CRT$XCZ                DATA
 0002:0000024c 00000004H .CRT$XIA                DATA
 0002:00000250 00000004H .CRT$XIAA               DATA
 0002:00000254 00000004H .CRT$XIC                DATA
 0002:00000258 00000004H .CRT$XIZ                DATA
 0002:00000260 00004598H .rdata                  DATA
 0002:00004800 00000004H .rdata$sxdata           DATA
 0002:00004804 00000004H .rtc$IAA                DATA
 0002:00004808 00000004H .rtc$IZZ                DATA
 0002:0000480c 00000004H .rtc$TAA                DATA
 0002:00004810 00000004H .rtc$TZZ                DATA
 0002:00004818 00000064H .xdata$x                DATA
 0002:0000487c 0000008cH .idata$2                DATA
 0002:00004908 00000014H .idata$3                DATA
 0002:0000491c 00000244H .idata$4                DATA
 0002:00004b60 00000ab0H .idata$6                DATA
 0002:00005610 0000006aH .edata                  DATA
 0003:00000000 00001680H .data                   DATA
 0003:00001680 000020c8H .bss                    DATA

  Address         Publics by Value              Rva+Base       Lib:Object

 0000:00000000       __except_list              00000000     <absolute>
 0000:00000001       ___safe_se_handler_count   00000001     <absolute>
 0000:00009876       __ldused                   00009876     <absolute>
 0000:00009876       __fltused                  00009876     <absolute>
 0000:00000000       ___ImageBase               10000000     <linker-defined>
 0001:00000000       _sf_c2_HeatExchanger_controller_sanity_get_eml_resolved_functions_info 10001000 f   c2_HeatExchanger_controller_sanity.obj
 0001:00000300       _sf_c2_HeatExchanger_controller_sanity_get_check_sum 10001300 f   c2_HeatExchanger_controller_sanity.obj
 0001:00000360       _sf_c2_HeatExchanger_controller_sanity_get_autoinheritance_info 10001360 f   c2_HeatExchanger_controller_sanity.obj
 0001:00000870       _sf_c2_HeatExchanger_controller_sanity_third_party_uses_info 10001870 f   c2_HeatExchanger_controller_sanity.obj
 0001:00000890       _sf_internal_get_sim_state_c2_HeatExchanger_controller_sanity 10001890 f   c2_HeatExchanger_controller_sanity.obj
 0001:00000b90       _sf_internal_set_sim_state_c2_HeatExchanger_controller_sanity 10001b90 f   c2_HeatExchanger_controller_sanity.obj
 0001:00000ee0       _c2_HeatExchanger_controller_sanity_method_dispatcher 10001ee0 f   c2_HeatExchanger_controller_sanity.obj
 0001:000024c0       _sf_process_check_sum_call 100034c0 f   HeatExchanger_controller_sanity_sfun_registry.obj
 0001:000024f0       _sf_process_autoinheritance_call 100034f0 f   HeatExchanger_controller_sanity_sfun_registry.obj
 0001:00002630       _sf_process_get_third_party_uses_info_call 10003630 f   HeatExchanger_controller_sanity_sfun_registry.obj
 0001:00002770       _sf_process_get_eml_resolved_functions_info_call 10003770 f   HeatExchanger_controller_sanity_sfun_registry.obj
 0001:00002890       _sf_mex_unlock_call        10003890 f   HeatExchanger_controller_sanity_sfun_registry.obj
 0001:00002920       _sf_machine_global_initializer_called 10003920 f   HeatExchanger_controller_sanity_sfun_registry.obj
 0001:00002940       _sf_machine_global_method_dispatcher 10003940 f   HeatExchanger_controller_sanity_sfun_registry.obj
 0001:00002980       _sf_machine_global_terminator 10003980 f   HeatExchanger_controller_sanity_sfun_registry.obj
 0001:000029c0       _sf_register_machine_exported_symbols 100039c0 f   HeatExchanger_controller_sanity_sfun_registry.obj
 0001:000029e0       _callCustomFcn             100039e0 f   HeatExchanger_controller_sanity_sfun_registry.obj
 0001:000029f0       _sf_machine_global_initializer 100039f0 f   HeatExchanger_controller_sanity_sfun_registry.obj
 0001:00002a60       __ssSetStateAbsTol         10003a60 f   HeatExchanger_controller_sanity_sfun_registry.obj
 0001:00002b00       __ssGetAbsTol              10003b00 f   HeatExchanger_controller_sanity_sfun_registry.obj
 0001:00002b50       __ssSetInputPortMatrixDimensions 10003b50 f   HeatExchanger_controller_sanity_sfun_registry.obj
 0001:00002c00       __ssSetOutputPortMatrixDimensions 10003c00 f   HeatExchanger_controller_sanity_sfun_registry.obj
 0001:00002cb0       __ssSetInputPortVectorDimension 10003cb0 f   HeatExchanger_controller_sanity_sfun_registry.obj
 0001:00002d30       __ssSetOutputPortVectorDimension 10003d30 f   HeatExchanger_controller_sanity_sfun_registry.obj
 0001:00002db0       _ssIsRunTimeParamTunable   10003db0 f   HeatExchanger_controller_sanity_sfun_registry.obj
 0001:00002e10       _ssGetSFuncBlockHandle     10003e10 f   HeatExchanger_controller_sanity_sfun_registry.obj
 0001:00002e60       __ssGetCurrentInputPortWidth 10003e60 f   HeatExchanger_controller_sanity_sfun_registry.obj
 0001:00002f30       __ssGetCurrentOutputPortWidth 10003f30 f   HeatExchanger_controller_sanity_sfun_registry.obj
 0001:00003000       __ssGetCallSystemNumFcnCallDestinations 10004000 f   HeatExchanger_controller_sanity_sfun_registry.obj
 0001:00003060       _ssWarning                 10004060 f   HeatExchanger_controller_sanity_sfun_registry.obj
 0001:00003140       _ssGetIsZeroCrossControlDisabled 10004140 f   HeatExchanger_controller_sanity_sfun_registry.obj
 0001:000031a0       _ssSetIsInputPortUsedForContZcSignal 100041a0 f   HeatExchanger_controller_sanity_sfun_registry.obj
 0001:000031f0       _ssSetZcSignalIsZcElementDisc 100041f0 f   HeatExchanger_controller_sanity_sfun_registry.obj
 0001:00003270       _ssSetZcSignalName         10004270 f   HeatExchanger_controller_sanity_sfun_registry.obj
 0001:000032c0       _ssSetZcSignalWidth        100042c0 f   HeatExchanger_controller_sanity_sfun_registry.obj
 0001:00003310       _ssSetZcSignalZcEventType  10004310 f   HeatExchanger_controller_sanity_sfun_registry.obj
 0001:00003360       _ssSetZcSignalType         10004360 f   HeatExchanger_controller_sanity_sfun_registry.obj
 0001:000033b0       _ssSetZcSignalZcTol        100043b0 f   HeatExchanger_controller_sanity_sfun_registry.obj
 0001:00003400       _ssSetZcSignalNeedsEventNotification 10004400 f   HeatExchanger_controller_sanity_sfun_registry.obj
 0001:00003450       _ssCreateAndAddZcSignalInfo 10004450 f   HeatExchanger_controller_sanity_sfun_registry.obj
 0001:000034b0       _ssCloneAndAddZcSignalInfo 100044b0 f   HeatExchanger_controller_sanity_sfun_registry.obj
 0001:00003510       _ssGetNumZcSignals         10004510 f   HeatExchanger_controller_sanity_sfun_registry.obj
 0001:00003570       _ssGetZcSignalVector       10004570 f   HeatExchanger_controller_sanity_sfun_registry.obj
 0001:000035d0       _ssGetZcSignalZcEvents     100045d0 f   HeatExchanger_controller_sanity_sfun_registry.obj
 0001:00003630       _ssGetZcSignalName         10004630 f   HeatExchanger_controller_sanity_sfun_registry.obj
 0001:00003690       _ssGetZcSignalWidth        10004690 f   HeatExchanger_controller_sanity_sfun_registry.obj
 0001:000036f0       _ssGetZcSignalZcEventType  100046f0 f   HeatExchanger_controller_sanity_sfun_registry.obj
 0001:00003750       _ssGetZcSignalType         10004750 f   HeatExchanger_controller_sanity_sfun_registry.obj
 0001:000037b0       _ssGetZcSignalZcTol        100047b0 f   HeatExchanger_controller_sanity_sfun_registry.obj
 0001:00003810       _ssGetZcSignalNeedsEventNotification 10004810 f   HeatExchanger_controller_sanity_sfun_registry.obj
 0001:00003870       _ssGetZcSignalIsZcElementDisc 10004870 f   HeatExchanger_controller_sanity_sfun_registry.obj
 0001:000038f0       _ssGetIsInputPortElementContinuous 100048f0 f   HeatExchanger_controller_sanity_sfun_registry.obj
 0001:00003970       __ssGetInputPortSignalPtrsFcn 10004970 f   HeatExchanger_controller_sanity_sfun_registry.obj
 0001:00003b70       __ssGetInputPortSignalFcn  10004b70 f   HeatExchanger_controller_sanity_sfun_registry.obj
 0001:00003d00       __ssSetInputPortDirectFeedThroughFcn 10004d00 f   HeatExchanger_controller_sanity_sfun_registry.obj
 0001:00003e30       __ssSetInputPortReusableFcn 10004e30 f   HeatExchanger_controller_sanity_sfun_registry.obj
 0001:00003ec0       __ssSetOutputPortReusableFcn 10004ec0 f   HeatExchanger_controller_sanity_sfun_registry.obj
 0001:00003f50       _ssGetDTypeIdFromMxArray   10004f50 f   HeatExchanger_controller_sanity_sfun_registry.obj
 0001:00004040       _ssWriteRTWStr             10005040 f   HeatExchanger_controller_sanity_sfun_registry.obj
 0001:00004080       _ssWriteRTWMxVectParam     10005080 f   HeatExchanger_controller_sanity_sfun_registry.obj
 0001:000040c0       _ssWriteRTWMx2dMatParam    100050c0 f   HeatExchanger_controller_sanity_sfun_registry.obj
 0001:00004100       _ssWriteRTWNameValuePair   10005100 f   HeatExchanger_controller_sanity_sfun_registry.obj
 0001:00004470       _ssWriteRTWParameters      10005470 f   HeatExchanger_controller_sanity_sfun_registry.obj
 0001:00004810       _ssWriteRTWParamSettings   10005810 f   HeatExchanger_controller_sanity_sfun_registry.obj
 0001:00004cc0       _ssWriteRTWWorkVect        10005cc0 f   HeatExchanger_controller_sanity_sfun_registry.obj
 0001:00005050       _mexFunction               10006050 f   HeatExchanger_controller_sanity_sfun_registry.obj
 0001:000067d0       _ProcessMexSfunctionEveryCall 100077d0 f   HeatExchanger_controller_sanity_sfun_registry.obj
 0001:000068e0       _HeatExchanger_controller_sanity_initializer 100078e0 f   HeatExchanger_controller_sanity_sfun.obj
 0001:000068f0       _HeatExchanger_controller_sanity_terminator 100078f0 f   HeatExchanger_controller_sanity_sfun.obj
 0001:00006900       _sf_HeatExchanger_controller_sanity_method_dispatcher 10007900 f   HeatExchanger_controller_sanity_sfun.obj
 0001:00006930       _sf_HeatExchanger_controller_sanity_process_check_sum_call 10007930 f   HeatExchanger_controller_sanity_sfun.obj
 0001:00006ce0       _sf_HeatExchanger_controller_sanity_autoinheritance_info 10007ce0 f   HeatExchanger_controller_sanity_sfun.obj
 0001:00006e00       _sf_HeatExchanger_controller_sanity_get_eml_resolved_functions_info 10007e00 f   HeatExchanger_controller_sanity_sfun.obj
 0001:00006ef0       _sf_HeatExchanger_controller_sanity_third_party_uses_info 10007ef0 f   HeatExchanger_controller_sanity_sfun.obj
 0001:00007020       _HeatExchanger_controller_sanity_debug_initialize 10008020 f   HeatExchanger_controller_sanity_sfun.obj
 0001:00007080       _HeatExchanger_controller_sanity_register_exported_symbols 10008080 f   HeatExchanger_controller_sanity_sfun.obj
 0001:00007090       _load_HeatExchanger_controller_sanity_optimization_info 10008090 f   HeatExchanger_controller_sanity_sfun.obj
 0001:000070d0       _unload_HeatExchanger_controller_sanity_optimization_info 100080d0 f   HeatExchanger_controller_sanity_sfun.obj
 0001:000071a0       _sf_mex_mx_is_numeric      100081a0 f   sfc_mexmsvc80:sfc_mex.obj
 0001:000071e0       _strcmp_ignore_ws          100081e0 f   sfc_mexmsvc80:sfc_mex.obj
 0001:00007300       _sf_mex_duplicatearraysafe 10008300 f   sfc_mexmsvc80:sfc_mex.obj
 0001:000074e0       _sf_set_error_debugger_context_message_fcn 100084e0 f   sfc_mexmsvc80:sfc_mex.obj
 0001:00007500       _sf_set_debugger_matlab_error_fcn 10008500 f   sfc_mexmsvc80:sfc_mex.obj
 0001:00007530       _sf_set_error_prefix_string 10008530 f   sfc_mexmsvc80:sfc_mex.obj
 0001:00007560       _sf_get_error_prefix_string 10008560 f   sfc_mexmsvc80:sfc_mex.obj
 0001:00007570       _sf_mex_enter_parallel_region 10008570 f   sfc_mexmsvc80:sfc_mex.obj
 0001:00007580       _sf_mex_exit_parallel_region 10008580 f   sfc_mexmsvc80:sfc_mex.obj
 0001:00007590       _sf_get_current_jmp_buf_ptr 10008590 f   sfc_mexmsvc80:sfc_mex.obj
 0001:000075a0       _sf_set_current_jmp_buf_ptr 100085a0 f   sfc_mexmsvc80:sfc_mex.obj
 0001:000075b0       _sf_mex_set_halt_simulation 100085b0 f   sfc_mexmsvc80:sfc_mex.obj
 0001:000075c0       _sf_mex_get_halt_simulation 100085c0 f   sfc_mexmsvc80:sfc_mex.obj
 0001:000075d0       _sf_mex_clear_error_message 100085d0 f   sfc_mexmsvc80:sfc_mex.obj
 0001:000075f0       _sf_mex_get_error_message_for_read 100085f0 f   sfc_mexmsvc80:sfc_mex.obj
 0001:00007600       _sf_mex_get_error_message_buffer_length 10008600 f   sfc_mexmsvc80:sfc_mex.obj
 0001:000076d0       _sf_mex_warning_message    100086d0 f   sfc_mexmsvc80:sfc_mex.obj
 0001:00007720       _sf_mex_v_errbuf_createf   10008720 f   sfc_mexmsvc80:sfc_mex.obj
 0001:00007740       _sf_mex_errbuf_createf     10008740 f   sfc_mexmsvc80:sfc_mex.obj
 0001:00007760       _sf_mex_v_errbuf_catf      10008760 f   sfc_mexmsvc80:sfc_mex.obj
 0001:000077a0       _sf_mex_errbuf_catf        100087a0 f   sfc_mexmsvc80:sfc_mex.obj
 0001:000077e0       _sf_mex_errbuf_copy        100087e0 f   sfc_mexmsvc80:sfc_mex.obj
 0001:00007800       _sf_mex_errbuf_clear       10008800 f   sfc_mexmsvc80:sfc_mex.obj
 0001:00007810       _sf_mex_errbuf_isempty     10008810 f   sfc_mexmsvc80:sfc_mex.obj
 0001:000078a0       _sf_mex_set_error_status   100088a0 f   sfc_mexmsvc80:sfc_mex.obj
 0001:000078d0       _sf_mex_error_direct_call  100088d0 f   sfc_mexmsvc80:sfc_mex.obj
 0001:000078f0       _sf_mex_error_message_no_long_jump 100088f0 f   sfc_mexmsvc80:sfc_mex.obj
 0001:00007920       _sf_mex_long_jump_on_error 10008920 f   sfc_mexmsvc80:sfc_mex.obj
 0001:00007950       _sf_mex_call_matlab        10008950 f   sfc_mexmsvc80:sfc_mex.obj
 0001:00007a20       _sf_mex_check_builtin      10008a20 f   sfc_mexmsvc80:sfc_mex.obj
 0001:00007a80       _sf_mex_check_builtin_vs   10008a80 f   sfc_mexmsvc80:sfc_mex.obj
 0001:00007ae0       _sf_mex_check_enum         10008ae0 f   sfc_mexmsvc80:sfc_mex.obj
 0001:00007b30       _sf_mex_create_enum        10008b30 f   sfc_mexmsvc80:sfc_mex.obj
 0001:00007b80       _sf_mex_get_enum_element   10008b80 f   sfc_mexmsvc80:sfc_mex.obj
 0001:00007b90       _sf_mex_createcellarray    10008b90 f   sfc_mexmsvc80:sfc_mex.obj
 0001:00007bb0       _sf_mex_setcell            10008bb0 f   sfc_mexmsvc80:sfc_mex.obj
 0001:00007bc0       _sf_mex_getcell            10008bc0 f   sfc_mexmsvc80:sfc_mex.obj
 0001:00007bd0       _sf_mex_dup                10008bd0 f   sfc_mexmsvc80:sfc_mex.obj
 0001:00007c00       _sf_mex_assign             10008c00 f   sfc_mexmsvc80:sfc_mex.obj
 0001:00007c50       _sf_mex_destroy            10008c50 f   sfc_mexmsvc80:sfc_mex.obj
 0001:00007c70       _mx_array_has_fi_type      10008c70 f   sfc_mexmsvc80:sfc_mex.obj
 0001:00007ca0       _sf_mex_convert_from_fi    10008ca0 f   sfc_mexmsvc80:sfc_mex.obj
 0001:00007d80       _sf_mex_convert_to_double  10008d80 f   sfc_mexmsvc80:sfc_mex.obj
 0001:00007dc0       _sf_mex_import_fi_vs       10008dc0 f   sfc_mexmsvc80:sfc_mex.obj
 0001:00007f20       _sf_matrix_matrix_index_ok 10008f20 f   sfc_mexmsvc80:sfc_mex.obj
 0001:00007f90       _sf_vector_vector_index_ok 10008f90 f   sfc_mexmsvc80:sfc_mex.obj
 0001:00007fc0       _ssGetCurrentInputPortDimensions_wrapper 10008fc0 f   sfc_mexmsvc80:sfc_mex.obj
 0001:00007fe0       _ssGetCurrentOutputPortDimensions_wrapper 10008fe0 f   sfc_mexmsvc80:sfc_mex.obj
 0001:00008000       _sf_mex_emlrt_context_is_debug_mode 10009000 f   sfc_mexmsvc80:sfc_mex.obj
 0001:00008010       _sf_mex_emlrt_context_set_debug_mode 10009010 f   sfc_mexmsvc80:sfc_mex.obj
 0001:00008020       _sf_mex_emlrtNameCapturePostProcessR2012a 10009020 f   sfc_mexmsvc80:sfc_mex.obj
 0001:00008080       _sf_clear_error_manager_info 10009080 f   sfc_mexmsvc80:sfc_mex.obj
 0001:000080d0       _sf_mex_stop_simulation_abruptly_wo_error 100090d0 f   sfc_mexmsvc80:sfc_mex.obj
 0001:00008100       _sf_mex_error_message      10009100 f   sfc_mexmsvc80:sfc_mex.obj
 0001:00008150       _sf_react_to_error_in_matlab_call 10009150 f   sfc_mexmsvc80:sfc_mex.obj
 0001:00008180       _sf_mex_addfield           10009180 f   sfc_mexmsvc80:sfc_mex.obj
 0001:00008200       _sf_mex_getfield           10009200 f   sfc_mexmsvc80:sfc_mex.obj
 0001:00008480       _sf_mex_check_class        10009480 f   sfc_mexmsvc80:sfc_mex.obj
 0001:00008500       _sf_mex_is_real            10009500 f   sfc_mexmsvc80:sfc_mex.obj
 0001:00008710       _sf_mex_decode_encoded_mx_struct_array 10009710 f   sfc_mexmsvc80:sfc_mex.obj
 0001:000088b0       _sf_mex_lw_bounds_check    100098b0 f   sfc_mexmsvc80:sfc_mex.obj
 0001:000088e0       _sf_mex_lw_size_eq_check_1d 100098e0 f   sfc_mexmsvc80:sfc_mex.obj
 0001:00008900       _sf_mex_lw_size_eq_check_nd 10009900 f   sfc_mexmsvc80:sfc_mex.obj
 0001:000089e0       _sf_mex_lw_dim_size_eq_check 100099e0 f   sfc_mexmsvc80:sfc_mex.obj
 0001:00008a10       _sf_mex_lw_dim_size_geq_check 10009a10 f   sfc_mexmsvc80:sfc_mex.obj
 0001:00008a40       _sf_mex_lw_sub_assign_size_check_nd 10009a40 f   sfc_mexmsvc80:sfc_mex.obj
 0001:00008b70       _sf_mex_lw_runtime_error_msgid 10009b70 f   sfc_mexmsvc80:sfc_mex.obj
 0001:00008c20       _sf_mex_lw_matrix_matrix_index_check 10009c20 f   sfc_mexmsvc80:sfc_mex.obj
 0001:00008c50       _sf_mex_lw_vector_vector_index_check 10009c50 f   sfc_mexmsvc80:sfc_mex.obj
 0001:00008c90       _sf_mex_lw_for_loop_vector_check 10009c90 f   sfc_mexmsvc80:sfc_mex.obj
 0001:00008cf0       _sf_mex_lw_non_negative_check 10009cf0 f   sfc_mexmsvc80:sfc_mex.obj
 0001:00008d20       _sf_mex_overflow_error     10009d20 f   sfc_mexmsvc80:sfc_mex.obj
 0001:00008d30       _sf_mex_dividebyzero_error 10009d30 f   sfc_mexmsvc80:sfc_mex.obj
 0001:00008d40       _sf_mex_unsafe_enum_error  10009d40 f   sfc_mexmsvc80:sfc_mex.obj
 0001:00008d50       _sf_emlrtErrHandler        10009d50 f   sfc_mexmsvc80:sfc_mex.obj
 0001:00008e10       _sf_mex_size_one_check     10009e10 f   sfc_mexmsvc80:sfc_mex.obj
 0001:00008e30       _sf_mex_printf             10009e30 f   sfc_mexmsvc80:sfc_mex.obj
 0001:00008f10       _sf_mex_check_size         10009f10 f   sfc_mexmsvc80:sfc_mex.obj
 0001:00009190       _sf_mex_check_struct       1000a190 f   sfc_mexmsvc80:sfc_mex.obj
 0001:000093e0       _sf_mex_check_struct_vs    1000a3e0 f   sfc_mexmsvc80:sfc_mex.obj
 0001:00009420       _sf_mex_check_fi           1000a420 f   sfc_mexmsvc80:sfc_mex.obj
 0001:000094f0       _sf_mex_check_fi_vs        1000a4f0 f   sfc_mexmsvc80:sfc_mex.obj
 0001:00009540       _sf_echo_expression        1000a540 f   sfc_mexmsvc80:sfc_mex.obj
 0001:00009590       _sf_assertion_failed       1000a590 f   sfc_mexmsvc80:sfc_mex.obj
 0001:00009820       _sf_mex_evalin             1000a820 f   sfc_mexmsvc80:sfc_mex.obj
 0001:00009a80       _sf_mex_export             1000aa80 f   sfc_mexmsvc80:sfc_mex.obj
 0001:00009b30       _sf_mex_get_ml_var_no_error 1000ab30 f   sfc_mexmsvc80:sfc_mex.obj
 0001:00009c90       _sf_mex_get_ml_var         1000ac90 f   sfc_mexmsvc80:sfc_mex.obj
 0001:0000a160       _ml_set_element_value_in_array 1000b160 f   sfc_mexmsvc80:sfc_mex.obj
 0001:0000b290       _sf_mex_call_impl          1000c290 f   sfc_mexmsvc80:sfc_mex.obj
 0001:0000b630       _sf_mex_call_debug         1000c630 f   sfc_mexmsvc80:sfc_mex.obj
 0001:0000b650       _sf_mex_call               1000c650 f   sfc_mexmsvc80:sfc_mex.obj
 0001:0000bd60       _sf_mex_createstruct       1000cd60 f   sfc_mexmsvc80:sfc_mex.obj
 0001:0000be00       _sf_mex_createstructarray  1000ce00 f   sfc_mexmsvc80:sfc_mex.obj
 0001:0000be60       _sf_mex_get_mx_datatype_from_sf_datatype 1000ce60 f   sfc_mexmsvc80:sfc_mex.obj
 0001:0000c0f0       _sf_mex_ml_var_sub         1000d0f0 f   sfc_mexmsvc80:sfc_mex.obj
 0001:0000c260       _sf_mex_ml_var_subsasgn    1000d260 f   sfc_mexmsvc80:sfc_mex.obj
 0001:0000c570       _sf_mex_sub                1000d570 f   sfc_mexmsvc80:sfc_mex.obj
 0001:0000c710       _sf_mex_subsasgn           1000d710 f   sfc_mexmsvc80:sfc_mex.obj
 0001:0000cb00       _sf_mex_create             1000db00 f   sfc_mexmsvc80:sfc_mex.obj
 0001:0000d3f0       _sf_mex_import_named       1000e3f0 f   sfc_mexmsvc80:sfc_mex.obj
 0001:0000d440       _sf_mex_import             1000e440 f   sfc_mexmsvc80:sfc_mex.obj
 0001:0000d480       _sf_mex_import_vs          1000e480 f   sfc_mexmsvc80:sfc_mex.obj
 0001:0000d510       _sf_mex_lower_fixpt_mx_array 1000e510 f   sfc_mexmsvc80:sfc_mex.obj
 0001:0000d6e0       _sf_send_message_wrapper   1000e6e0 f   sfc_mexmsvc80:sfc_sf.obj
 0001:0000d710       _sf_receive_message_wrapper 1000e710 f   sfc_mexmsvc80:sfc_sf.obj
 0001:0000d750       _sf_check_out_message_wrapper 1000e750 f   sfc_mexmsvc80:sfc_sf.obj
 0001:0000d790       _sf_check_in_message_wrapper 1000e790 f   sfc_mexmsvc80:sfc_sf.obj
 0001:0000d7d0       _sf_no_message_wrapper     1000e7d0 f   sfc_mexmsvc80:sfc_sf.obj
 0001:0000da40       _sim_mode_is_rtw_gen       1000ea40 f   sfc_mexmsvc80:sfc_sf.obj
 0001:0000da80       _sim_mode_is_external      1000ea80 f   sfc_mexmsvc80:sfc_sf.obj
 0001:0000daa0       _sim_mode_is_modelref_sim  1000eaa0 f   sfc_mexmsvc80:sfc_sf.obj
 0001:0000dad0       _mdlInitializeSizes        1000ead0 f   sfc_mexmsvc80:sfc_sf.obj
 0001:0000daf0       _mdlInitializeSampleTimes  1000eaf0 f   sfc_mexmsvc80:sfc_sf.obj
 0001:0000db30       _mdlZeroCrossings          1000eb30 f   sfc_mexmsvc80:sfc_sf.obj
 0001:0000dbe0       _mdlDerivatives            1000ebe0 f   sfc_mexmsvc80:sfc_sf.obj
 0001:0000dc80       _mdl_initialize_conditions_processing 1000ec80 f   sfc_mexmsvc80:sfc_sf.obj
 0001:0000dcb0       _mdlInitializeConditions   1000ecb0 f   sfc_mexmsvc80:sfc_sf.obj
 0001:0000dd50       _mdlGetSimState            1000ed50 f   sfc_mexmsvc80:sfc_sf.obj
 0001:0000dd70       _mdlSetSimState            1000ed70 f   sfc_mexmsvc80:sfc_sf.obj
 0001:0000dd90       _mdl_ext_mode_exec_processing 1000ed90 f   sfc_mexmsvc80:sfc_sf.obj
 0001:0000ddb0       _mdlExtModeExec            1000edb0 f   sfc_mexmsvc80:sfc_sf.obj
 0001:0000df40       _mdlTerminate              1000ef40 f   sfc_mexmsvc80:sfc_sf.obj
 0001:0000dfa0       _mdlRTW                    1000efa0 f   sfc_mexmsvc80:sfc_sf.obj
 0001:0000dfd0       _mdlSetWorkWidths          1000efd0 f   sfc_mexmsvc80:sfc_sf.obj
 0001:0000dff0       _mdlProcessParameters      1000eff0 f   sfc_mexmsvc80:sfc_sf.obj
 0001:0000e010       _mdl_start_processing      1000f010 f   sfc_mexmsvc80:sfc_sf.obj
 0001:0000e060       _mdlStart                  1000f060 f   sfc_mexmsvc80:sfc_sf.obj
 0001:0000e110       _mdlEnable                 1000f110 f   sfc_mexmsvc80:sfc_sf.obj
 0001:0000e1c0       _mdlDisable                1000f1c0 f   sfc_mexmsvc80:sfc_sf.obj
 0001:0000e250       _sf_get_chart_instance_ptr 1000f250 f   sfc_mexmsvc80:sfc_sf.obj
 0001:0000e270       _sf_load_rtw_optimization_info 1000f270 f   sfc_mexmsvc80:sfc_sf.obj
 0001:0000e310       _sf_update_buildInfo       1000f310 f   sfc_mexmsvc80:sfc_sf.obj
 0001:0000e3d0       _sf_rtw_info_uint_prop     1000f3d0 f   sfc_mexmsvc80:sfc_sf.obj
 0001:0000e4f0       _sf_is_chart_inlinable     1000f4f0 f   sfc_mexmsvc80:sfc_sf.obj
 0001:0000e520       _sf_mark_output_events_with_multiple_callers 1000f520 f   sfc_mexmsvc80:sfc_sf.obj
 0001:0000e680       _sf_mark_chart_reusable_outputs 1000f680 f   sfc_mexmsvc80:sfc_sf.obj
 0001:0000e7e0       _sf_mark_chart_expressionable_inputs 1000f7e0 f   sfc_mexmsvc80:sfc_sf.obj
 0001:0000e940       _sf_get_subchart_simstruct 1000f940 f   sfc_mexmsvc80:sfc_sf.obj
 0001:0000e980       _sf_get_fixpt_data_type_id 1000f980 f   sfc_mexmsvc80:sfc_sf.obj
 0001:0000e9c0       _sf_get_enum_data_type_id  1000f9c0 f   sfc_mexmsvc80:sfc_sf.obj
 0001:0000ea00       _sf_get_param_data_type_id 1000fa00 f   sfc_mexmsvc80:sfc_sf.obj
 0001:0000ea30       _sf_mex_listen_for_ctrl_c_force 1000fa30 f   sfc_mexmsvc80:sfc_sf.obj
 0001:0000eb30       _sf_mex_draw_now           1000fb30 f   sfc_mexmsvc80:sfc_sf.obj
 0001:0000eb70       _sf_mex_set_debugger_sim_status_listener_fcn 1000fb70 f   sfc_mexmsvc80:sfc_sf.obj
 0001:0000eb80       _sf_mex_listen_for_ctrl_c  1000fb80 f   sfc_mexmsvc80:sfc_sf.obj
 0001:0000ec10       _sf_mex_get_sfun_param     1000fc10 f   sfc_mexmsvc80:sfc_sf.obj
 0001:0000ec60       _sf_get_runtime_param_data 1000fc60 f   sfc_mexmsvc80:sfc_sf.obj
 0001:0000eca0       _sf_call_output_fcn_call   1000fca0 f   sfc_mexmsvc80:sfc_sf.obj
 0001:0000edc0       _sf_call_output_fcn_enable 1000fdc0 f   sfc_mexmsvc80:sfc_sf.obj
 0001:0000ee40       _sf_call_output_fcn_disable 1000fe40 f   sfc_mexmsvc80:sfc_sf.obj
 0001:0000eec0       _sf_clear_rtw_identifier   1000fec0 f   sfc_mexmsvc80:sfc_sf.obj
 0001:0000f7b0       _sf_set_encoded_dwork_info 100107b0 f   sfc_mexmsvc80:sfc_sf.obj
 0001:0000f7f0       _sf_get_dwork_info_from_mat_file 100107f0 f   sfc_mexmsvc80:sfc_sf.obj
 0001:0000f940       _sf_set_rtw_dwork_info     10010940 f   sfc_mexmsvc80:sfc_sf.obj
 0001:0000fa70       _mdlOutputs                10010a70 f   sfc_mexmsvc80:sfc_sf.obj
 0001:0000fb10       _sf_debug_chart_instance_initialized_quick 10010b10 f   sfc_debugmsvc80:sfcdebug.obj
 0001:0000fb90       _sf_debug_disp             10010b90 f   sfc_debugmsvc80:sfcdebug.obj
 0001:0000fd90       _sf_debug_data_runtime_size_mismatch_error_check 10010d90 f   sfc_debugmsvc80:sfcdebug.obj
 0001:0000fde0       _sf_debug_try_loading_machine 10010de0 f   sfc_debugmsvc80:sfcdebug.obj
 0001:0000fec0       _sf_debug_reset_current_state_configuration 10010ec0 f   sfc_debugmsvc80:sfcdebug.obj
 0001:0000ff00       _sf_debug_store_current_state_configuration 10010f00 f   sfc_debugmsvc80:sfcdebug.obj
 0001:0000ff40       _sf_debug_restore_previous_state_configuration 10010f40 f   sfc_debugmsvc80:sfcdebug.obj
 0001:0000ff80       _sf_debug_restore_previous_state_configuration2 10010f80 f   sfc_debugmsvc80:sfcdebug.obj
 0001:0000ffc0       _sf_debug_get_event_scope  10010fc0 f   sfc_debugmsvc80:sfcdebug.obj
 0001:000100e0       _use_debugger_step_animation 100110e0 f   sfc_debugmsvc80:sfcdebug.obj
 0001:00010110       _sf_debug_get_script_id    10011110 f   sfc_debugmsvc80:sfcdebug.obj
 0001:000101a0       _sf_debug_set_script_translation 100111a0 f   sfc_debugmsvc80:sfcdebug.obj
 0001:000102d0       _sf_debug_extract_message_post_receive_info 100112d0 f   sfc_debugmsvc80:sfcdebug.obj
 0001:00010390       _sf_debug_get_current_machine_id 10011390 f   sfc_debugmsvc80:sfcdebug.obj
 0001:000103b0       _sf_debug_get_current_optional_integer 100113b0 f   sfc_debugmsvc80:sfcdebug.obj
 0001:000103c0       _sf_debug_get_current_machine_number 100113c0 f   sfc_debugmsvc80:sfcdebug.obj
 0001:000103e0       _sf_debug_get_current_machine_name 100113e0 f   sfc_debugmsvc80:sfcdebug.obj
 0001:00010400       _sf_debug_get_current_chart_id 10011400 f   sfc_debugmsvc80:sfcdebug.obj
 0001:00010440       _sf_debug_get_current_chart_number 10011440 f   sfc_debugmsvc80:sfcdebug.obj
 0001:00010450       _sf_debug_get_current_instance_number 10011450 f   sfc_debugmsvc80:sfcdebug.obj
 0001:00010460       _sf_debug_get_current_is_minor_time_step 10011460 f   sfc_debugmsvc80:sfcdebug.obj
 0001:000104e0       _sf_debug_get_current_object_type 100114e0 f   sfc_debugmsvc80:sfcdebug.obj
 0001:000104f0       _sf_debug_get_current_instance_handle 100114f0 f   sfc_debugmsvc80:sfcdebug.obj
 0001:00010550       _sf_debug_get_current_event_type 10011550 f   sfc_debugmsvc80:sfcdebug.obj
 0001:00010560       _sf_debug_get_current_object_id 10011560 f   sfc_debugmsvc80:sfcdebug.obj
 0001:00010590       _sf_debug_get_current_active_event_type 10011590 f   sfc_debugmsvc80:sfcdebug.obj
 0001:000105a0       _sf_debug_get_current_active_event_id 100115a0 f   sfc_debugmsvc80:sfcdebug.obj
 0001:000105d0       _sf_debug_get_current_tag_type 100115d0 f   sfc_debugmsvc80:sfcdebug.obj
 0001:000105e0       _sf_debug_get_current_simulation_time 100115e0 f   sfc_debugmsvc80:sfcdebug.obj
 0001:000105f0       _sf_debug_get_current_coverage_percentage 100115f0 f   sfc_debugmsvc80:sfcdebug.obj
 0001:00010600       _sf_debug_current_statement_context 10011600 f   sfc_debugmsvc80:sfcdebug.obj
 0001:00010690       _sf_debug_get_current_statement_info 10011690 f   sfc_debugmsvc80:sfcdebug.obj
 0001:000107e0       _sf_debug_terminate_instance 100117e0 f   sfc_debugmsvc80:sfcdebug.obj
 0001:00010a90       _sf_debug_assertion_failed 10011a90 f   sfc_debugmsvc80:sfcdebug.obj
 0001:00010c60       _sf_debug_create_debug_instance_struct 10011c60 f   sfc_debugmsvc80:sfcdebug.obj
 0001:00010ca0       _sf_debug_set_number_of_data_with_change_event_for_machine 10011ca0 f   sfc_debugmsvc80:sfcdebug.obj
 0001:00010cf0       _sf_debug_set_machine_event_thresholds 10011cf0 f   sfc_debugmsvc80:sfcdebug.obj
 0001:00010d20       _sf_debug_set_machine_event_scope 10011d20 f   sfc_debugmsvc80:sfcdebug.obj
 0001:00010d70       _sf_debug_set_machine_data_thresholds 10011d70 f   sfc_debugmsvc80:sfcdebug.obj
 0001:00010dc0       _sf_debug_set_machine_data_scope 10011dc0 f   sfc_debugmsvc80:sfcdebug.obj
 0001:00010e50       _sf_debug_set_machine_data_name 10011e50 f   sfc_debugmsvc80:sfcdebug.obj
 0001:00010ea0       _sf_debug_set_machine_data_size 10011ea0 f   sfc_debugmsvc80:sfcdebug.obj
 0001:00010fa0       _sf_debug_set_machine_data_type 10011fa0 f   sfc_debugmsvc80:sfcdebug.obj
 0001:000110d0       _sf_debug_get_chart_data_number 100120d0 f   sfc_debugmsvc80:sfcdebug.obj
 0001:00011100       _sf_debug_get_chart_event_number 10012100 f   sfc_debugmsvc80:sfcdebug.obj
 0001:00011130       _sf_debug_set_chart_state_info 10012130 f   sfc_debugmsvc80:sfcdebug.obj
 0001:000111b0       _sf_debug_set_chart_decomposition 100121b0 f   sfc_debugmsvc80:sfcdebug.obj
 0001:00011220       _sf_debug_set_chart_substate_count 10012220 f   sfc_debugmsvc80:sfcdebug.obj
 0001:000112f0       _sf_debug_set_chart_substate_index 100122f0 f   sfc_debugmsvc80:sfcdebug.obj
 0001:00011370       _sf_debug_set_chart_state_substate_count 10012370 f   sfc_debugmsvc80:sfcdebug.obj
 0001:00011460       _sf_debug_set_chart_state_substate_index 10012460 f   sfc_debugmsvc80:sfcdebug.obj
 0001:000114e0       _sf_debug_set_number_of_data_with_change_event_for_chart 100124e0 f   sfc_debugmsvc80:sfcdebug.obj
 0001:00011560       _sf_debug_set_number_of_states_with_entry_event_for_chart 10012560 f   sfc_debugmsvc80:sfcdebug.obj
 0001:000115e0       _sf_debug_set_number_of_states_with_exit_event_for_chart 100125e0 f   sfc_debugmsvc80:sfcdebug.obj
 0001:00011660       _sf_debug_set_chart_disable_implicit_casting 10012660 f   sfc_debugmsvc80:sfcdebug.obj
 0001:000116d0       _sf_debug_set_chart_event_thresholds 100126d0 f   sfc_debugmsvc80:sfcdebug.obj
 0001:00011750       _sf_debug_set_chart_data_compiled_props 10012750 f   sfc_debugmsvc80:sfcdebug.obj
 0001:000119d0       _sf_debug_set_chart_data_props 100129d0 f   sfc_debugmsvc80:sfcdebug.obj
 0001:00011c50       _sf_debug_check_fi_license 10012c50 f   sfc_debugmsvc80:sfcdebug.obj
 0001:00011de0       _sf_debug_symbol_scope_push 10012de0 f   sfc_debugmsvc80:sfcdebug.obj
 0001:00011e10       _sf_debug_symbol_scope_push_eml 10012e10 f   sfc_debugmsvc80:sfcdebug.obj
 0001:00011e50       _sf_debug_symbol_scope_pop 10012e50 f   sfc_debugmsvc80:sfcdebug.obj
 0001:00011e90       _sf_debug_symbol_scope_add_importable 10012e90 f   sfc_debugmsvc80:sfcdebug.obj
 0001:00011ef0       _sf_debug_symbol_scope_add 10012ef0 f   sfc_debugmsvc80:sfcdebug.obj
 0001:00011f40       _sf_debug_symbol_scope_add_dyn_importable 10012f40 f   sfc_debugmsvc80:sfcdebug.obj
 0001:00011fb0       _sf_debug_symbol_scope_add_dyn 10012fb0 f   sfc_debugmsvc80:sfcdebug.obj
 0001:00011fe0       _sf_debug_symbol_scope_add_eml_importable 10012fe0 f   sfc_debugmsvc80:sfcdebug.obj
 0001:00012010       _sf_debug_symbol_scope_add_eml 10013010 f   sfc_debugmsvc80:sfcdebug.obj
 0001:00012040       _sf_debug_symbol_scope_add_eml_dyn_importable 10013040 f   sfc_debugmsvc80:sfcdebug.obj
 0001:00012090       _sf_debug_symbol_scope_add_eml_dyn 10013090 f   sfc_debugmsvc80:sfcdebug.obj
 0001:000120e0       _sf_debug_symbol_switch    100130e0 f   sfc_debugmsvc80:sfcdebug.obj
 0001:00012100       _sf_debug_symbol_scope_add_verbose 10013100 f   sfc_debugmsvc80:sfcdebug.obj
 0001:00012170       _sf_debug_set_machine_data_value_ptr 10013170 f   sfc_debugmsvc80:sfcdebug.obj
 0001:000121b0       _sf_debug_set_instance_data_value_ptr 100131b0 f   sfc_debugmsvc80:sfcdebug.obj
 0001:00012210       _sf_debug_unset_instance_data_value_ptr 10013210 f   sfc_debugmsvc80:sfcdebug.obj
 0001:00012260       _sf_debug_set_chart_event_scope 10013260 f   sfc_debugmsvc80:sfcdebug.obj
 0001:000122e0       _sf_debug_set_chart_transition_coverage_maps 100132e0 f   sfc_debugmsvc80:sfcdebug.obj
 0001:00012370       _sf_debug_set_chart_state_coverage_maps 10013370 f   sfc_debugmsvc80:sfcdebug.obj
 0001:000123f0       _sf_debug_set_instance_transition_coverage_weights 100133f0 f   sfc_debugmsvc80:sfcdebug.obj
 0001:00012460       _sf_debug_set_instance_state_coverage_weights 10013460 f   sfc_debugmsvc80:sfcdebug.obj
 0001:00012660       _sf_debug_unload_machine   10013660 f   sfc_debugmsvc80:sfcdebug.obj
 0001:000126b0       _sf_debug_load_machine     100136b0 f   sfc_debugmsvc80:sfcdebug.obj
 0001:00012750       _sf_debug_set_active_instance_in_data_dictionary 10013750 f   sfc_debugmsvc80:sfcdebug.obj
 0001:000128d0       _sf_debug_set_active_instance 100138d0 f   sfc_debugmsvc80:sfcdebug.obj
 0001:000129d0       _sf_debug_chart_visiblity_change 100139d0 f   sfc_debugmsvc80:sfcdebug.obj
 0001:00012a70       _sf_debug_select_chart     10013a70 f   sfc_debugmsvc80:sfcdebug.obj
 0001:00012b60       _sf_debug_set_instance_cv_ids 10013b60 f   sfc_debugmsvc80:sfcdebug.obj
 0001:00012d20       _sf_debug_select_charts    10013d20 f   sfc_debugmsvc80:sfcdebug.obj
 0001:00012e70       _sf_debug_initialized      10013e70 f   sfc_debugmsvc80:sfcdebug.obj
 0001:00012e90       _sf_debug_is_uninterruptible 10013e90 f   sfc_debugmsvc80:sfcdebug.obj
 0001:00012ed0       _sf_debug_initialize_debugger_gui 10013ed0 f   sfc_debugmsvc80:sfcdebug.obj
 0001:00013260       _sf_debug_resume           10014260 f   sfc_debugmsvc80:sfcdebug.obj
 0001:00013290       _sf_debug_go               10014290 f   sfc_debugmsvc80:sfcdebug.obj
 0001:000132b0       _sf_debug_break            100142b0 f   sfc_debugmsvc80:sfcdebug.obj
 0001:000132d0       _sf_debug_step_over        100142d0 f   sfc_debugmsvc80:sfcdebug.obj
 0001:000132f0       _sf_debug_step_out         100142f0 f   sfc_debugmsvc80:sfcdebug.obj
 0001:00013310       _sf_debug_set_disable_all_breakpoints 10014310 f   sfc_debugmsvc80:sfcdebug.obj
 0001:00013330       _sf_debug_disable_all_breakpoints_and_go 10014330 f   sfc_debugmsvc80:sfcdebug.obj
 0001:00013350       _sf_debug_break_on_chart_entry 10014350 f   sfc_debugmsvc80:sfcdebug.obj
 0001:00013370       _sf_debug_break_on_event_broadcast 10014370 f   sfc_debugmsvc80:sfcdebug.obj
 0001:00013390       _sf_debug_break_on_state_entry 10014390 f   sfc_debugmsvc80:sfcdebug.obj
 0001:000133b0       _sf_debug_break_between_times 100143b0 f   sfc_debugmsvc80:sfcdebug.obj
 0001:000133e0       _sf_debug_browse_data      100143e0 f   sfc_debugmsvc80:sfcdebug.obj
 0001:000133f0       _sf_debug_watch_data       100143f0 f   sfc_debugmsvc80:sfcdebug.obj
 0001:00013420       _sf_debug_assign_data      10014420 f   sfc_debugmsvc80:sfcdebug.obj
 0001:00013430       _sf_debug_whos             10014430 f   sfc_debugmsvc80:sfcdebug.obj
 0001:00013450       _sf_debug_get_consistency_info 10014450 f   sfc_debugmsvc80:sfcdebug.obj
 0001:00013460       _sf_debug_browse_trace     10014460 f   sfc_debugmsvc80:sfcdebug.obj
 0001:00013470       _sf_debug_set_breakpoints  10014470 f   sfc_debugmsvc80:sfcdebug.obj
 0001:00013530       _sf_debug_set_eml_breakpoints 10014530 f   sfc_debugmsvc80:sfcdebug.obj
 0001:00013640       _sf_debug_set_script_breakpoints 10014640 f   sfc_debugmsvc80:sfcdebug.obj
 0001:000136c0       _sf_debug_add_script_breakpoints 100146c0 f   sfc_debugmsvc80:sfcdebug.obj
 0001:00013730       _sf_debug_clear_script_breakpoints 10014730 f   sfc_debugmsvc80:sfcdebug.obj
 0001:000137a0       _sf_debug_query_script_breakpoints 100147a0 f   sfc_debugmsvc80:sfcdebug.obj
 0001:00013830       _sf_debug_get_eml_script_id 10014830 f   sfc_debugmsvc80:sfcdebug.obj
 0001:00013880       _sf_debug_set_watch        10014880 f   sfc_debugmsvc80:sfcdebug.obj
 0001:00013a10       _sf_debug_get_instance_handle 10014a10 f   sfc_debugmsvc80:sfcdebug.obj
 0001:00013a90       _sf_debug_get_active_states 10014a90 f   sfc_debugmsvc80:sfcdebug.obj
 0001:00013ab0       _sf_debug_set_honor_breakpoints 10014ab0 f   sfc_debugmsvc80:sfcdebug.obj
 0001:00013ad0       _sf_debug_get_animation    10014ad0 f   sfc_debugmsvc80:sfcdebug.obj
 0001:00013ae0       _sf_debug_set_animation    10014ae0 f   sfc_debugmsvc80:sfcdebug.obj
 0001:00013b00       _sf_debug_animate          10014b00 f   sfc_debugmsvc80:sfcdebug.obj
 0001:00013b30       _sf_debug_cycle_detection_check 10014b30 f   sfc_debugmsvc80:sfcdebug.obj
 0001:00013b50       _sf_debug_data_range_check 10014b50 f   sfc_debugmsvc80:sfcdebug.obj
 0001:00013b70       _sf_debug_transition_conflict_check 10014b70 f   sfc_debugmsvc80:sfcdebug.obj
 0001:00013b90       _sf_debug_state_consistency_check 10014b90 f   sfc_debugmsvc80:sfcdebug.obj
 0001:00013bb0       _sf_debug_data_range_check_enabled 10014bb0 f   sfc_debugmsvc80:sfcdebug.obj
 0001:00013bd0       _sf_debug_transition_conflict_check_enabled 10014bd0 f   sfc_debugmsvc80:sfcdebug.obj
 0001:00013bf0       _sf_debug_transition_conflict_check_begin 10014bf0 f   sfc_debugmsvc80:sfcdebug.obj
 0001:00013c10       _sf_debug_transition_conflict_check_end 10014c10 f   sfc_debugmsvc80:sfcdebug.obj
 0001:00013c30       _sf_debug_stop_debugging   10014c30 f   sfc_debugmsvc80:sfcdebug.obj
 0001:00013c60       _sf_debug_is_cycle_detected 10014c60 f   sfc_debugmsvc80:sfcdebug.obj
 0001:00013c70       _sf_debug_is_array_bounds_detected 10014c70 f   sfc_debugmsvc80:sfcdebug.obj
 0001:00013c80       _sf_debug_get_state_vectors_data_size 10014c80 f   sfc_debugmsvc80:sfcdebug.obj
 0001:00013cd0       _sf_debug_get_state_vectors_data 10014cd0 f   sfc_debugmsvc80:sfcdebug.obj
 0001:00013da0       _sf_debug_set_state_vectors_data 10014da0 f   sfc_debugmsvc80:sfcdebug.obj
 0001:00013fd0       _sf_debug_get_script_index 10014fd0 f   sfc_debugmsvc80:sfcdebug.obj
 0001:00014100       _sf_debug_add_script       10015100 f   sfc_debugmsvc80:sfcdebug.obj
 0001:00014250       _cv_eval_point             10015250 f   sfc_debugmsvc80:sfcdebug.obj
 0001:00014320       _cv_eval_testobjective     10015320 f   sfc_debugmsvc80:sfcdebug.obj
 0001:000143e0       _sf_debug_cv_init_state    100153e0 f   sfc_debugmsvc80:sfcdebug.obj
 0001:00014480       _sf_debug_cv_init_chart    10015480 f   sfc_debugmsvc80:sfcdebug.obj
 0001:00014500       _sf_debug_cv_init_trans    10015500 f   sfc_debugmsvc80:sfcdebug.obj
 0001:00014590       _sf_debug_cv_init_saturation 10015590 f   sfc_debugmsvc80:sfcdebug.obj
 0001:00014630       _sf_debug_cv_init_testobjectives 10015630 f   sfc_debugmsvc80:sfcdebug.obj
 0001:00014770       _cv_eml_init_script        10015770 f   sfc_debugmsvc80:sfcdebug.obj
 0001:00014800       _cv_eml_init_fcn           10015800 f   sfc_debugmsvc80:sfcdebug.obj
 0001:00014860       _cv_eml_init_testobjective 10015860 f   sfc_debugmsvc80:sfcdebug.obj
 0001:000148e0       _cv_eml_init_saturation    100158e0 f   sfc_debugmsvc80:sfcdebug.obj
 0001:00014960       _cv_eml_init_if            10015960 f   sfc_debugmsvc80:sfcdebug.obj
 0001:000149e0       _cv_eml_init_for           100159e0 f   sfc_debugmsvc80:sfcdebug.obj
 0001:00014a60       _cv_eml_init_while         10015a60 f   sfc_debugmsvc80:sfcdebug.obj
 0001:00014ae0       _cv_eml_init_mcdc          10015ae0 f   sfc_debugmsvc80:sfcdebug.obj
 0001:00014b70       _cv_eml_init_switch        10015b70 f   sfc_debugmsvc80:sfcdebug.obj
 0001:00014c00       _cv_eml_eval               10015c00 f   sfc_debugmsvc80:sfcdebug.obj
 0001:00014c90       _sf_debug_bm_is_a_eml_breakpoint 10015c90 f   sfc_debugmsvc80:sfcdebug.obj
 0001:00014dc0       _sf_debug_temporal_threshold 10015dc0 f   sfc_debugmsvc80:sfcdebug.obj
 0001:000150b0       _sf_debug_transition_conflict_error 100160b0 f   sfc_debugmsvc80:sfcdebug.obj
 0001:00015350       _sf_debug_state_inconsistency_error 10016350 f   sfc_debugmsvc80:sfcdebug.obj
 0001:00015450       _sf_debug_check_for_state_inconsistency 10016450 f   sfc_debugmsvc80:sfcdebug.obj
 0001:00015490       _sf_debug_cycle_detecton_error 10016490 f   sfc_debugmsvc80:sfcdebug.obj
 0001:00015ad0       _sf_debug_size_eq_check_1d 10016ad0 f   sfc_debugmsvc80:sfcdebug.obj
 0001:00015b00       _sf_debug_size_eq_check_nd 10016b00 f   sfc_debugmsvc80:sfcdebug.obj
 0001:00015be0       _sf_debug_dim_size_eq_check 10016be0 f   sfc_debugmsvc80:sfcdebug.obj
 0001:00015c10       _sf_debug_dim_size_geq_check 10016c10 f   sfc_debugmsvc80:sfcdebug.obj
 0001:00015c40       _sf_debug_sub_assign_size_check_nd 10016c40 f   sfc_debugmsvc80:sfcdebug.obj
 0001:00015d80       _sf_debug_matrix_matrix_index_check 10016d80 f   sfc_debugmsvc80:sfcdebug.obj
 0001:00015dc0       _sf_debug_vector_vector_index_check 10016dc0 f   sfc_debugmsvc80:sfcdebug.obj
 0001:00015e00       _sf_debug_for_loop_vector_check 10016e00 f   sfc_debugmsvc80:sfcdebug.obj
 0001:00015e60       _sf_debug_runtime_error_msgid 10016e60 f   sfc_debugmsvc80:sfcdebug.obj
 0001:00015ef0       _sf_debug_data_array_bounds_error_check 10016ef0 f   sfc_debugmsvc80:sfcdebug.obj
 0001:00015f60       _sf_debug_eml_data_array_bounds_error_check 10016f60 f   sfc_debugmsvc80:sfcdebug.obj
 0001:00016260       _sf_debug_integer_check    10017260 f   sfc_debugmsvc80:sfcdebug.obj
 0001:000162e0       _sf_debug_not_nan_check    100172e0 f   sfc_debugmsvc80:sfcdebug.obj
 0001:00016340       _sf_debug_non_negative_check 10017340 f   sfc_debugmsvc80:sfcdebug.obj
 0001:000163a0       _sf_debug_overflow_detection 100173a0 f   sfc_debugmsvc80:sfcdebug.obj
 0001:000168e0       _sf_debug_cast_to_real32_T 100178e0 f   sfc_debugmsvc80:sfcdebug.obj
 0001:00016950       _sf_debug_cast_to_int8_T   10017950 f   sfc_debugmsvc80:sfcdebug.obj
 0001:000169d0       _sf_debug_cast_to_uint8_T  100179d0 f   sfc_debugmsvc80:sfcdebug.obj
 0001:00016a60       _sf_debug_cast_to_int16_T  10017a60 f   sfc_debugmsvc80:sfcdebug.obj
 0001:00016ae0       _sf_debug_cast_to_uint16_T 10017ae0 f   sfc_debugmsvc80:sfcdebug.obj
 0001:00016b80       _sf_debug_cast_to_int32_T  10017b80 f   sfc_debugmsvc80:sfcdebug.obj
 0001:00016bf0       _sf_debug_cast_to_uint32_T 10017bf0 f   sfc_debugmsvc80:sfcdebug.obj
 0001:00016c90       _sf_debug_data_range_error 10017c90 f   sfc_debugmsvc80:sfcdebug.obj
 0001:00016f10       _sf_debug_read_before_write_check 10017f10 f   sfc_debugmsvc80:sfcdebug.obj
 0001:00017270       _sf_debug_data_range_error_wrapper_min_max 10018270 f   sfc_debugmsvc80:sfcdebug.obj
 0001:000172f0       _sf_debug_data_range_error_wrapper_min 100182f0 f   sfc_debugmsvc80:sfcdebug.obj
 0001:00017360       _sf_debug_data_range_error_wrapper_max 10018360 f   sfc_debugmsvc80:sfcdebug.obj
 0001:000173d0       _sf_debug_data_range_wrapper 100183d0 f   sfc_debugmsvc80:sfcdebug.obj
 0001:00017420       _sf_debug_set_current_status_info 10018420 f   sfc_debugmsvc80:sfcdebug.obj
 0001:00017780       _sf_debug_register_message_post_receive_info 10018780 f   sfc_debugmsvc80:sfcdebug.obj
 0001:00017940       _sf_debug_call             10018940 f   sfc_debugmsvc80:sfcdebug.obj
 0001:00018140       _sf_debug_initialize_machine 10019140 f   sfc_debugmsvc80:sfcdebug.obj
 0001:000183c0       _sf_debug_initialize_chart 100193c0 f   sfc_debugmsvc80:sfcdebug.obj
 0001:000186c0       _sf_debug_ensure_script    100196c0 f   sfc_debugmsvc80:sfcdebug.obj
 0001:00018760       _cv_eval_saturation        10019760 f   sfc_debugmsvc80:sfcdebug.obj
 0001:00018840       _cv_saturation_accum       10019840 f   sfc_debugmsvc80:sfcdebug.obj
 0001:00018900       _cv_script_init_script     10019900 f   sfc_debugmsvc80:sfcdebug.obj
 0001:00018970       _cv_script_init_fcn        10019970 f   sfc_debugmsvc80:sfcdebug.obj
 0001:000189d0       _cv_script_init_testobjective 100199d0 f   sfc_debugmsvc80:sfcdebug.obj
 0001:00018a30       _cv_script_init_saturation 10019a30 f   sfc_debugmsvc80:sfcdebug.obj
 0001:00018a90       _cv_script_init_if         10019a90 f   sfc_debugmsvc80:sfcdebug.obj
 0001:00018af0       _cv_script_init_for        10019af0 f   sfc_debugmsvc80:sfcdebug.obj
 0001:00018b50       _cv_script_init_while      10019b50 f   sfc_debugmsvc80:sfcdebug.obj
 0001:00018bb0       _cv_script_init_mcdc       10019bb0 f   sfc_debugmsvc80:sfcdebug.obj
 0001:00018c20       _cv_script_init_switch     10019c20 f   sfc_debugmsvc80:sfcdebug.obj
 0001:00018c90       _cv_script_eval            10019c90 f   sfc_debugmsvc80:sfcdebug.obj
 0001:00018d00       _eml_debug_line_call       10019d00 f   sfc_debugmsvc80:sfcdebug.obj
 0001:00018df0       _sf_debug_terminate        10019df0 f   sfc_debugmsvc80:sfcdebug.obj
 0001:00018f30       _sf_debug_set_script_cv_ids 10019f30 f   sfc_debugmsvc80:sfcdebug.obj
 0001:00019030       _sf_debug_api              1001a030 f   sfc_debugmsvc80:sfc_api.obj
 0001:0001aab0       _sf_debug_sm_terminate     1001bab0 f   sfc_debugmsvc80:sfdb_animation.obj
 0001:0001ac10       _sf_debug_reset_path_objects 1001bc10 f   sfc_debugmsvc80:sfdb_animation.obj
 0001:0001ac80       _sf_debug_sm_reset_object_selection_status 1001bc80 f   sfc_debugmsvc80:sfdb_animation.obj
 0001:0001ad20       _sf_debug_sm_reset_state_buffer 1001bd20 f   sfc_debugmsvc80:sfdb_animation.obj
 0001:0001ade0       _sf_debug_sm_store_state_buffer 1001bde0 f   sfc_debugmsvc80:sfdb_animation.obj
 0001:0001ae60       _sf_debug_sm_restore_state_buffer1 1001be60 f   sfc_debugmsvc80:sfdb_animation.obj
 0001:0001aec0       _sf_debug_sm_restore_state_buffer2 1001bec0 f   sfc_debugmsvc80:sfdb_animation.obj
 0001:0001af20       _sf_debug_sm_chart_active  1001bf20 f   sfc_debugmsvc80:sfdb_animation.obj
 0001:0001af70       _sf_debug_sm_select_active_objects 1001bf70 f   sfc_debugmsvc80:sfdb_animation.obj
 0001:0001b330       _sf_debug_sm_is_chart_active 1001c330 f   sfc_debugmsvc80:sfdb_animation.obj
 0001:0001b370       _sf_debug_sm_is_state_active 1001c370 f   sfc_debugmsvc80:sfdb_animation.obj
 0001:0001b520       _sf_debug_sm_get_active_states 1001c520 f   sfc_debugmsvc80:sfdb_animation.obj
 0001:0001b950       _sf_debug_sm_initialize_instance 1001c950 f   sfc_debugmsvc80:sfdb_animation.obj
 0001:0001bb60       _sf_debug_sm_change_object_selection_status 1001cb60 f   sfc_debugmsvc80:sfdb_animation.obj
 0001:0001bd50       _cv_create_interface       1001cd50 f   sfc_debugmsvc80:cv_sfinterface.obj
 0001:0001c040       _cv_init_trans             1001d040 f   sfc_debugmsvc80:cv_sfinterface.obj
 0001:0001c090       _cv_init_saturation        1001d090 f   sfc_debugmsvc80:cv_sfinterface.obj
 0001:0001c0e0       _cv_init_testobjective     1001d0e0 f   sfc_debugmsvc80:cv_sfinterface.obj
 0001:0001c130       _cv_init_state             1001d130 f   sfc_debugmsvc80:cv_sfinterface.obj
 0001:0001c190       _cv_init_chart             1001d190 f   sfc_debugmsvc80:cv_sfinterface.obj
 0001:0001c1e0       _cv_dec_update_call        1001d1e0 f   sfc_debugmsvc80:cv_sfinterface.obj
 0001:0001c220       _cv_cond_update_call       1001d220 f   sfc_debugmsvc80:cv_sfinterface.obj
 0001:0001c260       _cv_saturation_update_call 1001d260 f   sfc_debugmsvc80:cv_sfinterface.obj
 0001:0001c2a0       _cv_saturation_update_accum 1001d2a0 f   sfc_debugmsvc80:cv_sfinterface.obj
 0001:0001c2e0       _cv_testobjective_update_call 1001d2e0 f   sfc_debugmsvc80:cv_sfinterface.obj
 0001:0001c320       _cv_sigrange_update        1001d320 f   sfc_debugmsvc80:cv_sfinterface.obj
 0001:0001c370       _cvsf_eml_eval             1001d370 f   sfc_debugmsvc80:cv_sfinterface.obj
 0001:0001c450       _cvsf_eml_init_script      1001d450 f   sfc_debugmsvc80:cv_sfinterface.obj
 0001:0001c4c0       _cvsf_eml_init_fcn         1001d4c0 f   sfc_debugmsvc80:cv_sfinterface.obj
 0001:0001c520       _cvsf_eml_init_testobjective 1001d520 f   sfc_debugmsvc80:cv_sfinterface.obj
 0001:0001c580       _cvsf_eml_init_saturation  1001d580 f   sfc_debugmsvc80:cv_sfinterface.obj
 0001:0001c5e0       _cvsf_eml_init_if          1001d5e0 f   sfc_debugmsvc80:cv_sfinterface.obj
 0001:0001c640       _cvsf_eml_init_for         1001d640 f   sfc_debugmsvc80:cv_sfinterface.obj
 0001:0001c6a0       _cvsf_eml_init_while       1001d6a0 f   sfc_debugmsvc80:cv_sfinterface.obj
 0001:0001c700       _cvsf_eml_init_mcdc        1001d700 f   sfc_debugmsvc80:cv_sfinterface.obj
 0001:0001c770       _cvsf_eml_init_switch      1001d770 f   sfc_debugmsvc80:cv_sfinterface.obj
 0001:0001c7d0       _cvsf_script_eval          1001d7d0 f   sfc_debugmsvc80:cv_sfinterface.obj
 0001:0001c8b0       _cvsf_script_init_script   1001d8b0 f   sfc_debugmsvc80:cv_sfinterface.obj
 0001:0001c920       _cvsf_script_init_fcn      1001d920 f   sfc_debugmsvc80:cv_sfinterface.obj
 0001:0001c980       _cvsf_script_init_testobjective 1001d980 f   sfc_debugmsvc80:cv_sfinterface.obj
 0001:0001c9e0       _cvsf_script_init_saturation 1001d9e0 f   sfc_debugmsvc80:cv_sfinterface.obj
 0001:0001ca40       _cvsf_script_init_if       1001da40 f   sfc_debugmsvc80:cv_sfinterface.obj
 0001:0001caa0       _cvsf_script_init_for      1001daa0 f   sfc_debugmsvc80:cv_sfinterface.obj
 0001:0001caf0       _cvsf_script_init_while    1001daf0 f   sfc_debugmsvc80:cv_sfinterface.obj
 0001:0001cb40       _cvsf_script_init_mcdc     1001db40 f   sfc_debugmsvc80:cv_sfinterface.obj
 0001:0001cbb0       _cvsf_script_init_switch   1001dbb0 f   sfc_debugmsvc80:cv_sfinterface.obj
 0001:0001cc10       _cv_destroy_interface      1001dc10 f   sfc_debugmsvc80:cv_sfinterface.obj
 0001:0001cc30       _cv_create_instance_objects 1001dc30 f   sfc_debugmsvc80:cv_sfinterface.obj
 0001:0001cf60       _cv_is_enabled             1001df60 f   sfc_debugmsvc80:cv_sfinterface.obj
 0001:0001cf70       _sf_debug_cv_initialize_script 1001df70 f   sfc_debugmsvc80:cv_sfinterface.obj
 0001:0001d0f0       _sf_debug_cv_initialize_instance 1001e0f0 f   sfc_debugmsvc80:cv_sfinterface.obj
 0001:0001d3e0       _sf_debug_cv_terminate_chart 1001e3e0 f   sfc_debugmsvc80:cv_sfinterface.obj
 0001:0001d4e0       _cv_call_trans_test        1001e4e0 f   sfc_debugmsvc80:cv_sfinterface.obj
 0001:0001d4f0       _cv_call_sub_cond_test     1001e4f0 f   sfc_debugmsvc80:cv_sfinterface.obj
 0001:0001d530       _sf_debug_st_initialize_machine 1001e530 f   sfc_debugmsvc80:sfdb_data_browse.obj
 0001:0001d5e0       _sf_debug_st_initialize_instance 1001e5e0 f   sfc_debugmsvc80:sfdb_data_browse.obj
 0001:0001d790       _sf_debug_st_terminate     1001e790 f   sfc_debugmsvc80:sfdb_data_browse.obj
 0001:0001d8f0       _sf_debug_st_set_data_value_ptr_in_machine 1001e8f0 f   sfc_debugmsvc80:sfdb_data_browse.obj
 0001:0001d960       _sf_debug_st_set_data_value_ptr_in_instance 1001e960 f   sfc_debugmsvc80:sfdb_data_browse.obj
 0001:0001da10       _sf_debug_st_unset_data_value_ptr_in_machine 1001ea10 f   sfc_debugmsvc80:sfdb_data_browse.obj
 0001:0001da70       _sf_debug_st_unset_data_value_ptr_in_instance 1001ea70 f   sfc_debugmsvc80:sfdb_data_browse.obj
 0001:0001dd80       _sf_debug_mx_value         1001ed80 f   sfc_debugmsvc80:sfdb_data_browse.obj
 0001:0001ddd0       _sf_debug_mx_packed_vector 1001edd0 f   sfc_debugmsvc80:sfdb_data_browse.obj
 0001:0001de70       _sf_debug_mx_uint_vector   1001ee70 f   sfc_debugmsvc80:sfdb_data_browse.obj
 0001:0001def0       _sf_debug_st_get_double_value_from_void_ptr_vector 1001eef0 f   sfc_debugmsvc80:sfdb_data_browse.obj
 0001:0001e6f0       _sf_debug_st_browse_data   1001f6f0 f   sfc_debugmsvc80:sfdb_data_browse.obj
 0001:0001edd0       _sf_debug_hm_initialize_instance 1001fdd0 f   sfc_debugmsvc80:sfdb_handle_management.obj
 0001:0001f270       _sf_debug_hm_get_object_id 10020270 f   sfc_debugmsvc80:sfdb_handle_management.obj
 0001:0001fc90       _sf_debug_hm_update_chart_visibility 10020c90 f   sfc_debugmsvc80:sfdb_handle_management.obj
 0001:00020c90       _sf_debug_object_is_eml_function 10021c90 f   sfc_debugmsvc80:sfdb_handle_management.obj
 0001:00020cf0       _sf_debug_hm_initialize_ids_in_machine 10021cf0 f   sfc_debugmsvc80:sfdb_handle_management.obj
 0001:00020e40       _sf_debug_hm_initialize_ids_in_chart 10021e40 f   sfc_debugmsvc80:sfdb_handle_management.obj
 0001:00020f30       _sf_debug_hm_initialize_chart 10021f30 f   sfc_debugmsvc80:sfdb_handle_management.obj
 0001:000215f0       _sf_debug_hm_terminate     100225f0 f   sfc_debugmsvc80:sfdb_handle_management.obj
 0001:00021650       _sf_debug_hm_initialize_machine 10022650 f   sfc_debugmsvc80:sfdb_handle_management.obj
 0001:00021d20       _sf_debug_ss_initialize    10022d20 f   sfc_debugmsvc80:sfdb_symbol_scope.obj
 0001:00021d40       _sf_debug_ss_terminate     10022d40 f   sfc_debugmsvc80:sfdb_symbol_scope.obj
 0001:00021dc0       _sf_debug_ss_push_symbol_scope 10022dc0 f   sfc_debugmsvc80:sfdb_symbol_scope.obj
 0001:00021e80       _sf_debug_ss_push_symbol_scope_eml 10022e80 f   sfc_debugmsvc80:sfdb_symbol_scope.obj
 0001:00021ed0       _sf_debug_ss_pop_symbol_scope 10022ed0 f   sfc_debugmsvc80:sfdb_symbol_scope.obj
 0001:00021f70       _sf_debug_ss_add_symbol    10022f70 f   sfc_debugmsvc80:sfdb_symbol_scope.obj
 0001:00022060       _sf_debug_ss_add_symbol_eml 10023060 f   sfc_debugmsvc80:sfdb_symbol_scope.obj
 0001:00022970       _sf_debug_ss_set_data_value 10023970 f   sfc_debugmsvc80:sfdb_symbol_scope.obj
 0001:00022cc0       _getInstanceNumber         10023cc0 f   sfc_debugmsvc80:sfdb_symbol_scope.obj
 0001:00022d90       _sf_debug_ss_watch_data    10023d90 f   sfc_debugmsvc80:sfdb_symbol_scope.obj
 0001:00022e80       _sf_debug_ss_assign_data   10023e80 f   sfc_debugmsvc80:sfdb_symbol_scope.obj
 0001:00023720       _get_data_entry_name       10024720 f   sfc_debugmsvc80:sfdb_symbol_scope.obj
 0001:00023770       _sf_debug_ss_whos          10024770 f   sfc_debugmsvc80:sfdb_symbol_scope.obj
 0001:00023c20       _sf_debug_cc_initialize_chart 10024c20 f   sfc_debugmsvc80:sfdb_coverage.obj
 0001:00024580       _sf_debug_cc_initialize_instance 10025580 f   sfc_debugmsvc80:sfdb_coverage.obj
 0001:000251b0       _sf_debug_cc_terminate     100261b0 f   sfc_debugmsvc80:sfdb_coverage.obj
 0001:00025280       _sf_debug_cc_set_transition_maps 10026280 f   sfc_debugmsvc80:sfdb_coverage.obj
 0001:00025380       _sf_debug_cc_set_state_maps 10026380 f   sfc_debugmsvc80:sfdb_coverage.obj
 0001:00025450       _sf_debug_cc_set_transition_weights 10026450 f   sfc_debugmsvc80:sfdb_coverage.obj
 0001:00025680       _sf_debug_cc_set_state_weights 10026680 f   sfc_debugmsvc80:sfdb_coverage.obj
 0001:000258b0       _sf_debug_cc_mark_transition_guard 100268b0 f   sfc_debugmsvc80:sfdb_coverage.obj
 0001:00025930       _sf_debug_cc_mark_transition_trigger 10026930 f   sfc_debugmsvc80:sfdb_coverage.obj
 0001:000259b0       _sf_debug_cc_mark_transition_decision 100269b0 f   sfc_debugmsvc80:sfdb_coverage.obj
 0001:00025a10       _sf_debug_cc_mark_transition_condition_action 10026a10 f   sfc_debugmsvc80:sfdb_coverage.obj
 0001:00025a60       _sf_debug_cc_mark_transition_transition_action 10026a60 f   sfc_debugmsvc80:sfdb_coverage.obj
 0001:00025ab0       _sf_debug_cc_mark_state_entry 10026ab0 f   sfc_debugmsvc80:sfdb_coverage.obj
 0001:00025b00       _sf_debug_cc_mark_state_during 10026b00 f   sfc_debugmsvc80:sfdb_coverage.obj
 0001:00025b50       _sf_debug_cc_mark_state_exit 10026b50 f   sfc_debugmsvc80:sfdb_coverage.obj
 0001:00025ba0       _sf_debug_bm_clear_script_breakpoints 10026ba0 f   sfc_debugmsvc80:sfdb_breakpoints.obj
 0001:00025be0       _sf_debug_bm_set_script_breakpoint 10026be0 f   sfc_debugmsvc80:sfdb_breakpoints.obj
 0001:00025c50       _sf_debug_bm_clear_single_script_breakpoint 10026c50 f   sfc_debugmsvc80:sfdb_breakpoints.obj
 0001:00025cc0       _sf_debug_bm_query_script_breakpoint 10026cc0 f   sfc_debugmsvc80:sfdb_breakpoints.obj
 0001:00025d10       _sf_debug_bm_initialize_scripts 10026d10 f   sfc_debugmsvc80:sfdb_breakpoints.obj
 0001:000262b0       _sf_debug_bm_terminate     100272b0 f   sfc_debugmsvc80:sfdb_breakpoints.obj
 0001:00026560       _sf_debug_bm_remove_all_breakpoints_in_machine 10027560 f   sfc_debugmsvc80:sfdb_breakpoints.obj
 0001:000265b0       _sf_debug_bm_remove_all_breakpoints_in_chart 100275b0 f   sfc_debugmsvc80:sfdb_breakpoints.obj
 0001:000266e0       _sf_debug_bm_initialize_global_breakpoints 100276e0 f   sfc_debugmsvc80:sfdb_breakpoints.obj
 0001:00026890       _sf_debug_bm_set_breakpoint 10027890 f   sfc_debugmsvc80:sfdb_breakpoints.obj
 0001:00026df0       _sf_debug_bm_set_eml_breakpoint 10027df0 f   sfc_debugmsvc80:sfdb_breakpoints.obj
 0001:00026e70       _sf_debug_bm_initialize_machine_breakpoint_map 10027e70 f   sfc_debugmsvc80:sfdb_breakpoints.obj
 0001:00027210       _sf_debug_bm_is_a_breakpoint 10028210 f   sfc_debugmsvc80:sfdb_breakpoints.obj
 0001:000276f0       _sf_debug_bm_get_all_breakpoints_in_machine 100286f0 f   sfc_debugmsvc80:sfdb_breakpoints.obj
 0001:00027990       _sf_debug_bm_get_all_breakpoints_in_chart 10028990 f   sfc_debugmsvc80:sfdb_breakpoints.obj
 0001:000283c0       _sf_debug_bm_initialize_machine 100293c0 f   sfc_debugmsvc80:sfdb_breakpoints.obj
 0001:00028460       _sf_debug_bm_initialize_chart 10029460 f   sfc_debugmsvc80:sfdb_breakpoints.obj
 0001:000287e0       _sf_debug_sc_terminate     100297e0 f   sfc_debugmsvc80:sfdb_state_consistency.obj
 0001:00028a60       _sf_debug_sc_is_chart_consistent 10029a60 f   sfc_debugmsvc80:sfdb_state_consistency.obj
 0001:00028c40       _sf_debug_sc_get_consistency_error_info 10029c40 f   sfc_debugmsvc80:sfdb_state_consistency.obj
 0001:00028fb0       _sf_debug_tm_terminate     10029fb0 f   sfc_debugmsvc80:sfdb_call_stack.obj
 0001:00029050       _sf_debug_tm_push_chart_instance 1002a050 f   sfc_debugmsvc80:sfdb_call_stack.obj
 0001:00029170       _sf_debug_tm_pop_chart_instance 1002a170 f   sfc_debugmsvc80:sfdb_call_stack.obj
 0001:000291d0       _sf_debug_tm_push_trace_node 1002a1d0 f   sfc_debugmsvc80:sfdb_call_stack.obj
 0001:000292e0       _sf_debug_tm_pop_trace_node 1002a2e0 f   sfc_debugmsvc80:sfdb_call_stack.obj
 0001:00029360       _sf_debug_tm_get_current_global_trace_index 1002a360 f   sfc_debugmsvc80:sfdb_call_stack.obj
 0001:00029380       _sf_debug_tm_get_current_local_trace_index 1002a380 f   sfc_debugmsvc80:sfdb_call_stack.obj
 0001:000293b0       _sf_debug_tm_set_cycle_detected_flag 1002a3b0 f   sfc_debugmsvc80:sfdb_call_stack.obj
 0001:00029400       _sf_debug_tm_set_cycle_started_flag 1002a400 f   sfc_debugmsvc80:sfdb_call_stack.obj
 0001:00029450       _sf_debug_tm_get_chart_number_from_stack 1002a450 f   sfc_debugmsvc80:sfdb_call_stack.obj
 0001:000295f0       _sf_debug_tm_browse_trace  1002a5f0 f   sfc_debugmsvc80:sfdb_call_stack.obj
 0001:00029860       _sf_debug_cd_initialize_instance 1002a860 f   sfc_debugmsvc80:sfdb_cycle_detection.obj
 0001:00029a90       _sf_debug_cd_mark_processed_transition_in_instance 1002aa90 f   sfc_debugmsvc80:sfdb_cycle_detection.obj
 0001:00029b10       _sf_debug_cd_checksum_push 1002ab10 f   sfc_debugmsvc80:sfdb_cycle_detection.obj
 0001:00029e10       _sf_debug_cd_checksum_pop  1002ae10 f   sfc_debugmsvc80:sfdb_cycle_detection.obj
 0001:00029e70       _sf_debug_cd_turn_off_cycle_detection 1002ae70 f   sfc_debugmsvc80:sfdb_cycle_detection.obj
 0001:00029eb0       _sf_debug_cd_terminate     1002aeb0 f   sfc_debugmsvc80:sfdb_cycle_detection.obj
 0001:0002a080       _md5_initialize_state      1002b080 f   sfc_debugmsvc80:ckmd5.obj
 0001:0002a910       _md5_update_state          1002b910 f   sfc_debugmsvc80:ckmd5.obj
 0001:0002a930       _md5_get_hash              1002b930 f   sfc_debugmsvc80:ckmd5.obj
 0001:0002a950       _md5_get_hash_for_a_single_string 1002b950 f   sfc_debugmsvc80:ckmd5.obj
 0001:0002a9ba       _mxGetPr                   1002b9ba f   libmx:libmx.dll
 0001:0002a9c0       _mxCreateDoubleScalar      1002b9c0 f   libmx:libmx.dll
 0001:0002a9c6       _mxCreateDoubleMatrix_730  1002b9c6 f   libmx:libmx.dll
 0001:0002a9cc       _mxSetField_730            1002b9cc f   libmx:libmx.dll
 0001:0002a9d2       _mxCreateString            1002b9d2 f   libmx:libmx.dll
 0001:0002a9d8       _mxCreateStructMatrix_730  1002b9d8 f   libmx:libmx.dll
 0001:0002a9de       _mxCreateCellMatrix_730    1002b9de f   libmx:libmx.dll
 0001:0002a9e4       _mxDestroyArray            1002b9e4 f   libmx:libmx.dll
 0001:0002a9ea       _mxDuplicateArray          1002b9ea f   libmx:libmx.dll
 0001:0002a9f0       _mxGetString_730           1002b9f0 f   libmx:libmx.dll
 0001:0002a9f6       _mxIsChar                  1002b9f6 f   libmx:libmx.dll
 0001:0002a9fc       _mxGetClassID              1002b9fc f   libmx:libmx.dll
 0001:0002aa02       _mxIsNumeric               1002ba02 f   libmx:libmx.dll
 0001:0002aa08       _mxIsComplex               1002ba08 f   libmx:libmx.dll
 0001:0002aa0e       _mxGetN                    1002ba0e f   libmx:libmx.dll
 0001:0002aa14       _mxGetM                    1002ba14 f   libmx:libmx.dll
 0001:0002aa1a       _mxCalloc                  1002ba1a f   libmx:libmx.dll
 0001:0002aa20       _mxGetScalar               1002ba20 f   libmx:libmx.dll
 0001:0002aa26       _mxIsLogical               1002ba26 f   libmx:libmx.dll
 0001:0002aa2c       _mxCreateDoubleMatrix_700  1002ba2c f   libmx:libmx.dll
 0001:0002aa32       _mxFree                    1002ba32 f   libmx:libmx.dll
 0001:0002aa38       _mxArrayToString           1002ba38 f   libmx:libmx.dll
 0001:0002aa3e       _mxCreateCellMatrix_700    1002ba3e f   libmx:libmx.dll
 0001:0002aa44       _mxSetCell_700             1002ba44 f   libmx:libmx.dll
 0001:0002aa4a       _mxGetCell_700             1002ba4a f   libmx:libmx.dll
 0001:0002aa50       _mxGetClassName            1002ba50 f   libmx:libmx.dll
 0001:0002aa56       _mxSetField_700            1002ba56 f   libmx:libmx.dll
 0001:0002aa5c       _mxAddField                1002ba5c f   libmx:libmx.dll
 0001:0002aa62       _mxGetField_700            1002ba62 f   libmx:libmx.dll
 0001:0002aa68       _mxGetNumberOfElements     1002ba68 f   libmx:libmx.dll
 0001:0002aa6e       _mxIsStruct                1002ba6e f   libmx:libmx.dll
 0001:0002aa74       _mxIsA                     1002ba74 f   libmx:libmx.dll
 0001:0002aa7a       _mxIsClass                 1002ba7a f   libmx:libmx.dll
 0001:0002aa80       _mxGetLogicals             1002ba80 f   libmx:libmx.dll
 0001:0002aa86       _mxIsSparse                1002ba86 f   libmx:libmx.dll
 0001:0002aa8c       _mxSetFieldByNumber_700    1002ba8c f   libmx:libmx.dll
 0001:0002aa92       _mxGetFieldByNumber_700    1002ba92 f   libmx:libmx.dll
 0001:0002aa98       _mxGetFieldNameByNumber    1002ba98 f   libmx:libmx.dll
 0001:0002aa9e       _mxGetNumberOfFields       1002ba9e f   libmx:libmx.dll
 0001:0002aaa4       _mxCreateStructMatrix_700  1002baa4 f   libmx:libmx.dll
 0001:0002aaaa       _mxGetFieldNumber          1002baaa f   libmx:libmx.dll
 0001:0002aab0       _mxIsNaN                   1002bab0 f   libmx:libmx.dll
 0001:0002aab6       _mxIsEmpty                 1002bab6 f   libmx:libmx.dll
 0001:0002aabc       _mxGetData                 1002babc f   libmx:libmx.dll
 0001:0002aac2       _mxGetImagData             1002bac2 f   libmx:libmx.dll
 0001:0002aac8       _mxArrayClassIDName        1002bac8 f   libmx:libmx.dll
 0001:0002aace       _mxCreateNumericMatrix_700 1002bace f   libmx:libmx.dll
 0001:0002aad4       _mxCreateStructArray_700   1002bad4 f   libmx:libmx.dll
 0001:0002aada       _mxCalcSingleSubscript_700 1002bada f   libmx:libmx.dll
 0001:0002aae0       _mxGetDimensions_700       1002bae0 f   libmx:libmx.dll
 0001:0002aae6       _mxGetNumberOfDimensions_700 1002bae6 f   libmx:libmx.dll
 0001:0002aaec       _mxCreateNumericArray_700  1002baec f   libmx:libmx.dll
 0001:0002aaf2       _mxGetElementSize          1002baf2 f   libmx:libmx.dll
 0001:0002aaf8       _mxCreateStringFromNChars_700 1002baf8 f   libmx:libmx.dll
 0001:0002aafe       _mxGetString_700           1002bafe f   libmx:libmx.dll
 0001:0002ab04       _mxIsLogicalScalarTrue     1002bb04 f   libmx:libmx.dll
 0001:0002ab0a       _mxCreateLogicalScalar     1002bb0a f   libmx:libmx.dll
 0001:0002ab10       _mexUnlock                 1002bb10 f   libmex:libmex.dll
 0001:0002ab16       _mexIsLocked               1002bb16 f   libmex:libmex.dll
 0001:0002ab1c       _mexWarnMsgTxt             1002bb1c f   libmex:libmex.dll
 0001:0002ab22       _mexCallMATLAB             1002bb22 f   libmex:libmex.dll
 0001:0002ab28       _mexErrMsgTxt              1002bb28 f   libmex:libmex.dll
 0001:0002ab2e       _mexMakeArrayPersistent    1002bb2e f   libmex:libmex.dll
 0001:0002ab34       _mexSetTrapFlag            1002bb34 f   libmex:libmex.dll
 0001:0002ab3a       _mexPutVariable            1002bb3a f   libmex:libmex.dll
 0001:0002ab40       _mexGetVariable            1002bb40 f   libmex:libmex.dll
 0001:0002ab46       _mexLock                   1002bb46 f   libmex:libmex.dll
 0001:0002ab4c       _mexMakeMemoryPersistent   1002bb4c f   libmex:libmex.dll
 0001:0002ab52       _mexFunctionName           1002bb52 f   libmex:libmex.dll
 0001:0002ab58       _ssRegisterDataTypeFxpFSlopeFixExpBias 1002bb58 f   libfixedpoint:libfixedpoint.dll
 0001:0002ab5e       _ssRegisterDataTypeFxpScaledDouble 1002bb5e f   libfixedpoint:libfixedpoint.dll
 0001:0002ab64       _utMalloc                  1002bb64 f   libut:libut.dll
 0001:0002ab6a       _utFree                    1002bb6a f   libut:libut.dll
 0001:0002ab70       _utVSNprintf               1002bb70 f   libut:libut.dll
 0001:0002ab76       _utCPUtime                 1002bb76 f   libut:libut.dll
 0001:0002ab7c       _utCalloc                  1002bb7c f   libut:libut.dll
 0001:0002ab82       _utRealloc                 1002bb82 f   libut:libut.dll
 0001:0002ab88       _emlrtCreateRootTLS        1002bb88 f   libemlrt:libemlrt.dll
 0001:0002ab8e       _emlrtDestroyRootTLS       1002bb8e f   libemlrt:libemlrt.dll
 0001:0002ab94       _emlrtCheckBuiltInR2012b   1002bb94 f   libemlrt:libemlrt.dll
 0001:0002ab9a       _emlrtCheckVsBuiltInR2012b 1002bb9a f   libemlrt:libemlrt.dll
 0001:0002aba0       _emlrtCheckEnumR2012b      1002bba0 f   libemlrt:libemlrt.dll
 0001:0002aba6       _emlrtCreateEnumR2012b     1002bba6 f   libemlrt:libemlrt.dll
 0001:0002abac       _emlrtGetEnumElementR2009a 1002bbac f   libemlrt:libemlrt.dll
 0001:0002abb2       _emlrtCreateReference      1002bbb2 f   libemlrt:libemlrt.dll
 0001:0002abb8       _emlrtImportVsFiArrayR2009b 1002bbb8 f   libemlrt:libemlrt.dll
 0001:0002abbe       _emlrtNameCapturePostProcessR2012a 1002bbbe f   libemlrt:libemlrt.dll
 0001:0002abc4       _emlrtExtractMessageId     1002bbc4 f   libemlrt:libemlrt.dll
 0001:0002abca       _emlrtTranslateMessageIDtoLCPstring 1002bbca f   libemlrt:libemlrt.dll
 0001:0002abd0       _emlrtForLoopVectorIsValidR2011b 1002bbd0 f   libemlrt:libemlrt.dll
 0001:0002abd6       _emlrtTranslateUTF16MessagetoLCPstring 1002bbd6 f   libemlrt:libemlrt.dll
 0001:0002abdc       _emlrtGetEnumUnderlyingArrayR2009a 1002bbdc f   libemlrt:libemlrt.dll
 0001:0002abe2       _emlrtIsEnumR2009a         1002bbe2 f   libemlrt:libemlrt.dll
 0001:0002abe8       _strlen                    1002bbe8 f   MSVCRT:MSVCR100.dll
 0001:0002abf0       _memset                    1002bbf0 f   MSVCRT:MSVCR100.dll
 0001:0002abf6       @__security_check_cookie@4 1002bbf6 f   MSVCRT:secchk.obj
 0001:0002ac06       _strcmp                    1002bc06 f   MSVCRT:MSVCR100.dll
 0001:0002ac0c       _free                      1002bc0c f   MSVCRT:MSVCR100.dll
 0001:0002ac12       _sprintf                   1002bc12 f   MSVCRT:MSVCR100.dll
 0001:0002ac18       _malloc                    1002bc18 f   MSVCRT:MSVCR100.dll
 0001:0002ac1e       _strcat                    1002bc1e f   MSVCRT:MSVCR100.dll
 0001:0002ac30       __ftol2_sse                1002bc30 f   MSVCRT:ftol2.obj
 0001:0002ac39       __ftol2_pentium4           1002bc39 f   MSVCRT:ftol2.obj
 0001:0002ac4c       __ftol2_sse_excpt          1002bc4c f   MSVCRT:ftol2.obj
 0001:0002ac66       __ftol2                    1002bc66 f   MSVCRT:ftol2.obj
 0001:0002acdc       _memcpy                    1002bcdc f   MSVCRT:MSVCR100.dll
 0001:0002ace2       _NtCurrentTeb              1002bce2 f i MSVCRT:crtdll.obj
 0001:0002ad37       __CRT_INIT@12              1002bd37 f   MSVCRT:crtdll.obj
 0001:0002b057       __DllMainCRTStartup@12     1002c057 f   MSVCRT:crtdll.obj
 0001:0002b07a       _strncpy                   1002c07a f   MSVCRT:MSVCR100.dll
 0001:0002b080       __chkstk                   1002c080 f   MSVCRT:chkstk.obj
 0001:0002b080       __alloca_probe             1002c080     MSVCRT:chkstk.obj
 0001:0002b0ac       _longjmp                   1002c0ac f   MSVCRT:MSVCR100.dll
 0001:0002b0b2       _strncmp                   1002c0b2 f   MSVCRT:MSVCR100.dll
 0001:0002b0b8       _ceil                      1002c0b8 f   MSVCRT:MSVCR100.dll
 0001:0002b0be       _strrchr                   1002c0be f   MSVCRT:MSVCR100.dll
 0001:0002b0c4       __setjmp3                  1002c0c4 f   MSVCRT:MSVCR100.dll
 0001:0002b0ca       _ldexp                     1002c0ca f   MSVCRT:MSVCR100.dll
 0001:0002b0d0       ___report_gsfailure        1002c0d0 f   MSVCRT:gs_report.obj
 0001:0002b1d6       ___sse2_available_init     1002c1d6 f   MSVCRT:cpu_disp.obj
 0001:0002b1e6       ___clean_type_info_names   1002c1e6 f   MSVCRT:tncleanup.obj
 0001:0002b1f2       __onexit                   1002c1f2 f   MSVCRT:atonexit.obj
 0001:0002b293       _atexit                    1002c293 f   MSVCRT:atonexit.obj
 0001:0002b2aa       __RTC_Initialize           1002c2aa f   MSVCRT:_initsect_.obj
 0001:0002b2d0       __RTC_Terminate            1002c2d0 f   MSVCRT:_initsect_.obj
 0001:0002b2f6       __malloc_crt               1002c2f6 f   MSVCRT:MSVCR100.dll
 0001:0002b2fc       __encoded_null             1002c2fc f   MSVCRT:MSVCR100.dll
 0001:0002b310       __ValidateImageBase        1002c310 f   MSVCRT:pesect.obj
 0001:0002b350       __FindPESection            1002c350 f   MSVCRT:pesect.obj
 0001:0002b3a0       __IsNonwritableInCurrentImage 1002c3a0 f   MSVCRT:pesect.obj
 0001:0002b45c       __initterm                 1002c45c f   MSVCRT:MSVCR100.dll
 0001:0002b462       __initterm_e               1002c462 f   MSVCRT:MSVCR100.dll
 0001:0002b468       __amsg_exit                1002c468 f   MSVCRT:MSVCR100.dll
 0001:0002b46e       ___CppXcptFilter           1002c46e f   MSVCRT:MSVCR100.dll
 0001:0002b474       _DllMain@12                1002c474 f   MSVCRT:dllmain.obj
 0001:0002b4a0       __SEH_prolog4              1002c4a0 f   MSVCRT:sehprolg4.obj
 0001:0002b4e5       __SEH_epilog4              1002c4e5 f   MSVCRT:sehprolg4.obj
 0001:0002b4f9       __except_handler4          1002c4f9 f   MSVCRT:chandler4gs.obj
 0001:0002b51e       ___security_init_cookie    1002c51e f   MSVCRT:gs_support.obj
 0001:0002b5ba       __crt_debugger_hook        1002c5ba f   MSVCRT:MSVCR100.dll
 0001:0002b5c0       ___clean_type_info_names_internal 1002c5c0 f   MSVCRT:MSVCR100.dll
 0001:0002b5c6       __unlock                   1002c5c6 f   MSVCRT:MSVCR100.dll
 0001:0002b5cc       ___dllonexit               1002c5cc f   MSVCRT:MSVCR100.dll
 0001:0002b5d2       __lock                     1002c5d2 f   MSVCRT:MSVCR100.dll
 0001:0002b5d8       __except_handler4_common   1002c5d8 f   MSVCRT:MSVCR100.dll
 0001:0002b5de       _EncodePointer@4           1002c5de f   kernel32:KERNEL32.dll
 0001:0002b5e4       _DecodePointer@4           1002c5e4 f   kernel32:KERNEL32.dll
 0001:0002b5ea       _InterlockedExchange@8     1002c5ea f   kernel32:KERNEL32.dll
 0001:0002b5f0       _Sleep@4                   1002c5f0 f   kernel32:KERNEL32.dll
 0001:0002b5f6       _InterlockedCompareExchange@12 1002c5f6 f   kernel32:KERNEL32.dll
 0001:0002b5fc       _TerminateProcess@8        1002c5fc f   kernel32:KERNEL32.dll
 0001:0002b602       _GetCurrentProcess@0       1002c602 f   kernel32:KERNEL32.dll
 0001:0002b608       _UnhandledExceptionFilter@4 1002c608 f   kernel32:KERNEL32.dll
 0001:0002b60e       _SetUnhandledExceptionFilter@4 1002c60e f   kernel32:KERNEL32.dll
 0001:0002b614       _IsDebuggerPresent@0       1002c614 f   kernel32:KERNEL32.dll
 0001:0002b61a       _IsProcessorFeaturePresent@4 1002c61a f   kernel32:KERNEL32.dll
 0001:0002b620       _DisableThreadLibraryCalls@4 1002c620 f   kernel32:KERNEL32.dll
 0001:0002b626       _QueryPerformanceCounter@4 1002c626 f   kernel32:KERNEL32.dll
 0001:0002b62c       _GetTickCount@0            1002c62c f   kernel32:KERNEL32.dll
 0001:0002b632       _GetCurrentThreadId@0      1002c632 f   kernel32:KERNEL32.dll
 0001:0002b638       _GetCurrentProcessId@0     1002c638 f   kernel32:KERNEL32.dll
 0001:0002b63e       _GetSystemTimeAsFileTime@4 1002c63e f   kernel32:KERNEL32.dll
 0002:00000000       __imp__GetSystemTimeAsFileTime@4 1002d000     kernel32:KERNEL32.dll
 0002:00000004       __imp__GetCurrentProcessId@0 1002d004     kernel32:KERNEL32.dll
 0002:00000008       __imp__GetCurrentThreadId@0 1002d008     kernel32:KERNEL32.dll
 0002:0000000c       __imp__GetTickCount@0      1002d00c     kernel32:KERNEL32.dll
 0002:00000010       __imp__QueryPerformanceCounter@4 1002d010     kernel32:KERNEL32.dll
 0002:00000014       __imp__DisableThreadLibraryCalls@4 1002d014     kernel32:KERNEL32.dll
 0002:00000018       __imp__IsProcessorFeaturePresent@4 1002d018     kernel32:KERNEL32.dll
 0002:0000001c       __imp__IsDebuggerPresent@0 1002d01c     kernel32:KERNEL32.dll
 0002:00000020       __imp__SetUnhandledExceptionFilter@4 1002d020     kernel32:KERNEL32.dll
 0002:00000024       __imp__UnhandledExceptionFilter@4 1002d024     kernel32:KERNEL32.dll
 0002:00000028       __imp__GetCurrentProcess@0 1002d028     kernel32:KERNEL32.dll
 0002:0000002c       __imp__TerminateProcess@8  1002d02c     kernel32:KERNEL32.dll
 0002:00000030       __imp__InterlockedCompareExchange@12 1002d030     kernel32:KERNEL32.dll
 0002:00000034       __imp__Sleep@4             1002d034     kernel32:KERNEL32.dll
 0002:00000038       __imp__InterlockedExchange@8 1002d038     kernel32:KERNEL32.dll
 0002:0000003c       __imp__DecodePointer@4     1002d03c     kernel32:KERNEL32.dll
 0002:00000040       __imp__EncodePointer@4     1002d040     kernel32:KERNEL32.dll
 0002:00000044       \177KERNEL32_NULL_THUNK_DATA 1002d044     kernel32:KERNEL32.dll
 0002:00000048       __imp___except_handler4_common 1002d048     MSVCRT:MSVCR100.dll
 0002:0000004c       __imp___onexit             1002d04c     MSVCRT:MSVCR100.dll
 0002:00000050       __imp___lock               1002d050     MSVCRT:MSVCR100.dll
 0002:00000054       __imp____dllonexit         1002d054     MSVCRT:MSVCR100.dll
 0002:00000058       __imp___unlock             1002d058     MSVCRT:MSVCR100.dll
 0002:0000005c       __imp____clean_type_info_names_internal 1002d05c     MSVCRT:MSVCR100.dll
 0002:00000060       __imp___crt_debugger_hook  1002d060     MSVCRT:MSVCR100.dll
 0002:00000064       __imp____CppXcptFilter     1002d064     MSVCRT:MSVCR100.dll
 0002:00000068       __imp___amsg_exit          1002d068     MSVCRT:MSVCR100.dll
 0002:0000006c       __imp___initterm_e         1002d06c     MSVCRT:MSVCR100.dll
 0002:00000070       __imp___initterm           1002d070     MSVCRT:MSVCR100.dll
 0002:00000074       __imp___encoded_null       1002d074     MSVCRT:MSVCR100.dll
 0002:00000078       __imp___malloc_crt         1002d078     MSVCRT:MSVCR100.dll
 0002:0000007c       __imp__ldexp               1002d07c     MSVCRT:MSVCR100.dll
 0002:00000080       __imp___setjmp3            1002d080     MSVCRT:MSVCR100.dll
 0002:00000084       __imp__strrchr             1002d084     MSVCRT:MSVCR100.dll
 0002:00000088       __imp__ceil                1002d088     MSVCRT:MSVCR100.dll
 0002:0000008c       __imp__strncmp             1002d08c     MSVCRT:MSVCR100.dll
 0002:00000090       __imp__longjmp             1002d090     MSVCRT:MSVCR100.dll
 0002:00000094       __imp__strncpy             1002d094     MSVCRT:MSVCR100.dll
 0002:00000098       __imp__memcpy              1002d098     MSVCRT:MSVCR100.dll
 0002:0000009c       __imp__strcat              1002d09c     MSVCRT:MSVCR100.dll
 0002:000000a0       __imp__malloc              1002d0a0     MSVCRT:MSVCR100.dll
 0002:000000a4       __imp__sprintf             1002d0a4     MSVCRT:MSVCR100.dll
 0002:000000a8       __imp__free                1002d0a8     MSVCRT:MSVCR100.dll
 0002:000000ac       __imp__strcmp              1002d0ac     MSVCRT:MSVCR100.dll
 0002:000000b0       __imp__memset              1002d0b0     MSVCRT:MSVCR100.dll
 0002:000000b4       __imp__strlen              1002d0b4     MSVCRT:MSVCR100.dll
 0002:000000b8       \177MSVCR100_NULL_THUNK_DATA 1002d0b8     MSVCRT:MSVCR100.dll
 0002:000000bc       __imp__emlrtIsEnumR2009a   1002d0bc     libemlrt:libemlrt.dll
 0002:000000c0       __imp__emlrtGetEnumUnderlyingArrayR2009a 1002d0c0     libemlrt:libemlrt.dll
 0002:000000c4       __imp__emlrtTranslateUTF16MessagetoLCPstring 1002d0c4     libemlrt:libemlrt.dll
 0002:000000c8       __imp__emlrtForLoopVectorIsValidR2011b 1002d0c8     libemlrt:libemlrt.dll
 0002:000000cc       __imp__emlrtTranslateMessageIDtoLCPstring 1002d0cc     libemlrt:libemlrt.dll
 0002:000000d0       __imp__emlrtExtractMessageId 1002d0d0     libemlrt:libemlrt.dll
 0002:000000d4       __imp__emlrtNameCapturePostProcessR2012a 1002d0d4     libemlrt:libemlrt.dll
 0002:000000d8       __imp__emlrtImportVsFiArrayR2009b 1002d0d8     libemlrt:libemlrt.dll
 0002:000000dc       __imp__emlrtCreateReference 1002d0dc     libemlrt:libemlrt.dll
 0002:000000e0       __imp__emlrtGetEnumElementR2009a 1002d0e0     libemlrt:libemlrt.dll
 0002:000000e4       __imp__emlrtCreateEnumR2012b 1002d0e4     libemlrt:libemlrt.dll
 0002:000000e8       __imp__emlrtCheckEnumR2012b 1002d0e8     libemlrt:libemlrt.dll
 0002:000000ec       __imp__emlrtCheckVsBuiltInR2012b 1002d0ec     libemlrt:libemlrt.dll
 0002:000000f0       __imp__emlrtCheckBuiltInR2012b 1002d0f0     libemlrt:libemlrt.dll
 0002:000000f4       __imp__emlrtDestroyRootTLS 1002d0f4     libemlrt:libemlrt.dll
 0002:000000f8       __imp__emlrtCreateRootTLS  1002d0f8     libemlrt:libemlrt.dll
 0002:000000fc       \177libemlrt_NULL_THUNK_DATA 1002d0fc     libemlrt:libemlrt.dll
 0002:00000100       __imp__ssRegisterDataTypeFxpScaledDouble 1002d100     libfixedpoint:libfixedpoint.dll
 0002:00000104       __imp__ssRegisterDataTypeFxpFSlopeFixExpBias 1002d104     libfixedpoint:libfixedpoint.dll
 0002:00000108       \177libfixedpoint_NULL_THUNK_DATA 1002d108     libfixedpoint:libfixedpoint.dll
 0002:0000010c       __imp__mexLock             1002d10c     libmex:libmex.dll
 0002:00000110       __imp__mexMakeMemoryPersistent 1002d110     libmex:libmex.dll
 0002:00000114       __imp__mexFunctionName     1002d114     libmex:libmex.dll
 0002:00000118       __imp__mexGetVariable      1002d118     libmex:libmex.dll
 0002:0000011c       __imp__mexPutVariable      1002d11c     libmex:libmex.dll
 0002:00000120       __imp__mexSetTrapFlag      1002d120     libmex:libmex.dll
[...]
 0001:00007f10       _sfIsRowVector             10008f10 f   sfc_mexmsvc80:sfc_mex.obj
 0001:00008040       _sf_ExtractMessageId       10009040 f   sfc_mexmsvc80:sfc_mex.obj
 0001:00008290       _sf_mex_err                10009290 f   sfc_mexmsvc80:sfc_mex.obj
 0001:00008320       _sf_error_dimension_out_of_bound 10009320 f   sfc_mexmsvc80:sfc_mex.obj
 0001:000083c0       _sf_mex_check_and_set_actual_dimensions 100093c0 f   sfc_mexmsvc80:sfc_mex.obj
 0001:00008540       _sf_mex_check_complex      10009540 f   sfc_mexmsvc80:sfc_mex.obj
 0001:000085b0       _sf_mex_check_sparse       100095b0 f   sfc_mexmsvc80:sfc_mex.obj
 0001:000085f0       _sf_mex_check_numerictype  100095f0 f   sfc_mexmsvc80:sfc_mex.obj
 0001:00008680       _sf_mex_check_fimath       10009680 f   sfc_mexmsvc80:sfc_mex.obj
 0001:00008d80       _size_mismatch_error       10009d80 f   sfc_mexmsvc80:sfc_mex.obj
 0001:000095d0       _check_array_dimensions    1000a5d0 f   sfc_mexmsvc80:sfc_mex.obj
 0001:00009620       _check_input_mxarray       1000a620 f   sfc_mexmsvc80:sfc_mex.obj
 0001:00009cc0       _sf_numeric_value_to_double 1000acc0 f   sfc_mexmsvc80:sfc_mex.obj
 0001:00009d00       _ml_generic_out_of_bounds_check 1000ad00 f   sfc_mexmsvc80:sfc_mex.obj
 0001:00009e90       _ml_get_element_value_from_array 1000ae90 f   sfc_mexmsvc80:sfc_mex.obj
 0001:0000a360       __ml_generic_castability_check 1000b360 f   sfc_mexmsvc80:sfc_mex.obj
 0001:0000abf0       _ml_generic_castability_check 1000bbf0 f   sfc_mexmsvc80:sfc_mex.obj
 0001:0000ac50       _ml_check_mx_array_for_single_castability 1000bc50 f   sfc_mexmsvc80:sfc_mex.obj
 0001:0000acc0       _ml_check_mx_array_for_logical_castability 1000bcc0 f   sfc_mexmsvc80:sfc_mex.obj
 0001:0000ad20       _ml_check_mx_array_for_int8_castability 1000bd20 f   sfc_mexmsvc80:sfc_mex.obj
 0001:0000adb0       _ml_check_mx_array_for_uint8_castability 1000bdb0 f   sfc_mexmsvc80:sfc_mex.obj
 0001:0000ae20       _ml_check_mx_array_for_int16_castability 1000be20 f   sfc_mexmsvc80:sfc_mex.obj
 0001:0000ae90       _ml_check_mx_array_for_uint16_castability 1000be90 f   sfc_mexmsvc80:sfc_mex.obj
 0001:0000af00       _ml_check_mx_array_for_int32_castability 1000bf00 f   sfc_mexmsvc80:sfc_mex.obj
 0001:0000af70       _ml_check_mx_array_for_uint32_castability 1000bf70 f   sfc_mexmsvc80:sfc_mex.obj
 0001:0000afe0       _ml_check_mx_array_for_castability 1000bfe0 f   sfc_mexmsvc80:sfc_mex.obj
 0001:0000b670       _set_data_value            1000c670 f   sfc_mexmsvc80:sfc_mex.obj
 0001:0000bb40       _get_data_value            1000cb40 f   sfc_mexmsvc80:sfc_mex.obj
 0001:0000bc40       _get_next_element_address  1000cc40 f   sfc_mexmsvc80:sfc_mex.obj
 0001:0000bce0       _sf_normalize_index        1000cce0 f   sfc_mexmsvc80:sfc_mex.obj
 0001:0000bf70       _ml_array_index_bound_check 1000cf70 f   sfc_mexmsvc80:sfc_mex.obj
 0001:0000c860       _mx_value                  1000d860 f   sfc_mexmsvc80:sfc_mex.obj
 0001:0000c8b0       _sf_create_numeric_array   1000d8b0 f   sfc_mexmsvc80:sfc_mex.obj
 0001:0000c930       _sf_mex_assign_to_mx_array 1000d930 f   sfc_mexmsvc80:sfc_mex.obj
 0001:0000cb90       _assign_from_mx_array      1000db90 f   sfc_mexmsvc80:sfc_mex.obj
 0001:0000d350       _sf_mex_import_v           1000e350 f   sfc_mexmsvc80:sfc_mex.obj
 0001:0000d810       _get_machine_and_chart_file_number 1000e810 f   sfc_mexmsvc80:sfc_sf.obj
 0001:0000d8d0       _get_sfun_block_specialization 1000e8d0 f   sfc_mexmsvc80:sfc_sf.obj
 0001:0000d950       _call_sf_machine_global_method_dispatcher 1000e950 f   sfc_mexmsvc80:sfc_sf.obj
 0001:0000db10       _mdl_zeroCrossings_processing 1000eb10 f   sfc_mexmsvc80:sfc_sf.obj
 0001:0000dbc0       _mdl_derivatives_processing 1000ebc0 f   sfc_mexmsvc80:sfc_sf.obj
 0001:0000de40       _mdl_outputs_continuous_legacy 1000ee40 f   sfc_mexmsvc80:sfc_sf.obj
 0001:0000dec0       _mdl_outputs_processing    1000eec0 f   sfc_mexmsvc80:sfc_sf.obj
 0001:0000e0f0       _mdl_enable_processing     1000f0f0 f   sfc_mexmsvc80:sfc_sf.obj
 0001:0000e1a0       _mdl_disable_processing    1000f1a0 f   sfc_mexmsvc80:sfc_sf.obj
 0001:0000ed10       _sf_call_output_fcn_enable_disable 1000fd10 f   sfc_mexmsvc80:sfc_sf.obj
 0001:0000ef30       _set_dwork_information_from_mx_array 1000ff30 f   sfc_mexmsvc80:sfc_sf.obj
 0001:0000f8d0       _ptr2mxStruct              100108d0 f   sfc_mexmsvc80:sfc_sf.obj
 0001:0000faf0       _SNPRINTF_WRAPPER          10010af0 f   sfc_debugmsvc80:sfcdebug.obj
 0001:0000fb30       _sf_debug_chart_instance_initialized 10010b30 f   sfc_debugmsvc80:sfcdebug.obj
 0001:0000fcb0       _sfrtAddSize               10010cb0 f   sfc_debugmsvc80:sfcdebug.obj
 0001:0000fd60       _sfrtGenSizeString         10010d60 f   sfc_debugmsvc80:sfcdebug.obj
 0001:00010210       _fill_single_message_info  10011210 f   sfc_debugmsvc80:sfcdebug.obj
 0001:00010370       _sf_debug_sim_status_listener 10011370 f   sfc_debugmsvc80:sfcdebug.obj
 0001:00010840       _sf_debug_form_mask_bits   10011840 f   sfc_debugmsvc80:sfcdebug.obj
 0001:00010880       _sf_debug_form_sf_data_type_offsets 10011880 f   sfc_debugmsvc80:sfcdebug.obj
 0001:00010910       _sf_debug_free_all         10011910 f   sfc_debugmsvc80:sfcdebug.obj
 0001:00010ab0       _sf_debug_append_debugger_context 10011ab0 f   sfc_debugmsvc80:sfcdebug.obj
 0001:00010e10       _local_strdup              10011e10 f   sfc_debugmsvc80:sfcdebug.obj
 0001:00011b10       _sf_debug_em_terminate     10012b10 f   sfc_debugmsvc80:sfcdebug.obj
 0001:00011b50       _sf_debug_push_eml_function 10012b50 f   sfc_debugmsvc80:sfcdebug.obj
 0001:00011be0       _sf_debug_pop_eml_function 10012be0 f   sfc_debugmsvc80:sfcdebug.obj
 0001:000124b0       _sf_debug_get_machine_number_from_id_or_name 100134b0 f   sfc_debugmsvc80:sfcdebug.obj
 0001:00012610       _sf_debug_get_chart_number_from_id 10013610 f   sfc_debugmsvc80:sfcdebug.obj
 0001:00013020       _sf_debug_transfer_control_to_debugger_GUI 10014020 f   sfc_debugmsvc80:sfcdebug.obj
 0001:00013e70       _sf_debug_scripts_rehash   10014e70 f   sfc_debugmsvc80:sfcdebug.obj
 0001:00014020       _sf_debug_get_script_line_count 10015020 f   sfc_debugmsvc80:sfcdebug.obj
 0001:000146d0       _cv_eml_state_cvId         100156d0 f   sfc_debugmsvc80:sfcdebug.obj
 0001:00014720       _cv_eml_trans_cvId         10015720 f   sfc_debugmsvc80:sfcdebug.obj
 0001:00015590       _sf_debug_data_array_bounds_error 10016590 f   sfc_debugmsvc80:sfcdebug.obj
 0001:000158a0       _eml_debug_runtime_error_doclink 100168a0 f   sfc_debugmsvc80:sfcdebug.obj
 0001:000159d0       _sf_debug_runtime_error    100169d0 f   sfc_debugmsvc80:sfcdebug.obj
 0001:00015a20       _sf_debug_matlab_error     10016a20 f   sfc_debugmsvc80:sfcdebug.obj
 0001:00015ff0       _sf_debug_data_value_error 10016ff0 f   sfc_debugmsvc80:sfcdebug.obj
 0001:00016610       _sf_debug_data_loss_error  10017610 f   sfc_debugmsvc80:sfcdebug.obj
 0001:00017180       _call_cv_range_check       10018180 f   sfc_debugmsvc80:sfcdebug.obj
 0001:00017720       _sf_debug_invoke_cycle_detection_code 10018720 f   sfc_debugmsvc80:sfcdebug.obj
 0001:000180a0       _sf_reset_debug_info_struct 100190a0 f   sfc_debugmsvc80:sfcdebug.obj
 0001:00018700       _cv_script_cvId            10019700 f   sfc_debugmsvc80:sfcdebug.obj
 0001:00019160       _sfc_api_chart_visible     1001a160 f   sfc_debugmsvc80:sfc_api.obj
 0001:00019220       _sfc_api_active_instance   1001a220 f   sfc_debugmsvc80:sfc_api.obj
 0001:000192c0       _sfc_api_machine_load      1001a2c0 f   sfc_debugmsvc80:sfc_api.obj
 0001:000193d0       _sfc_api_debugger_alive    1001a3d0 f   sfc_debugmsvc80:sfc_api.obj
 0001:000193f0       _sfc_api_go                1001a3f0 f   sfc_debugmsvc80:sfc_api.obj
 0001:00019410       _sfc_api_step_over         1001a410 f   sfc_debugmsvc80:sfc_api.obj
 0001:00019430       _sfc_api_step_out          1001a430 f   sfc_debugmsvc80:sfc_api.obj
 0001:00019450       _sfc_api_resume            1001a450 f   sfc_debugmsvc80:sfc_api.obj
 0001:00019470       _sfc_api_break             1001a470 f   sfc_debugmsvc80:sfc_api.obj
 0001:00019490       _sfc_api_stop_debugging    1001a490 f   sfc_debugmsvc80:sfc_api.obj
 0001:000194e0       _sfc_api_is_cycle_detected 1001a4e0 f   sfc_debugmsvc80:sfc_api.obj
 0001:00019530       _sfc_api_is_array_bounds_detected 1001a530 f   sfc_debugmsvc80:sfc_api.obj
 0001:00019580       _sfc_api_set_disable_all_breakpoints 1001a580 f   sfc_debugmsvc80:sfc_api.obj
 0001:00019610       _sfc_api_disable_all_breakpoints_and_go 1001a610 f   sfc_debugmsvc80:sfc_api.obj
 0001:00019630       _sfc_api_close             1001a630 f   sfc_debugmsvc80:sfc_api.obj
 0001:00019650       _sfc_api_browse_data       1001a650 f   sfc_debugmsvc80:sfc_api.obj
 0001:000196d0       _sfc_api_watch_data        1001a6d0 f   sfc_debugmsvc80:sfc_api.obj
 0001:000197d0       _sfc_api_extract_message_post_receive_info 1001a7d0 f   sfc_debugmsvc80:sfc_api.obj
 0001:000197f0       _sfc_api_assign_data       1001a7f0 f   sfc_debugmsvc80:sfc_api.obj
 0001:00019870       _sfc_api_whos              1001a870 f   sfc_debugmsvc80:sfc_api.obj
 0001:00019900       _sfc_api_get_consistency_info 1001a900 f   sfc_debugmsvc80:sfc_api.obj
 0001:00019920       _sfc_api_browse_trace      1001a920 f   sfc_debugmsvc80:sfc_api.obj
 0001:00019940       _sfc_api_break_on_chart_entry 1001a940 f   sfc_debugmsvc80:sfc_api.obj
 0001:00019980       _sfc_api_break_on_event_broadcast 1001a980 f   sfc_debugmsvc80:sfc_api.obj
 0001:000199c0       _sfc_api_break_on_state_entry 1001a9c0 f   sfc_debugmsvc80:sfc_api.obj
 0001:00019a00       _sfc_api_set_watch         1001aa00 f   sfc_debugmsvc80:sfc_api.obj
 0001:00019ae0       _sfc_api_set_breakpoints   1001aae0 f   sfc_debugmsvc80:sfc_api.obj
 0001:00019bc0       _sfc_api_set_eml_breakpoints 1001abc0 f   sfc_debugmsvc80:sfc_api.obj
 0001:00019c70       _sfc_api_set_script_breakpoints 1001ac70 f   sfc_debugmsvc80:sfc_api.obj
 0001:00019ce0       _sfc_api_add_script_breakpoints 1001ace0 f   sfc_debugmsvc80:sfc_api.obj
 0001:00019d50       _sfc_api_clear_script_breakpoints 1001ad50 f   sfc_debugmsvc80:sfc_api.obj
 0001:00019dc0       _sfc_api_query_script_breakpoints 1001adc0 f   sfc_debugmsvc80:sfc_api.obj
 0001:00019e30       _sfc_api_get_script_id     1001ae30 f   sfc_debugmsvc80:sfc_api.obj
 0001:00019ed0       _sfc_api_get_active_states 1001aed0 f   sfc_debugmsvc80:sfc_api.obj
 0001:00019f40       _sfc_api_break_between_times 1001af40 f   sfc_debugmsvc80:sfc_api.obj
 0001:00019fa0       _sfc_api_get_instance_handle 1001afa0 f   sfc_debugmsvc80:sfc_api.obj
 0001:0001a080       _sfc_api_set_animation     1001b080 f   sfc_debugmsvc80:sfc_api.obj
 0001:0001a0e0       _sfc_api_select_chart      1001b0e0 f   sfc_debugmsvc80:sfc_api.obj
 0001:0001a170       _sfc_api_select_charts     1001b170 f   sfc_debugmsvc80:sfc_api.obj
 0001:0001a1a0       _sfc_api_cycle_detection_check 1001b1a0 f   sfc_debugmsvc80:sfc_api.obj
 0001:0001a200       _sfc_api_data_range_check  1001b200 f   sfc_debugmsvc80:sfc_api.obj
 0001:0001a260       _sfc_api_transition_conflict_check 1001b260 f   sfc_debugmsvc80:sfc_api.obj
 0001:0001a2c0       _sfc_api_state_consistency_check 1001b2c0 f   sfc_debugmsvc80:sfc_api.obj
 0001:0001a320       _sfc_api_set_instance_cv_ids 1001b320 f   sfc_debugmsvc80:sfc_api.obj
 0001:0001a450       _sfc_api_set_script_cv_ids 1001b450 f   sfc_debugmsvc80:sfc_api.obj
 0001:0001a520       _sfc_api_get_current_machine_id 1001b520 f   sfc_debugmsvc80:sfc_api.obj
 0001:0001a560       _sfc_api_get_current_machine_number 1001b560 f   sfc_debugmsvc80:sfc_api.obj
 0001:0001a5a0       _sfc_api_get_current_chart_number 1001b5a0 f   sfc_debugmsvc80:sfc_api.obj
 0001:0001a5e0       _sfc_api_get_current_instance_number 1001b5e0 f   sfc_debugmsvc80:sfc_api.obj
 0001:0001a620       _sfc_api_get_current_instance_handle 1001b620 f   sfc_debugmsvc80:sfc_api.obj
 0001:0001a640       _sfc_api_get_current_is_minor_time_step 1001b640 f   sfc_debugmsvc80:sfc_api.obj
 0001:0001a680       _sfc_api_get_current_machine_name 1001b680 f   sfc_debugmsvc80:sfc_api.obj
 0001:0001a6a0       _sfc_api_get_current_chart_id 1001b6a0 f   sfc_debugmsvc80:sfc_api.obj
 0001:0001a6e0       _sfc_api_get_current_object_type 1001b6e0 f   sfc_debugmsvc80:sfc_api.obj
 0001:0001a720       _sfc_api_get_current_event_type 1001b720 f   sfc_debugmsvc80:sfc_api.obj
 0001:0001a760       _sfc_api_get_current_object_id 1001b760 f   sfc_debugmsvc80:sfc_api.obj
 0001:0001a7a0       _sfc_get_current_active_event_type 1001b7a0 f   sfc_debugmsvc80:sfc_api.obj
 0001:0001a7e0       _sfc_api_get_current_active_event_id 1001b7e0 f   sfc_debugmsvc80:sfc_api.obj
 0001:0001a820       _sfc_api_get_current_simulation_time 1001b820 f   sfc_debugmsvc80:sfc_api.obj
 0001:0001a840       _sfc_get_current_tag_type  1001b840 f   sfc_debugmsvc80:sfc_api.obj
 0001:0001a880       _sfc_get_current_coverage_percentage 1001b880 f   sfc_debugmsvc80:sfc_api.obj
 0001:0001a8a0       _sfc_get_current_statement_context 1001b8a0 f   sfc_debugmsvc80:sfc_api.obj
 0001:0001a8c0       _sfc_get_current_optional_integer 1001b8c0 f   sfc_debugmsvc80:sfc_api.obj
 0001:0001a8f0       _sfc_get_current_statement_info 1001b8f0 f   sfc_debugmsvc80:sfc_api.obj
 0001:0001a990       _sfc_api_get               1001b990 f   sfc_debugmsvc80:sfc_api.obj
 0001:0001b3e0       _sf_debug_sm_fill_state_activity_data 1001c3e0 f   sfc_debugmsvc80:sfdb_animation.obj
 0001:0001d6b0       _void_ptr_stack_vector_free_total 1001e6b0 f   sfc_debugmsvc80:sfdb_data_browse.obj
 0001:0001d710       _sf_debug_st_terminate_machine 1001e710 f   sfc_debugmsvc80:sfdb_data_browse.obj
 0001:0001d740       _sf_debug_st_terminate_instance 1001e740 f   sfc_debugmsvc80:sfdb_data_browse.obj
 0001:0001d8c0       _push_on_to_void_ptr_stack 1001e8c0 f   sfc_debugmsvc80:sfdb_data_browse.obj
 0001:0001d9f0       _pop_from_void_ptr_stack   1001e9f0 f   sfc_debugmsvc80:sfdb_data_browse.obj
 0001:0001daf0       _sf_debug_st_get_data_value 1001eaf0 f   sfc_debugmsvc80:sfdb_data_browse.obj
 0001:0001df90       _mx_value                  1001ef90 f   sfc_debugmsvc80:sfdb_data_browse.obj
 0001:0001dfc0       _sf_debug_st_fill_data_struct 1001efc0 f   sfc_debugmsvc80:sfdb_data_browse.obj
 0001:0001e290       _data_type_format_strings  1001f290 f   sfc_debugmsvc80:sfdb_data_browse.obj
 0001:0001e300       _sf_debug_st_fill_data     1001f300 f   sfc_debugmsvc80:sfdb_data_browse.obj
 0001:0001ed00       _sf_debug_hm_get_simulink_handle 1001fd00 f   sfc_debugmsvc80:sfdb_handle_management.obj
 0001:0001f680       _sf_debug_hm_initialize_globals 10020680 f   sfc_debugmsvc80:sfdb_handle_management.obj
 0001:0001f770       _sf_debug_hm_get_machine_debug_flag 10020770 f   sfc_debugmsvc80:sfdb_handle_management.obj
 0001:0001f8c0       _sf_debug_hm_get_machine_id 100208c0 f   sfc_debugmsvc80:sfdb_handle_management.obj
 0001:0001f9d0       _sf_debug_hm_get_chart_id  100209d0 f   sfc_debugmsvc80:sfdb_handle_management.obj
 0001:0001fb40       _sf_debug_hm_register_executing_SFunction 10020b40 f   sfc_debugmsvc80:sfdb_handle_management.obj
 0001:0001fe40       _sf_debug_hm_form_object_boolean_properties 10020e40 f   sfc_debugmsvc80:sfdb_handle_management.obj
 0001:000200b0       _sf_debug_hm_form_object_properties 100210b0 f   sfc_debugmsvc80:sfdb_handle_management.obj
 0001:000202b0       _sf_debug_hm_terminate_charts 100212b0 f   sfc_debugmsvc80:sfdb_handle_management.obj
 0001:000208d0       _sf_debug_hm_terminate_machines 100218d0 f   sfc_debugmsvc80:sfdb_handle_management.obj
 0001:000220f0       _sf_debug_ss_copy_dimension 100230f0 f   sfc_debugmsvc80:sfdb_symbol_scope.obj
 0001:00022160       _sf_debug_ss_get_number_elements 10023160 f   sfc_debugmsvc80:sfdb_symbol_scope.obj
 0001:00022180       _sf_debug_ss_fill_data_struct 10023180 f   sfc_debugmsvc80:sfdb_symbol_scope.obj
 0001:00022370       _sf_debug_ss_reset_data_info 10023370 f   sfc_debugmsvc80:sfdb_symbol_scope.obj
 0001:000223c0       _sf_debug_fill_data_info_by_symbol_scope_entry 100233c0 f   sfc_debugmsvc80:sfdb_symbol_scope.obj
 0001:00022470       _sf_debug_fill_data_info_by_data_vector 10023470 f   sfc_debugmsvc80:sfdb_symbol_scope.obj
 0001:00022630       _get_data_info_helper      10023630 f   sfc_debugmsvc80:sfdb_symbol_scope.obj
 0001:000226b0       _sf_debug_ss_get_data_info 100236b0 f   sfc_debugmsvc80:sfdb_symbol_scope.obj
 0001:00022860       _sf_debug_select_mex_function 10023860 f   sfc_debugmsvc80:sfdb_symbol_scope.obj
 0001:00022890       _sf_debug_is_dyn_matrix_initialized 10023890 f   sfc_debugmsvc80:sfdb_symbol_scope.obj
 0001:000228b0       _sf_debug_ss_set_data_value_try 100238b0 f   sfc_debugmsvc80:sfdb_symbol_scope.obj
 0001:000229e0       _sf_debug_ss_get_data_value 100239e0 f   sfc_debugmsvc80:sfdb_symbol_scope.obj
 0001:00022f10       _sf_debug_ss_data_bytes_string 10023f10 f   sfc_debugmsvc80:sfdb_symbol_scope.obj
 0001:00022f80       _sf_debug_ss_data_class_string 10023f80 f   sfc_debugmsvc80:sfdb_symbol_scope.obj
 0001:000232d0       _sf_debug_ss_data_size_string 100242d0 f   sfc_debugmsvc80:sfdb_symbol_scope.obj
 0001:00023390       _sf_debug_ss_data_create_data_info_struct 10024390 f   sfc_debugmsvc80:sfdb_symbol_scope.obj
 0001:000235f0       _sf_debug_ss_data_create_name_value_pair 100245f0 f   sfc_debugmsvc80:sfdb_symbol_scope.obj
 0001:00023650       _sf_debug_ss_data_get_whos_info 10024650 f   sfc_debugmsvc80:sfdb_symbol_scope.obj
 0001:00023680       _same_named_data_in_data_array 10024680 f   sfc_debugmsvc80:sfdb_symbol_scope.obj
 0001:00024b10       _sf_debug_cc_terminate_chart 10025b10 f   sfc_debugmsvc80:sfdb_coverage.obj
 0001:00024e20       _sf_debug_cc_terminate_instance 10025e20 f   sfc_debugmsvc80:sfdb_coverage.obj
 0001:00025850       _sf_debug_cc_mark_object_if_needed 10026850 f   sfc_debugmsvc80:sfdb_coverage.obj
 0001:00025fd0       _sf_debug_bm_initialize_eml 10026fd0 f   sfc_debugmsvc80:sfdb_breakpoints.obj
 0001:00026fa0       _sf_debug_bm_map_debug_tag_to_breakpoint_tag 10027fa0 f   sfc_debugmsvc80:sfdb_breakpoints.obj
 0001:00027040       _sf_debug_bm_is_a_eml_breakpoint_impl 10028040 f   sfc_debugmsvc80:sfdb_breakpoints.obj
 0001:000286a0       _sf_debug_sc_push_on_error_stack 100296a0 f   sfc_debugmsvc80:sfdb_state_consistency.obj
 0001:000287a0       _sf_debug_sc_reset_error_stack 100297a0 f   sfc_debugmsvc80:sfdb_state_consistency.obj
 0001:000288f0       _sf_debug_sc_is_state_inconsistent 100298f0 f   sfc_debugmsvc80:sfdb_state_consistency.obj
 0001:00028b10       _sf_debug_sc_fill_consistency_info 10029b10 f   sfc_debugmsvc80:sfdb_state_consistency.obj
 0001:00028fa0       _void_assertion_fcn        10029fa0 f   sfc_debugmsvc80:sfdb_call_stack.obj
 0001:00029480       _sf_debug_tm_fill_local_trace 1002a480 f   sfc_debugmsvc80:sfdb_call_stack.obj
 0001:00029900       _sf_debug_cd_terminate_instance 1002a900 f   sfc_debugmsvc80:sfdb_cycle_detection.obj
 0001:00029960       _sf_debug_cd_free_checksum_stack 1002a960 f   sfc_debugmsvc80:sfdb_cycle_detection.obj
 0001:00029990       _sf_debug_cd_reset_pack_strings 1002a990 f   sfc_debugmsvc80:sfdb_cycle_detection.obj
 0001:00029fd0       _md5file_clear             1002afd0 f   sfc_debugmsvc80:ckmd5.obj
 0001:0002a000       _Encode                    1002b000 f   sfc_debugmsvc80:ckmd5.obj
 0001:0002a040       _Decode                    1002b040 f   sfc_debugmsvc80:ckmd5.obj
 0001:0002a0c0       _MD5Transform              1002b0c0 f   sfc_debugmsvc80:ckmd5.obj
 0001:0002a780       _md5file_addn              1002b780 f   sfc_debugmsvc80:ckmd5.obj
 0001:0002a830       _md5file_hash              1002b830 f   sfc_debugmsvc80:ckmd5.obj
 0001:0002ace9       _pre_c_init                1002bce9 f   MSVCRT:crtdll.obj
 0001:0002af41       ___DllMainCRTStartup       1002bf41 f   MSVCRT:crtdll.obj
